Component: ARM Compiler 5.06 update 6 (build 750) Tool: armlink [4d35ed]

==============================================================================

Section Cross References

    system_stm32f10x.o(.text) refers to system_stm32f10x.o(.data) for .data
    startup_stm32f10x_md.o(RESET) refers to startup_stm32f10x_md.o(STACK) for __initial_sp
    startup_stm32f10x_md.o(RESET) refers to startup_stm32f10x_md.o(.text) for Reset_Handler
    startup_stm32f10x_md.o(RESET) refers to stm32f10x_it.o(.text) for NMI_Handler
    startup_stm32f10x_md.o(RESET) refers to ads1292.o(.text) for EXTI9_5_IRQHandler
    startup_stm32f10x_md.o(RESET) refers to timer.o(.text) for TIM2_IRQHandler
    startup_stm32f10x_md.o(RESET) refers to usart.o(.text) for USART1_IRQHandler
    startup_stm32f10x_md.o(.text) refers to system_stm32f10x.o(.text) for SystemInit
    startup_stm32f10x_md.o(.text) refers to entry.o(.ARM.Collect$$$$00000000) for __main
    stm32f10x_gpio.o(.text) refers to stm32f10x_rcc.o(.text) for RCC_APB2PeriphResetCmd
    stm32f10x_rcc.o(.text) refers to stm32f10x_rcc.o(.data) for .data
    stm32f10x_usart.o(.text) refers to stm32f10x_rcc.o(.text) for RCC_APB2PeriphResetCmd
    stm32f10x_adc.o(.text) refers to stm32f10x_rcc.o(.text) for RCC_APB2PeriphResetCmd
    stm32f10x_bkp.o(.text) refers to stm32f10x_rcc.o(.text) for RCC_BackupResetCmd
    stm32f10x_can.o(.text) refers to stm32f10x_rcc.o(.text) for RCC_APB1PeriphResetCmd
    stm32f10x_dac.o(.text) refers to stm32f10x_rcc.o(.text) for RCC_APB1PeriphResetCmd
    stm32f10x_i2c.o(.text) refers to stm32f10x_rcc.o(.text) for RCC_APB1PeriphResetCmd
    stm32f10x_pwr.o(.text) refers to stm32f10x_rcc.o(.text) for RCC_APB1PeriphResetCmd
    stm32f10x_spi.o(.text) refers to stm32f10x_rcc.o(.text) for RCC_APB2PeriphResetCmd
    stm32f10x_tim.o(.text) refers to stm32f10x_rcc.o(.text) for RCC_APB1PeriphResetCmd
    stm32f10x_wwdg.o(.text) refers to stm32f10x_rcc.o(.text) for RCC_APB1PeriphResetCmd
    stm32f10x_cec.o(.text) refers to stm32f10x_rcc.o(.text) for RCC_APB1PeriphResetCmd
    main.o(.text) refers to system_stm32f10x.o(.text) for SystemInit
    main.o(.text) refers to delay.o(.text) for delay_init
    main.o(.text) refers to usart.o(.text) for uart1_init
    main.o(.text) refers to stm32f10x_usart.o(.text) for USART_DMACmd
    main.o(.text) refers to led.o(.text) for LED_Init
    main.o(.text) refers to ads1292.o(.text) for ADS1292_Init
    main.o(.text) refers to printfa.o(i.__0printf) for __2printf
    main.o(.text) refers to timer.o(.text) for TIM2_Init
    main.o(.text) refers to ffltui.o(.text) for __aeabi_ui2f
    main.o(.text) refers to fmul.o(.text) for __aeabi_fmul
    main.o(.text) refers to fadd.o(.text) for __aeabi_fadd
    main.o(.text) refers to ffixi.o(.text) for __aeabi_f2iz
    main.o(.text) refers to findpeaks.o(.text) for maxim_peaks_above_min_height
    main.o(.text) refers to bpm.o(.text) for bpm_calculate
    main.o(.text) refers to fflti.o(.text) for __aeabi_i2f
    main.o(.text) refers to main.o(.bss) for .bss
    main.o(.text) refers to main.o(.data) for .data
    main.o(.text) refers to ads1292.o(.data) for ads1292_recive_flag
    main.o(.text) refers to ads1292.o(.bss) for ads1292_Cache
    delay.o(.text) refers to misc.o(.text) for SysTick_CLKSourceConfig
    delay.o(.text) refers to system_stm32f10x.o(.data) for SystemCoreClock
    delay.o(.text) refers to delay.o(.data) for .data
    usart.o(.text) refers to stm32f10x_rcc.o(.text) for RCC_APB2PeriphClockCmd
    usart.o(.text) refers to stm32f10x_gpio.o(.text) for GPIO_Init
    usart.o(.text) refers to misc.o(.text) for NVIC_PriorityGroupConfig
    usart.o(.text) refers to stm32f10x_usart.o(.text) for USART_Init
    usart.o(.text) refers to printfa.o(i.__0vsprintf) for vsprintf
    usart.o(.text) refers to strlen.o(.text) for strlen
    usart.o(.text) refers to usart.o(.data) for .data
    usart.o(.text) refers to usart.o(.bss) for .bss
    spi.o(.text) refers to stm32f10x_rcc.o(.text) for RCC_APB2PeriphClockCmd
    spi.o(.text) refers to stm32f10x_gpio.o(.text) for GPIO_Init
    spi.o(.text) refers to stm32f10x_spi.o(.text) for SPI_Init
    timer.o(.text) refers to stm32f10x_rcc.o(.text) for RCC_APB1PeriphClockCmd
    timer.o(.text) refers to stm32f10x_tim.o(.text) for TIM_TimeBaseInit
    timer.o(.text) refers to misc.o(.text) for NVIC_PriorityGroupConfig
    dma.o(.text) refers to delay.o(.text) for delay_ms
    led.o(.text) refers to stm32f10x_rcc.o(.text) for RCC_APB2PeriphClockCmd
    led.o(.text) refers to stm32f10x_gpio.o(.text) for GPIO_Init
    ads1292.o(.text) refers to spi.o(.text) for SPI2_ReadWriteByte
    ads1292.o(.text) refers to delay.o(.text) for delay_us
    ads1292.o(.text) refers to printfa.o(i.__0printf) for __2printf
    ads1292.o(.text) refers to stm32f10x_rcc.o(.text) for RCC_APB2PeriphClockCmd
    ads1292.o(.text) refers to stm32f10x_gpio.o(.text) for GPIO_Init
    ads1292.o(.text) refers to stm32f10x_exti.o(.text) for EXTI_ClearITPendingBit
[...]
    printf8.o(i.__0printf$8) refers to stdout.o(.data) for __stdout
    printf8.o(i.__0snprintf$8) refers to printf8.o(i._printf_core) for _printf_core
    printf8.o(i.__0snprintf$8) refers to printf8.o(i._snputc) for _snputc
    printf8.o(i.__0sprintf$8) refers to printf8.o(i._printf_core) for _printf_core
    printf8.o(i.__0sprintf$8) refers to printf8.o(i._sputc) for _sputc
    printf8.o(i.__0vfprintf$8) refers to printf8.o(i._printf_core) for _printf_core
    printf8.o(i.__0vfprintf$8) refers to usart.o(.text) for fputc
    printf8.o(i.__0vprintf$8) refers to printf8.o(i._printf_core) for _printf_core
    printf8.o(i.__0vprintf$8) refers to usart.o(.text) for fputc
    printf8.o(i.__0vprintf$8) refers to stdout.o(.data) for __stdout
    printf8.o(i.__0vsnprintf$8) refers to printf8.o(i._printf_core) for _printf_core
    printf8.o(i.__0vsnprintf$8) refers to printf8.o(i._snputc) for _snputc
    printf8.o(i.__0vsprintf$8) refers to printf8.o(i._printf_core) for _printf_core
    printf8.o(i.__0vsprintf$8) refers to printf8.o(i._sputc) for _sputc
    printf8.o(i._printf_core) refers to printf8.o(i._printf_pre_padding) for _printf_pre_padding
    printf8.o(i._printf_core) refers to uldiv.o(.text) for __aeabi_uldivmod
    printf8.o(i._printf_core) refers to printf8.o(i._printf_post_padding) for _printf_post_padding
    printfa.o(i.__0fprintf) refers (Special) to iusefp.o(.text) for __I$use$fp
    printfa.o(i.__0fprintf) refers to printfa.o(i._printf_core) for _printf_core
    printfa.o(i.__0fprintf) refers to usart.o(.text) for fputc
    printfa.o(i.__0printf) refers (Special) to iusefp.o(.text) for __I$use$fp
    printfa.o(i.__0printf) refers to printfa.o(i._printf_core) for _printf_core
    printfa.o(i.__0printf) refers to usart.o(.text) for fputc
    printfa.o(i.__0printf) refers to stdout.o(.data) for __stdout
    printfa.o(i.__0snprintf) refers (Special) to iusefp.o(.text) for __I$use$fp
    printfa.o(i.__0snprintf) refers to printfa.o(i._printf_core) for _printf_core
    printfa.o(i.__0snprintf) refers to printfa.o(i._snputc) for _snputc
    printfa.o(i.__0sprintf) refers (Special) to iusefp.o(.text) for __I$use$fp
    printfa.o(i.__0sprintf) refers to printfa.o(i._printf_core) for _printf_core
    printfa.o(i.__0sprintf) refers to printfa.o(i._sputc) for _sputc
    printfa.o(i.__0vfprintf) refers (Special) to iusefp.o(.text) for __I$use$fp
    printfa.o(i.__0vfprintf) refers to printfa.o(i._printf_core) for _printf_core
    printfa.o(i.__0vfprintf) refers to usart.o(.text) for fputc
    printfa.o(i.__0vprintf) refers (Special) to iusefp.o(.text) for __I$use$fp
    printfa.o(i.__0vprintf) refers to printfa.o(i._printf_core) for _printf_core
    printfa.o(i.__0vprintf) refers to usart.o(.text) for fputc
    printfa.o(i.__0vprintf) refers to stdout.o(.data) for __stdout
    printfa.o(i.__0vsnprintf) refers (Special) to iusefp.o(.text) for __I$use$fp
    printfa.o(i.__0vsnprintf) refers to printfa.o(i._printf_core) for _printf_core
    printfa.o(i.__0vsnprintf) refers to printfa.o(i._snputc) for _snputc
    printfa.o(i.__0vsprintf) refers (Special) to iusefp.o(.text) for __I$use$fp
    printfa.o(i.__0vsprintf) refers to printfa.o(i._printf_core) for _printf_core
    printfa.o(i.__0vsprintf) refers to printfa.o(i._sputc) for _sputc
    printfa.o(i._fp_digits) refers (Special) to iusefp.o(.text) for __I$use$fp
    printfa.o(i._fp_digits) refers to dmul.o(.text) for __aeabi_dmul
    printfa.o(i._fp_digits) refers to ddiv.o(.text) for __aeabi_ddiv
    printfa.o(i._fp_digits) refers to cdrcmple.o(.text) for __aeabi_cdrcmple
    printfa.o(i._fp_digits) refers to dadd.o(.text) for __aeabi_dadd
    printfa.o(i._fp_digits) refers to dfixul.o(.text) for __aeabi_d2ulz
    printfa.o(i._fp_digits) refers to uldiv.o(.text) for __aeabi_uldivmod
    printfa.o(i._printf_core) refers (Special) to iusefp.o(.text) for __I$use$fp
    printfa.o(i._printf_core) refers to printfa.o(i._printf_pre_padding) for _printf_pre_padding
    printfa.o(i._printf_core) refers to uldiv.o(.text) for __aeabi_uldivmod
    printfa.o(i._printf_core) refers to printfa.o(i._printf_post_padding) for _printf_post_padding
    printfa.o(i._printf_core) refers to printfa.o(i._fp_digits) for _fp_digits
    printfa.o(i._printf_core) refers to uidiv.o(.text) for __aeabi_uidivmod
    printfa.o(i._printf_post_padding) refers (Special) to iusefp.o(.text) for __I$use$fp
    printfa.o(i._printf_pre_padding) refers (Special) to iusefp.o(.text) for __I$use$fp
    printfa.o(i._snputc) refers (Special) to iusefp.o(.text) for __I$use$fp
    printfa.o(i._sputc) refers (Special) to iusefp.o(.text) for __I$use$fp
    fadd.o(.text) refers (Special) to iusefp.o(.text) for __I$use$fp
    fadd.o(.text) refers to fepilogue.o(.text) for _float_epilogue
    fmul.o(.text) refers (Special) to iusefp.o(.text) for __I$use$fp
    fdiv.o(.text) refers (Special) to iusefp.o(.text) for __I$use$fp
    fdiv.o(.text) refers to fepilogue.o(.text) for _float_round
    dmul.o(.text) refers (Special) to iusefp.o(.text) for __I$use$fp
    dmul.o(.text) refers to depilogue.o(.text) for _double_epilogue
    ddiv.o(.text) refers (Special) to iusefp.o(.text) for __I$use$fp
    ddiv.o(.text) refers to depilogue.o(.text) for _double_round
    fflti.o(.text) refers (Special) to iusefp.o(.text) for __I$use$fp
    fflti.o(.text) refers to fepilogue.o(.text) for _float_epilogue
    ffltui.o(.text) refers (Special) to iusefp.o(.text) for __I$use$fp
    ffltui.o(.text) refers to fepilogue.o(.text) for _float_epilogue
    dflti.o(.text) refers (Special) to iusefp.o(.text) for __I$use$fp
    dflti.o(.text) refers to depilogue.o(.text) for _double_epilogue
    ffixi.o(.text) refers (Special) to iusefp.o(.text) for __I$use$fp
    dfixi.o(.text) refers (Special) to iusefp.o(.text) for __I$use$fp
    dfixi.o(.text) refers to llushr.o(.text) for __aeabi_llsr
    cfcmple.o(.text) refers (Special) to iusefp.o(.text) for __I$use$fp
    cfrcmple.o(.text) refers (Special) to iusefp.o(.text) for __I$use$fp
    entry2.o(.ARM.Collect$$$$00000001) refers to entry2.o(.ARM.Collect$$$$00002712) for __lit__00000000
    entry2.o(.ARM.Collect$$$$00002712) refers to startup_stm32f10x_md.o(STACK) for __initial_sp
    entry2.o(__vectab_stack_and_reset_area) refers to startup_stm32f10x_md.o(STACK) for __initial_sp
    entry2.o(__vectab_stack_and_reset_area) refers to entry.o(.ARM.Collect$$$$00000000) for __main
    entry5.o(.ARM.Collect$$$$00000004) refers to init.o(.text) for __scatterload
    entry9a.o(.ARM.Collect$$$$0000000B) refers to main.o(.text) for main
    entry9b.o(.ARM.Collect$$$$0000000C) refers to main.o(.text) for main
    uldiv.o(.text) refers to llushr.o(.text) for __aeabi_llsr
    uldiv.o(.text) refers to llshl.o(.text) for __aeabi_llsl
    depilogue.o(.text) refers to llshl.o(.text) for __aeabi_llsl
    depilogue.o(.text) refers to llushr.o(.text) for __aeabi_llsr
    dadd.o(.text) refers to llshl.o(.text) for __aeabi_llsl
    dadd.o(.text) refers to llsshr.o(.text) for __aeabi_lasr
    dadd.o(.text) refers to depilogue.o(.text) for _double_epilogue
    dfixul.o(.text) refers to llushr.o(.text) for __aeabi_llsr
    dfixul.o(.text) refers to llshl.o(.text) for __aeabi_llsl
    init.o(.text) refers to entry5.o(.ARM.Collect$$$$00000004) for __main_after_scatterload


==============================================================================

Removing Unused input sections from the image.

    Removing core_cm3.o(.emb_text), (32 bytes).
    Removing system_stm32f10x.o(.rev16_text), (4 bytes).
    Removing system_stm32f10x.o(.revsh_text), (4 bytes).
    Removing stm32f10x_it.o(.rev16_text), (4 bytes).
    Removing stm32f10x_it.o(.revsh_text), (4 bytes).
    Removing startup_stm32f10x_md.o(HEAP), (0 bytes).
    Removing misc.o(.rev16_text), (4 bytes).
    Removing misc.o(.revsh_text), (4 bytes).
    Removing stm32f10x_gpio.o(.rev16_text), (4 bytes).
    Removing stm32f10x_gpio.o(.revsh_text), (4 bytes).
    Removing stm32f10x_rcc.o(.rev16_text), (4 bytes).
    Removing stm32f10x_rcc.o(.revsh_text), (4 bytes).
    Removing stm32f10x_usart.o(.rev16_text), (4 bytes).
    Removing stm32f10x_usart.o(.revsh_text), (4 bytes).
    Removing stm32f10x_exti.o(.rev16_text), (4 bytes).
    Removing stm32f10x_exti.o(.revsh_text), (4 bytes).
    Removing stm32f10x_adc.o(.rev16_text), (4 bytes).
    Removing stm32f10x_adc.o(.revsh_text), (4 bytes).
    Removing stm32f10x_adc.o(.text), (816 bytes).
    Removing stm32f10x_bkp.o(.rev16_text), (4 bytes).
    Removing stm32f10x_bkp.o(.revsh_text), (4 bytes).
    Removing stm32f10x_bkp.o(.text), (152 bytes).
    Removing stm32f10x_can.o(.rev16_text), (4 bytes).
    Removing stm32f10x_can.o(.revsh_text), (4 bytes).
    Removing stm32f10x_can.o(.text), (1800 bytes).
    Removing stm32f10x_crc.o(.rev16_text), (4 bytes).
    Removing stm32f10x_crc.o(.revsh_text), (4 bytes).
    Removing stm32f10x_crc.o(.text), (64 bytes).
    Removing stm32f10x_dac.o(.rev16_text), (4 bytes).
    Removing stm32f10x_dac.o(.revsh_text), (4 bytes).
    Removing stm32f10x_dac.o(.text), (252 bytes).
    Removing stm32f10x_dbgmcu.o(.rev16_text), (4 bytes).
    Removing stm32f10x_dbgmcu.o(.revsh_text), (4 bytes).
    Removing stm32f10x_dbgmcu.o(.text), (40 bytes).
    Removing stm32f10x_dma.o(.rev16_text), (4 bytes).
    Removing stm32f10x_dma.o(.revsh_text), (4 bytes).
    Removing stm32f10x_dma.o(.text), (456 bytes).
    Removing stm32f10x_flash.o(.rev16_text), (4 bytes).
    Removing stm32f10x_flash.o(.revsh_text), (4 bytes).
    Removing stm32f10x_flash.o(.text), (1152 bytes).
    Removing stm32f10x_fsmc.o(.rev16_text), (4 bytes).
    Removing stm32f10x_fsmc.o(.revsh_text), (4 bytes).
    Removing stm32f10x_fsmc.o(.text), (1148 bytes).
    Removing stm32f10x_i2c.o(.rev16_text), (4 bytes).
    Removing stm32f10x_i2c.o(.revsh_text), (4 bytes).
    Removing stm32f10x_i2c.o(.text), (808 bytes).
    Removing stm32f10x_iwdg.o(.rev16_text), (4 bytes).
    Removing stm32f10x_iwdg.o(.revsh_text), (4 bytes).
    Removing stm32f10x_iwdg.o(.text), (60 bytes).
    Removing stm32f10x_pwr.o(.rev16_text), (4 bytes).
    Removing stm32f10x_pwr.o(.revsh_text), (4 bytes).
    Removing stm32f10x_pwr.o(.text), (172 bytes).
    Removing stm32f10x_rtc.o(.rev16_text), (4 bytes).
    Removing stm32f10x_rtc.o(.revsh_text), (4 bytes).
    Removing stm32f10x_rtc.o(.text), (272 bytes).
    Removing stm32f10x_sdio.o(.rev16_text), (4 bytes).
    Removing stm32f10x_sdio.o(.revsh_text), (4 bytes).
    Removing stm32f10x_sdio.o(.text), (428 bytes).
    Removing stm32f10x_spi.o(.rev16_text), (4 bytes).
    Removing stm32f10x_spi.o(.revsh_text), (4 bytes).
    Removing stm32f10x_tim.o(.rev16_text), (4 bytes).
    Removing stm32f10x_tim.o(.revsh_text), (4 bytes).
    Removing stm32f10x_wwdg.o(.rev16_text), (4 bytes).
    Removing stm32f10x_wwdg.o(.revsh_text), (4 bytes).
    Removing stm32f10x_wwdg.o(.text), (124 bytes).
    Removing stm32f10x_cec.o(.rev16_text), (4 bytes).
    Removing stm32f10x_cec.o(.revsh_text), (4 bytes).
    Removing stm32f10x_cec.o(.text), (248 bytes).
    Removing sys.o(.rev16_text), (4 bytes).
    Removing sys.o(.revsh_text), (4 bytes).
    Removing sys.o(.emb_text), (6 bytes).
    Removing sys.o(.text), (12 bytes).
    Removing main.o(.rev16_text), (4 bytes).
    Removing main.o(.revsh_text), (4 bytes).
    Removing main.o(.data), (4 bytes).
    Removing delay.o(.rev16_text), (4 bytes).
    Removing delay.o(.revsh_text), (4 bytes).
    Removing usart.o(.rev16_text), (4 bytes).
    Removing usart.o(.revsh_text), (4 bytes).
    Removing spi.o(.rev16_text), (4 bytes).
    Removing spi.o(.revsh_text), (4 bytes).
    Removing timer.o(.rev16_text), (4 bytes).
    Removing timer.o(.revsh_text), (4 bytes).
    Removing dma.o(.rev16_text), (4 bytes).
    Removing dma.o(.revsh_text), (4 bytes).
    Removing dma.o(.text), (124 bytes).
    Removing led.o(.rev16_text), (4 bytes).
    Removing led.o(.revsh_text), (4 bytes).
    Removing ads1292.o(.rev16_text), (4 bytes).
    Removing ads1292.o(.revsh_text), (4 bytes).
    Removing key.o(.rev16_text), (4 bytes).
    Removing key.o(.revsh_text), (4 bytes).
    Removing key.o(.text), (68 bytes).
    Removing key.o(.data), (1 bytes).
    Removing bpm.o(.rev16_text), (4 bytes).
    Removing bpm.o(.revsh_text), (4 bytes).
    Removing findpeaks.o(.rev16_text), (4 bytes).
    Removing findpeaks.o(.revsh_text), (4 bytes).
    Removing medfilt1.o(.rev16_text), (4 bytes).
    Removing medfilt1.o(.revsh_text), (4 bytes).
    Removing medfilt1.o(.text), (72 bytes).
    Removing medfilt1.o(.bss), (500 bytes).
    Removing arm_max_f32.o(.rev16_text), (4 bytes).
    Removing arm_max_f32.o(.revsh_text), (4 bytes).
    Removing arm_min_f32.o(.rev16_text), (4 bytes).
    Removing arm_min_f32.o(.revsh_text), (4 bytes).
    Removing arm_copy_f32.o(.rev16_text), (4 bytes).
    Removing arm_copy_f32.o(.revsh_text), (4 bytes).
    Removing arm_copy_f32.o(.text), (126 bytes).

109 unused section(s) (total 9265 bytes) removed from the image.

==============================================================================

Image Symbol Table

    Local Symbols

    Symbol Name                              Value     Ov Type        Size  Object(Section)

    ../clib/microlib/division.c              0x00000000   Number         0  uldiv.o ABSOLUTE
    ../clib/microlib/division.c              0x00000000   Number         0  uidiv.o ABSOLUTE
    ../clib/microlib/init/entry.s            0x00000000   Number         0  entry11a.o ABSOLUTE
    ../clib/microlib/init/entry.s            0x00000000   Number         0  entry11b.o ABSOLUTE
    ../clib/microlib/init/entry.s            0x00000000   Number         0  entry.o ABSOLUTE
    ../clib/microlib/init/entry.s            0x00000000   Number         0  entry2.o ABSOLUTE
    ../clib/microlib/init/entry.s            0x00000000   Number         0  entry5.o ABSOLUTE
    ../clib/microlib/init/entry.s            0x00000000   Number         0  entry7a.o ABSOLUTE
    ../clib/microlib/init/entry.s            0x00000000   Number         0  entry7b.o ABSOLUTE
    ../clib/microlib/init/entry.s            0x00000000   Number         0  entry8a.o ABSOLUTE
    ../clib/microlib/init/entry.s            0x00000000   Number         0  entry8b.o ABSOLUTE
    ../clib/microlib/init/entry.s            0x00000000   Number         0  entry9a.o ABSOLUTE
    ../clib/microlib/init/entry.s            0x00000000   Number         0  entry9b.o ABSOLUTE
    ../clib/microlib/init/entry.s            0x00000000   Number         0  entry10a.o ABSOLUTE
    ../clib/microlib/init/entry.s            0x00000000   Number         0  entry10b.o ABSOLUTE
    ../clib/microlib/longlong.c              0x00000000   Number         0  llushr.o ABSOLUTE
    ../clib/microlib/longlong.c              0x00000000   Number         0  llshl.o ABSOLUTE
    ../clib/microlib/longlong.c              0x00000000   Number         0  llsshr.o ABSOLUTE
    ../clib/microlib/printf/printf.c         0x00000000   Number         0  printf5.o ABSOLUTE
    ../clib/microlib/printf/printf.c         0x00000000   Number         0  printf0.o ABSOLUTE
    ../clib/microlib/printf/printf.c         0x00000000   Number         0  printf1.o ABSOLUTE
    ../clib/microlib/printf/printf.c         0x00000000   Number         0  printf2.o ABSOLUTE
    ../clib/microlib/printf/printf.c         0x00000000   Number         0  printf3.o ABSOLUTE
    ../clib/microlib/printf/printf.c         0x00000000   Number         0  printf4.o ABSOLUTE
    ../clib/microlib/printf/printf.c         0x00000000   Number         0  printfb.o ABSOLUTE
    ../clib/microlib/printf/printf.c         0x00000000   Number         0  printf6.o ABSOLUTE
    ../clib/microlib/printf/printf.c         0x00000000   Number         0  printf7.o ABSOLUTE
    ../clib/microlib/printf/printf.c         0x00000000   Number         0  printf8.o ABSOLUTE
    ../clib/microlib/printf/printf.c         0x00000000   Number         0  printfa.o ABSOLUTE
    ../clib/microlib/printf/stubs.s          0x00000000   Number         0  stubs.o ABSOLUTE
    ../clib/microlib/stdio/streams.c         0x00000000   Number         0  stdout.o ABSOLUTE
    ../clib/microlib/string/strlen.c         0x00000000   Number         0  strlen.o ABSOLUTE
    ../clib/microlib/stubs.s                 0x00000000   Number         0  iusefp.o ABSOLUTE
    ../fplib/microlib/fpadd.c                0x00000000   Number         0  dadd.o ABSOLUTE
    ../fplib/microlib/fpadd.c                0x00000000   Number         0  fadd.o ABSOLUTE
    ../fplib/microlib/fpdiv.c                0x00000000   Number         0  fdiv.o ABSOLUTE
    ../fplib/microlib/fpdiv.c                0x00000000   Number         0  ddiv.o ABSOLUTE
    ../fplib/microlib/fpepilogue.c           0x00000000   Number         0  fepilogue.o ABSOLUTE
    ../fplib/microlib/fpepilogue.c           0x00000000   Number         0  depilogue.o ABSOLUTE
    ../fplib/microlib/fpfix.c                0x00000000   Number         0  dfixi.o ABSOLUTE
    ../fplib/microlib/fpfix.c                0x00000000   Number         0  dfixul.o ABSOLUTE
    ../fplib/microlib/fpfix.c                0x00000000   Number         0  ffixi.o ABSOLUTE
    ../fplib/microlib/fpflt.c                0x00000000   Number         0  dflti.o ABSOLUTE
    ../fplib/microlib/fpflt.c                0x00000000   Number         0  fflti.o ABSOLUTE
    ../fplib/microlib/fpflt.c                0x00000000   Number         0  ffltui.o ABSOLUTE
    ../fplib/microlib/fpmul.c                0x00000000   Number         0  dmul.o ABSOLUTE
    ../fplib/microlib/fpmul.c                0x00000000   Number         0  fmul.o ABSOLUTE
    ..\Algorithm\bpm.c                       0x00000000   Number         0  bpm.o ABSOLUTE
    ..\Algorithm\findpeaks.c                 0x00000000   Number         0  findpeaks.o ABSOLUTE
    ..\Algorithm\medfilt1.c                  0x00000000   Number         0  medfilt1.o ABSOLUTE
    ..\Hardware\ADS1292.C                    0x00000000   Number         0  ads1292.o ABSOLUTE
    ..\Hardware\Timer.c                      0x00000000   Number         0  timer.o ABSOLUTE
    ..\Hardware\delay.c                      0x00000000   Number         0  delay.o ABSOLUTE
    ..\Hardware\dma.c                        0x00000000   Number         0  dma.o ABSOLUTE
    ..\Hardware\key.c                        0x00000000   Number         0  key.o ABSOLUTE
    ..\Hardware\led.c                        0x00000000   Number         0  led.o ABSOLUTE
    ..\Hardware\spi.c                        0x00000000   Number         0  spi.o ABSOLUTE
    ..\Hardware\usart.c                      0x00000000   Number         0  usart.o ABSOLUTE
    ..\STM32F10x_FWLib\src\misc.c            0x00000000   Number         0  misc.o ABSOLUTE
    ..\STM32F10x_FWLib\src\stm32f10x_adc.c   0x00000000   Number         0  stm32f10x_adc.o ABSOLUTE
    ..\STM32F10x_FWLib\src\stm32f10x_bkp.c   0x00000000   Number         0  stm32f10x_bkp.o ABSOLUTE
    ..\STM32F10x_FWLib\src\stm32f10x_can.c   0x00000000   Number         0  stm32f10x_can.o ABSOLUTE
    ..\STM32F10x_FWLib\src\stm32f10x_cec.c   0x00000000   Number         0  stm32f10x_cec.o ABSOLUTE
    ..\STM32F10x_FWLib\src\stm32f10x_crc.c   0x00000000   Number         0  stm32f10x_crc.o ABSOLUTE
    ..\STM32F10x_FWLib\src\stm32f10x_dac.c   0x00000000   Number         0  stm32f10x_dac.o ABSOLUTE
    ..\STM32F10x_FWLib\src\stm32f10x_dbgmcu.c 0x00000000   Number         0  stm32f10x_dbgmcu.o ABSOLUTE
    ..\STM32F10x_FWLib\src\stm32f10x_dma.c   0x00000000   Number         0  stm32f10x_dma.o ABSOLUTE
    ..\STM32F10x_FWLib\src\stm32f10x_exti.c  0x00000000   Number         0  stm32f10x_exti.o ABSOLUTE
    ..\STM32F10x_FWLib\src\stm32f10x_flash.c 0x00000000   Number         0  stm32f10x_flash.o ABSOLUTE
    ..\STM32F10x_FWLib\src\stm32f10x_fsmc.c  0x00000000   Number         0  stm32f10x_fsmc.o ABSOLUTE
    ..\STM32F10x_FWLib\src\stm32f10x_gpio.c  0x00000000   Number         0  stm32f10x_gpio.o ABSOLUTE
    ..\STM32F10x_FWLib\src\stm32f10x_i2c.c   0x00000000   Number         0  stm32f10x_i2c.o ABSOLUTE
    ..\STM32F10x_FWLib\src\stm32f10x_iwdg.c  0x00000000   Number         0  stm32f10x_iwdg.o ABSOLUTE
    ..\STM32F10x_FWLib\src\stm32f10x_pwr.c   0x00000000   Number         0  stm32f10x_pwr.o ABSOLUTE
    ..\STM32F10x_FWLib\src\stm32f10x_rcc.c   0x00000000   Number         0  stm32f10x_rcc.o ABSOLUTE
    ..\STM32F10x_FWLib\src\stm32f10x_rtc.c   0x00000000   Number         0  stm32f10x_rtc.o ABSOLUTE
    ..\STM32F10x_FWLib\src\stm32f10x_sdio.c  0x00000000   Number         0  stm32f10x_sdio.o ABSOLUTE
    ..\STM32F10x_FWLib\src\stm32f10x_spi.c   0x00000000   Number         0  stm32f10x_spi.o ABSOLUTE
    ..\STM32F10x_FWLib\src\stm32f10x_tim.c   0x00000000   Number         0  stm32f10x_tim.o ABSOLUTE
    ..\STM32F10x_FWLib\src\stm32f10x_usart.c 0x00000000   Number         0  stm32f10x_usart.o ABSOLUTE
    ..\STM32F10x_FWLib\src\stm32f10x_wwdg.c  0x00000000   Number         0  stm32f10x_wwdg.o ABSOLUTE
    ..\SYSTEM\core_cm3.c                     0x00000000   Number         0  core_cm3.o ABSOLUTE
    ..\SYSTEM\startup_stm32f10x_md.s         0x00000000   Number         0  startup_stm32f10x_md.o ABSOLUTE
    ..\SYSTEM\stm32f10x_it.c                 0x00000000   Number         0  stm32f10x_it.o ABSOLUTE
    ..\SYSTEM\system_stm32f10x.c             0x00000000   Number         0  system_stm32f10x.o ABSOLUTE
    ..\StatisticsFunctions\arm_max_f32.c     0x00000000   Number         0  arm_max_f32.o ABSOLUTE
    ..\StatisticsFunctions\arm_min_f32.c     0x00000000   Number         0  arm_min_f32.o ABSOLUTE
    ..\SupportFunctions\arm_copy_f32.c       0x00000000   Number         0  arm_copy_f32.o ABSOLUTE
    ..\\Algorithm\\bpm.c                     0x00000000   Number         0  bpm.o ABSOLUTE
    ..\\Algorithm\\findpeaks.c               0x00000000   Number         0  findpeaks.o ABSOLUTE
    ..\\Algorithm\\medfilt1.c                0x00000000   Number         0  medfilt1.o ABSOLUTE
    ..\\Hardware\\ADS1292.C                  0x00000000   Number         0  ads1292.o ABSOLUTE
    ..\\Hardware\\Timer.c                    0x00000000   Number         0  timer.o ABSOLUTE
    ..\\Hardware\\delay.c                    0x00000000   Number         0  delay.o ABSOLUTE
    ..\\Hardware\\dma.c                      0x00000000   Number         0  dma.o ABSOLUTE
    ..\\Hardware\\key.c                      0x00000000   Number         0  key.o ABSOLUTE
    ..\\Hardware\\led.c                      0x00000000   Number         0  led.o ABSOLUTE
    ..\\Hardware\\spi.c                      0x00000000   Number         0  spi.o ABSOLUTE
    ..\\Hardware\\usart.c                    0x00000000   Number         0  usart.o ABSOLUTE
    ..\\STM32F10x_FWLib\\src\\misc.c         0x00000000   Number         0  misc.o ABSOLUTE
    ..\\STM32F10x_FWLib\\src\\stm32f10x_adc.c 0x00000000   Number         0  stm32f10x_adc.o ABSOLUTE
    ..\\STM32F10x_FWLib\\src\\stm32f10x_bkp.c 0x00000000   Number         0  stm32f10x_bkp.o ABSOLUTE
    ..\\STM32F10x_FWLib\\src\\stm32f10x_can.c 0x00000000   Number         0  stm32f10x_can.o ABSOLUTE
    ..\\STM32F10x_FWLib\\src\\stm32f10x_cec.c 0x00000000   Number         0  stm32f10x_cec.o ABSOLUTE
    ..\\STM32F10x_FWLib\\src\\stm32f10x_crc.c 0x00000000   Number         0  stm32f10x_crc.o ABSOLUTE
    ..\\STM32F10x_FWLib\\src\\stm32f10x_dac.c 0x00000000   Number         0  stm32f10x_dac.o ABSOLUTE
    ..\\STM32F10x_FWLib\\src\\stm32f10x_dbgmcu.c 0x00000000   Number         0  stm32f10x_dbgmcu.o ABSOLUTE
    ..\\STM32F10x_FWLib\\src\\stm32f10x_dma.c 0x00000000   Number         0  stm32f10x_dma.o ABSOLUTE
    ..\\STM32F10x_FWLib\\src\\stm32f10x_exti.c 0x00000000   Number         0  stm32f10x_exti.o ABSOLUTE
    ..\\STM32F10x_FWLib\\src\\stm32f10x_flash.c 0x00000000   Number         0  stm32f10x_flash.o ABSOLUTE
    ..\\STM32F10x_FWLib\\src\\stm32f10x_fsmc.c 0x00000000   Number         0  stm32f10x_fsmc.o ABSOLUTE
    ..\\STM32F10x_FWLib\\src\\stm32f10x_gpio.c 0x00000000   Number         0  stm32f10x_gpio.o ABSOLUTE
    ..\\STM32F10x_FWLib\\src\\stm32f10x_i2c.c 0x00000000   Number         0  stm32f10x_i2c.o ABSOLUTE
    ..\\STM32F10x_FWLib\\src\\stm32f10x_iwdg.c 0x00000000   Number         0  stm32f10x_iwdg.o ABSOLUTE
    ..\\STM32F10x_FWLib\\src\\stm32f10x_pwr.c 0x00000000   Number         0  stm32f10x_pwr.o ABSOLUTE
    ..\\STM32F10x_FWLib\\src\\stm32f10x_rcc.c 0x00000000   Number         0  stm32f10x_rcc.o ABSOLUTE
    ..\\STM32F10x_FWLib\\src\\stm32f10x_rtc.c 0x00000000   Number         0  stm32f10x_rtc.o ABSOLUTE
    ..\\STM32F10x_FWLib\\src\\stm32f10x_sdio.c 0x00000000   Number         0  stm32f10x_sdio.o ABSOLUTE
    ..\\STM32F10x_FWLib\\src\\stm32f10x_spi.c 0x00000000   Number         0  stm32f10x_spi.o ABSOLUTE
    ..\\STM32F10x_FWLib\\src\\stm32f10x_tim.c 0x00000000   Number         0  stm32f10x_tim.o ABSOLUTE
    ..\\STM32F10x_FWLib\\src\\stm32f10x_usart.c 0x00000000   Number         0  stm32f10x_usart.o ABSOLUTE
    ..\\STM32F10x_FWLib\\src\\stm32f10x_wwdg.c 0x00000000   Number         0  stm32f10x_wwdg.o ABSOLUTE
    ..\\SYSTEM\\core_cm3.c                   0x00000000   Number         0  core_cm3.o ABSOLUTE
    ..\\SYSTEM\\stm32f10x_it.c               0x00000000   Number         0  stm32f10x_it.o ABSOLUTE
    ..\\SYSTEM\\system_stm32f10x.c           0x00000000   Number         0  system_stm32f10x.o ABSOLUTE
    ..\\StatisticsFunctions\\arm_max_f32.c   0x00000000   Number         0  arm_max_f32.o ABSOLUTE
    ..\\StatisticsFunctions\\arm_min_f32.c   0x00000000   Number         0  arm_min_f32.o ABSOLUTE
    ..\\SupportFunctions\\arm_copy_f32.c     0x00000000   Number         0  arm_copy_f32.o ABSOLUTE
    cdrcmple.s                               0x00000000   Number         0  cdrcmple.o ABSOLUTE
    cfcmple.s                                0x00000000   Number         0  cfcmple.o ABSOLUTE
    cfrcmple.s                               0x00000000   Number         0  cfrcmple.o ABSOLUTE
    dc.s                                     0x00000000   Number         0  dc.o ABSOLUTE
    handlers.s                               0x00000000   Number         0  handlers.o ABSOLUTE
    init.s                                   0x00000000   Number         0  init.o ABSOLUTE
    main.c                                   0x00000000   Number         0  main.o ABSOLUTE
    main.c                                   0x00000000   Number         0  main.o ABSOLUTE
    sys.c                                    0x00000000   Number         0  sys.o ABSOLUTE
    sys.c                                    0x00000000   Number         0  sys.o ABSOLUTE
    RESET                                    0x08000000   Section      236  startup_stm32f10x_md.o(RESET)
    .ARM.Collect$$$$00000000                 0x080000ec   Section        0  entry.o(.ARM.Collect$$$$00000000)
    .ARM.Collect$$$$00000001                 0x080000ec   Section        4  entry2.o(.ARM.Collect$$$$00000001)
    .ARM.Collect$$$$00000004                 0x080000f0   Section        4  entry5.o(.ARM.Collect$$$$00000004)
    .ARM.Collect$$$$00000008                 0x080000f4   Section        0  entry7b.o(.ARM.Collect$$$$00000008)
    .ARM.Collect$$$$0000000A                 0x080000f4   Section        0  entry8b.o(.ARM.Collect$$$$0000000A)
    .ARM.Collect$$$$0000000B                 0x080000f4   Section        8  entry9a.o(.ARM.Collect$$$$0000000B)
    .ARM.Collect$$$$0000000D                 0x080000fc   Section        0  entry10a.o(.ARM.Collect$$$$0000000D)
    .ARM.Collect$$$$0000000F                 0x080000fc   Section        0  entry11a.o(.ARM.Collect$$$$0000000F)
    .ARM.Collect$$$$00002712                 0x080000fc   Section        4  entry2.o(.ARM.Collect$$$$00002712)
    __lit__00000000                          0x080000fc   Data           4  entry2.o(.ARM.Collect$$$$00002712)
    .text                                    0x08000100   Section        0  system_stm32f10x.o(.text)
    SetSysClockTo72                          0x08000101   Thumb Code   160  system_stm32f10x.o(.text)
    .text                                    0x08000258   Section        0  stm32f10x_it.o(.text)
    .text                                    0x0800026c   Section       36  startup_stm32f10x_md.o(.text)
    .text                                    0x08000290   Section        0  misc.o(.text)
    .text                                    0x08000340   Section        0  stm32f10x_gpio.o(.text)
    .text                                    0x080005a4   Section        0  stm32f10x_rcc.o(.text)
    .text                                    0x0800085c   Section        0  stm32f10x_usart.o(.text)
    .text                                    0x08000b84   Section        0  stm32f10x_exti.o(.text)
    .text                                    0x08000c6c   Section        0  stm32f10x_spi.o(.text)
    .text                                    0x08000ee0   Section        0  stm32f10x_tim.o(.text)
    TI2_Config                               0x08001273   Thumb Code   166  stm32f10x_tim.o(.text)
    TI1_Config                               0x08001329   Thumb Code    88  stm32f10x_tim.o(.text)
    .text                                    0x080019d0   Section        0  main.o(.text)
    .text                                    0x08001c1c   Section        0  delay.o(.text)
    .text                                    0x08001cf8   Section        0  usart.o(.text)
    .text                                    0x08001fa4   Section        0  spi.o(.text)
    .text                                    0x08002070   Section        0  timer.o(.text)
    .text                                    0x080021b8   Section        0  led.o(.text)
    .text                                    0x080021f4   Section        0  ads1292.o(.text)
    .text                                    0x08002758   Section        0  bpm.o(.text)
    .text                                    0x080028b8   Section        0  findpeaks.o(.text)
    .text                                    0x080029f4   Section        0  arm_max_f32.o(.text)
    .text                                    0x08002ac4   Section        0  arm_min_f32.o(.text)
    .text                                    0x08002b94   Section        0  strlen.o(.text)
    .text                                    0x08002ba2   Section        0  fadd.o(.text)
    .text                                    0x08002c52   Section        0  fmul.o(.text)
    .text                                    0x08002cb6   Section        0  fdiv.o(.text)
    .text                                    0x08002d32   Section        0  dmul.o(.text)
    .text                                    0x08002e16   Section        0  ddiv.o(.text)
    .text                                    0x08002ef4   Section        0  fflti.o(.text)
    .text                                    0x08002f06   Section        0  ffltui.o(.text)
    .text                                    0x08002f10   Section        0  dflti.o(.text)
    .text                                    0x08002f32   Section        0  ffixi.o(.text)
    .text                                    0x08002f64   Section        0  dfixi.o(.text)
    .text                                    0x08002fa4   Section       20  cfcmple.o(.text)
    .text                                    0x08002fb8   Section       20  cfrcmple.o(.text)
    .text                                    0x08002fcc   Section        0  uidiv.o(.text)
    .text                                    0x08002ff8   Section        0  uldiv.o(.text)
    .text                                    0x0800305a   Section        0  llushr.o(.text)
    .text                                    0x0800307a   Section        0  fepilogue.o(.text)
    .text                                    0x0800307a   Section        0  iusefp.o(.text)
    .text                                    0x080030e8   Section        0  depilogue.o(.text)
    .text                                    0x080031a2   Section        0  dadd.o(.text)
    .text                                    0x080032f0   Section        0  dfixul.o(.text)
    .text                                    0x08003320   Section       48  cdrcmple.o(.text)
    .text                                    0x08003350   Section       36  init.o(.text)
    .text                                    0x08003374   Section        0  llshl.o(.text)
    .text                                    0x08003392   Section        0  llsshr.o(.text)
    i.__0printf                              0x080033b8   Section        0  printfa.o(i.__0printf)
    i.__0vsprintf                            0x080033d8   Section        0  printfa.o(i.__0vsprintf)
    i.__scatterload_copy                     0x080033fc   Section       14  handlers.o(i.__scatterload_copy)
    i.__scatterload_null                     0x0800340a   Section        2  handlers.o(i.__scatterload_null)
    i.__scatterload_zeroinit                 0x0800340c   Section       14  handlers.o(i.__scatterload_zeroinit)
    i._fp_digits                             0x0800341c   Section        0  printfa.o(i._fp_digits)
    _fp_digits                               0x0800341d   Thumb Code   366  printfa.o(i._fp_digits)
    i._printf_core                           0x080035a0   Section        0  printfa.o(i._printf_core)
    _printf_core                             0x080035a1   Thumb Code  1744  printfa.o(i._printf_core)
    i._printf_post_padding                   0x08003c7c   Section        0  printfa.o(i._printf_post_padding)
    _printf_post_padding                     0x08003c7d   Thumb Code    36  printfa.o(i._printf_post_padding)
    i._printf_pre_padding                    0x08003ca0   Section        0  printfa.o(i._printf_pre_padding)
    _printf_pre_padding                      0x08003ca1   Thumb Code    46  printfa.o(i._printf_pre_padding)
    i._sputc                                 0x08003cce   Section        0  printfa.o(i._sputc)
    _sputc                                   0x08003ccf   Thumb Code    10  printfa.o(i._sputc)
    .data                                    0x20000000   Section       20  system_stm32f10x.o(.data)
    .data                                    0x20000014   Section       20  stm32f10x_rcc.o(.data)
    ADCPrescTable                            0x20000014   Data           4  stm32f10x_rcc.o(.data)
    APBAHBPrescTable                         0x20000018   Data          16  stm32f10x_rcc.o(.data)
    .data                                    0x20000028   Section       28  main.o(.data)
    j                                        0x20000028   Data           2  main.o(.data)
    bpm                                      0x2000003c   Data           4  main.o(.data)
    .data                                    0x20000044   Section        4  delay.o(.data)
    fac_us                                   0x20000044   Data           1  delay.o(.data)
    fac_ms                                   0x20000046   Data           2  delay.o(.data)
    .data                                    0x20000048   Section        4  usart.o(.data)
    .data                                    0x2000004c   Section       57  ads1292.o(.data)
    f                                        0x2000005c   Data           4  ads1292.o(.data)
    i                                        0x20000060   Data           4  ads1292.o(.data)
    .data                                    0x20000088   Section        4  stdout.o(.data)
    .bss                                     0x2000008c   Section    12060  main.o(.bss)
    .bss                                     0x20002fa8   Section      765  usart.o(.bss)
    .bss                                     0x200032a5   Section       21  ads1292.o(.bss)
    STACK                                    0x200032c0   Section      512  startup_stm32f10x_md.o(STACK)

    Global Symbols

    Symbol Name                              Value     Ov Type        Size  Object(Section)

    BuildAttributes$$THM_ISAv4$P$D$K$B$S$PE$A:L22UL41UL21$X:L11$S22US41US21$IEEE1$IW$USESV6$~STKCKD$USESV7$~SHL$OTIME$ROPI$EBA8$MICROLIB$REQ8$PRES8$EABIv2 0x00000000   Number         0  anon$$obj.o ABSOLUTE
    __ARM_use_no_argv                        0x00000000   Number         0  main.o ABSOLUTE
    _printf_a                                0x00000000   Number         0  stubs.o ABSOLUTE
    _printf_c                                0x00000000   Number         0  stubs.o ABSOLUTE
    _printf_charcount                        0x00000000   Number         0  stubs.o ABSOLUTE
    _printf_d                                0x00000000   Number         0  stubs.o ABSOLUTE
    _printf_e                                0x00000000   Number         0  stubs.o ABSOLUTE
    _printf_f                                0x00000000   Number         0  stubs.o ABSOLUTE
    _printf_flags                            0x00000000   Number         0  stubs.o ABSOLUTE
    _printf_fp_dec                           0x00000000   Number         0  stubs.o ABSOLUTE
    _printf_fp_hex                           0x00000000   Number         0  stubs.o ABSOLUTE
    _printf_g                                0x00000000   Number         0  stubs.o ABSOLUTE
    _printf_i                                0x00000000   Number         0  stubs.o ABSOLUTE
    _printf_int_dec                          0x00000000   Number         0  stubs.o ABSOLUTE
    _printf_l                                0x00000000   Number         0  stubs.o ABSOLUTE
    _printf_lc                               0x00000000   Number         0  stubs.o ABSOLUTE
    _printf_ll                               0x00000000   Number         0  stubs.o ABSOLUTE
    _printf_lld                              0x00000000   Number         0  stubs.o ABSOLUTE
    _printf_lli                              0x00000000   Number         0  stubs.o ABSOLUTE
    _printf_llo                              0x00000000   Number         0  stubs.o ABSOLUTE
    _printf_llu                              0x00000000   Number         0  stubs.o ABSOLUTE
    _printf_llx                              0x00000000   Number         0  stubs.o ABSOLUTE
    _printf_longlong_dec                     0x00000000   Number         0  stubs.o ABSOLUTE
    _printf_longlong_hex                     0x00000000   Number         0  stubs.o ABSOLUTE
    _printf_longlong_oct                     0x00000000   Number         0  stubs.o ABSOLUTE
    _printf_ls                               0x00000000   Number         0  stubs.o ABSOLUTE
    _printf_mbtowc                           0x00000000   Number         0  stubs.o ABSOLUTE
    _printf_n                                0x00000000   Number         0  stubs.o ABSOLUTE
    _printf_o                                0x00000000   Number         0  stubs.o ABSOLUTE
    _printf_p                                0x00000000   Number         0  stubs.o ABSOLUTE
    _printf_percent                          0x00000000   Number         0  stubs.o ABSOLUTE
    _printf_pre_padding                      0x00000000   Number         0  stubs.o ABSOLUTE
    _printf_return_value                     0x00000000   Number         0  stubs.o ABSOLUTE
    _printf_s                                0x00000000   Number         0  stubs.o ABSOLUTE
    _printf_sizespec                         0x00000000   Number         0  stubs.o ABSOLUTE
    _printf_str                              0x00000000   Number         0  stubs.o ABSOLUTE
    _printf_truncate_signed                  0x00000000   Number         0  stubs.o ABSOLUTE
    _printf_truncate_unsigned                0x00000000   Number         0  stubs.o ABSOLUTE
    _printf_u                                0x00000000   Number         0  stubs.o ABSOLUTE
    _printf_wc                               0x00000000   Number         0  stubs.o ABSOLUTE
    _printf_wctomb                           0x00000000   Number         0  stubs.o ABSOLUTE
    _printf_widthprec                        0x00000000   Number         0  stubs.o ABSOLUTE
    _printf_x                                0x00000000   Number         0  stubs.o ABSOLUTE
    __cpp_initialize__aeabi_                  - Undefined Weak Reference
    __cxa_finalize                            - Undefined Weak Reference
    __decompress                              - Undefined Weak Reference
    _clock_init                               - Undefined Weak Reference
    _microlib_exit                            - Undefined Weak Reference
    __Vectors_Size                           0x000000ec   Number         0  startup_stm32f10x_md.o ABSOLUTE
    __Vectors                                0x08000000   Data           4  startup_stm32f10x_md.o(RESET)
    __Vectors_End                            0x080000ec   Data           0  startup_stm32f10x_md.o(RESET)
    __main                                   0x080000ed   Thumb Code     0  entry.o(.ARM.Collect$$$$00000000)
    _main_stk                                0x080000ed   Thumb Code     0  entry2.o(.ARM.Collect$$$$00000001)
    _main_scatterload                        0x080000f1   Thumb Code     0  entry5.o(.ARM.Collect$$$$00000004)
    __main_after_scatterload                 0x080000f5   Thumb Code     0  entry5.o(.ARM.Collect$$$$00000004)
    _main_clock                              0x080000f5   Thumb Code     0  entry7b.o(.ARM.Collect$$$$00000008)
    _main_cpp_init                           0x080000f5   Thumb Code     0  entry8b.o(.ARM.Collect$$$$0000000A)
    _main_init                               0x080000f5   Thumb Code     0  entry9a.o(.ARM.Collect$$$$0000000B)
    __rt_final_cpp                           0x080000fd   Thumb Code     0  entry10a.o(.ARM.Collect$$$$0000000D)
    __rt_final_exit                          0x080000fd   Thumb Code     0  entry11a.o(.ARM.Collect$$$$0000000F)
    SystemInit                               0x080001a1   Thumb Code    64  system_stm32f10x.o(.text)
    SystemCoreClockUpdate                    0x080001e1   Thumb Code    86  system_stm32f10x.o(.text)
    NMI_Handler                              0x08000259   Thumb Code     2  stm32f10x_it.o(.text)
    HardFault_Handler                        0x0800025b   Thumb Code     2  stm32f10x_it.o(.text)
    MemManage_Handler                        0x0800025d   Thumb Code     2  stm32f10x_it.o(.text)
    BusFault_Handler                         0x0800025f   Thumb Code     2  stm32f10x_it.o(.text)
    UsageFault_Handler                       0x08000261   Thumb Code     2  stm32f10x_it.o(.text)
    SVC_Handler                              0x08000263   Thumb Code     2  stm32f10x_it.o(.text)
    DebugMon_Handler                         0x08000265   Thumb Code     2  stm32f10x_it.o(.text)
    PendSV_Handler                           0x08000267   Thumb Code     2  stm32f10x_it.o(.text)
    SysTick_Handler                          0x08000269   Thumb Code     2  stm32f10x_it.o(.text)
    Reset_Handler                            0x0800026d   Thumb Code     8  startup_stm32f10x_md.o(.text)
    ADC1_2_IRQHandler                        0x08000287   Thumb Code     0  startup_stm32f10x_md.o(.text)
    CAN1_RX1_IRQHandler                      0x08000287   Thumb Code     0  startup_stm32f10x_md.o(.text)
    CAN1_SCE_IRQHandler                      0x08000287   Thumb Code     0  startup_stm32f10x_md.o(.text)
    DMA1_Channel1_IRQHandler                 0x08000287   Thumb Code     0  startup_stm32f10x_md.o(.text)
    DMA1_Channel2_IRQHandler                 0x08000287   Thumb Code     0  startup_stm32f10x_md.o(.text)
    DMA1_Channel3_IRQHandler                 0x08000287   Thumb Code     0  startup_stm32f10x_md.o(.text)
    DMA1_Channel4_IRQHandler                 0x08000287   Thumb Code     0  startup_stm32f10x_md.o(.text)
    DMA1_Channel5_IRQHandler                 0x08000287   Thumb Code     0  startup_stm32f10x_md.o(.text)
    DMA1_Channel6_IRQHandler                 0x08000287   Thumb Code     0  startup_stm32f10x_md.o(.text)
    DMA1_Channel7_IRQHandler                 0x08000287   Thumb Code     0  startup_stm32f10x_md.o(.text)
    EXTI0_IRQHandler                         0x08000287   Thumb Code     0  startup_stm32f10x_md.o(.text)
    EXTI15_10_IRQHandler                     0x08000287   Thumb Code     0  startup_stm32f10x_md.o(.text)
    EXTI1_IRQHandler                         0x08000287   Thumb Code     0  startup_stm32f10x_md.o(.text)
    EXTI2_IRQHandler                         0x08000287   Thumb Code     0  startup_stm32f10x_md.o(.text)
    EXTI3_IRQHandler                         0x08000287   Thumb Code     0  startup_stm32f10x_md.o(.text)
    EXTI4_IRQHandler                         0x08000287   Thumb Code     0  startup_stm32f10x_md.o(.text)
    FLASH_IRQHandler                         0x08000287   Thumb Code     0  startup_stm32f10x_md.o(.text)
    I2C1_ER_IRQHandler                       0x08000287   Thumb Code     0  startup_stm32f10x_md.o(.text)
    I2C1_EV_IRQHandler                       0x08000287   Thumb Code     0  startup_stm32f10x_md.o(.text)
    I2C2_ER_IRQHandler                       0x08000287   Thumb Code     0  startup_stm32f10x_md.o(.text)
    I2C2_EV_IRQHandler                       0x08000287   Thumb Code     0  startup_stm32f10x_md.o(.text)
    PVD_IRQHandler                           0x08000287   Thumb Code     0  startup_stm32f10x_md.o(.text)
    RCC_IRQHandler                           0x08000287   Thumb Code     0  startup_stm32f10x_md.o(.text)
    RTCAlarm_IRQHandler                      0x08000287   Thumb Code     0  startup_stm32f10x_md.o(.text)
    RTC_IRQHandler                           0x08000287   Thumb Code     0  startup_stm32f10x_md.o(.text)
    SPI1_IRQHandler                          0x08000287   Thumb Code     0  startup_stm32f10x_md.o(.text)
    SPI2_IRQHandler                          0x08000287   Thumb Code     0  startup_stm32f10x_md.o(.text)
    TAMPER_IRQHandler                        0x08000287   Thumb Code     0  startup_stm32f10x_md.o(.text)
    TIM1_BRK_IRQHandler                      0x08000287   Thumb Code     0  startup_stm32f10x_md.o(.text)
    TIM1_CC_IRQHandler                       0x08000287   Thumb Code     0  startup_stm32f10x_md.o(.text)
    TIM1_TRG_COM_IRQHandler                  0x08000287   Thumb Code     0  startup_stm32f10x_md.o(.text)
    TIM1_UP_IRQHandler                       0x08000287   Thumb Code     0  startup_stm32f10x_md.o(.text)
    TIM3_IRQHandler                          0x08000287   Thumb Code     0  startup_stm32f10x_md.o(.text)
    USART3_IRQHandler                        0x08000287   Thumb Code     0  startup_stm32f10x_md.o(.text)
    USBWakeUp_IRQHandler                     0x08000287   Thumb Code     0  startup_stm32f10x_md.o(.text)
    USB_HP_CAN1_TX_IRQHandler                0x08000287   Thumb Code     0  startup_stm32f10x_md.o(.text)
    USB_LP_CAN1_RX0_IRQHandler               0x08000287   Thumb Code     0  startup_stm32f10x_md.o(.text)
    WWDG_IRQHandler                          0x08000287   Thumb Code     0  startup_stm32f10x_md.o(.text)
    NVIC_PriorityGroupConfig                 0x08000291   Thumb Code    10  misc.o(.text)
    NVIC_Init                                0x0800029b   Thumb Code    94  misc.o(.text)
    NVIC_SetVectorTable                      0x080002f9   Thumb Code    14  misc.o(.text)
    NVIC_SystemLPConfig                      0x08000307   Thumb Code    20  misc.o(.text)
    SysTick_CLKSourceConfig                  0x0800031b   Thumb Code    24  misc.o(.text)
    GPIO_DeInit                              0x08000341   Thumb Code   152  stm32f10x_gpio.o(.text)
    GPIO_AFIODeInit                          0x080003d9   Thumb Code    22  stm32f10x_gpio.o(.text)
    GPIO_Init                                0x080003ef   Thumb Code   156  stm32f10x_gpio.o(.text)
    GPIO_StructInit                          0x0800048b   Thumb Code    16  stm32f10x_gpio.o(.text)
    GPIO_ReadInputDataBit                    0x0800049b   Thumb Code    14  stm32f10x_gpio.o(.text)
    GPIO_ReadInputData                       0x080004a9   Thumb Code     6  stm32f10x_gpio.o(.text)
    GPIO_ReadOutputDataBit                   0x080004af   Thumb Code    14  stm32f10x_gpio.o(.text)
    GPIO_ReadOutputData                      0x080004bd   Thumb Code     6  stm32f10x_gpio.o(.text)
    GPIO_SetBits                             0x080004c3   Thumb Code     4  stm32f10x_gpio.o(.text)
    GPIO_ResetBits                           0x080004c7   Thumb Code     4  stm32f10x_gpio.o(.text)
    GPIO_WriteBit                            0x080004cb   Thumb Code    10  stm32f10x_gpio.o(.text)
    GPIO_Write                               0x080004d5   Thumb Code     4  stm32f10x_gpio.o(.text)
    GPIO_PinLockConfig                       0x080004d9   Thumb Code    16  stm32f10x_gpio.o(.text)
    GPIO_EventOutputConfig                   0x080004e9   Thumb Code    22  stm32f10x_gpio.o(.text)
    GPIO_EventOutputCmd                      0x080004ff   Thumb Code     6  stm32f10x_gpio.o(.text)
    GPIO_PinRemapConfig                      0x08000505   Thumb Code    82  stm32f10x_gpio.o(.text)
    GPIO_EXTILineConfig                      0x08000557   Thumb Code    34  stm32f10x_gpio.o(.text)
    GPIO_ETH_MediaInterfaceConfig            0x08000579   Thumb Code     8  stm32f10x_gpio.o(.text)
    RCC_DeInit                               0x080005a5   Thumb Code    50  stm32f10x_rcc.o(.text)
    RCC_HSEConfig                            0x080005d7   Thumb Code    48  stm32f10x_rcc.o(.text)
    RCC_GetFlagStatus                        0x08000607   Thumb Code    42  stm32f10x_rcc.o(.text)
    RCC_WaitForHSEStartUp                    0x08000631   Thumb Code    44  stm32f10x_rcc.o(.text)
    RCC_AdjustHSICalibrationValue            0x0800065d   Thumb Code    16  stm32f10x_rcc.o(.text)
    RCC_HSICmd                               0x0800066d   Thumb Code     6  stm32f10x_rcc.o(.text)
    RCC_PLLConfig                            0x08000673   Thumb Code    16  stm32f10x_rcc.o(.text)
    RCC_PLLCmd                               0x08000683   Thumb Code     6  stm32f10x_rcc.o(.text)
    RCC_SYSCLKConfig                         0x08000689   Thumb Code    14  stm32f10x_rcc.o(.text)
    RCC_GetSYSCLKSource                      0x08000697   Thumb Code    10  stm32f10x_rcc.o(.text)
    RCC_HCLKConfig                           0x080006a1   Thumb Code    14  stm32f10x_rcc.o(.text)
    RCC_PCLK1Config                          0x080006af   Thumb Code    14  stm32f10x_rcc.o(.text)
    RCC_PCLK2Config                          0x080006bd   Thumb Code    16  stm32f10x_rcc.o(.text)
    RCC_ITConfig                             0x080006cd   Thumb Code    18  stm32f10x_rcc.o(.text)
    RCC_USBCLKConfig                         0x080006df   Thumb Code     8  stm32f10x_rcc.o(.text)
    RCC_ADCCLKConfig                         0x080006e7   Thumb Code    14  stm32f10x_rcc.o(.text)
    RCC_LSEConfig                            0x080006f5   Thumb Code    28  stm32f10x_rcc.o(.text)
    RCC_LSICmd                               0x08000711   Thumb Code     6  stm32f10x_rcc.o(.text)
    RCC_RTCCLKConfig                         0x08000717   Thumb Code    10  stm32f10x_rcc.o(.text)
    RCC_RTCCLKCmd                            0x08000721   Thumb Code     8  stm32f10x_rcc.o(.text)
    RCC_GetClocksFreq                        0x08000729   Thumb Code   132  stm32f10x_rcc.o(.text)
    RCC_AHBPeriphClockCmd                    0x080007ad   Thumb Code    18  stm32f10x_rcc.o(.text)
    RCC_APB2PeriphClockCmd                   0x080007bf   Thumb Code    18  stm32f10x_rcc.o(.text)
    RCC_APB1PeriphClockCmd                   0x080007d1   Thumb Code    18  stm32f10x_rcc.o(.text)
    RCC_APB2PeriphResetCmd                   0x080007e3   Thumb Code    18  stm32f10x_rcc.o(.text)
    RCC_APB1PeriphResetCmd                   0x080007f5   Thumb Code    18  stm32f10x_rcc.o(.text)
    RCC_BackupResetCmd                       0x08000807   Thumb Code     8  stm32f10x_rcc.o(.text)
    RCC_ClockSecuritySystemCmd               0x0800080f   Thumb Code     6  stm32f10x_rcc.o(.text)
    RCC_MCOConfig                            0x08000815   Thumb Code     6  stm32f10x_rcc.o(.text)
    RCC_ClearFlag                            0x0800081b   Thumb Code    12  stm32f10x_rcc.o(.text)
    RCC_GetITStatus                          0x08000827   Thumb Code    16  stm32f10x_rcc.o(.text)
    RCC_ClearITPendingBit                    0x08000837   Thumb Code     6  stm32f10x_rcc.o(.text)
    USART_DeInit                             0x0800085d   Thumb Code    96  stm32f10x_usart.o(.text)
    USART_Init                               0x080008bd   Thumb Code   166  stm32f10x_usart.o(.text)
    USART_StructInit                         0x08000963   Thumb Code    22  stm32f10x_usart.o(.text)
    USART_ClockInit                          0x08000979   Thumb Code    30  stm32f10x_usart.o(.text)
    USART_ClockStructInit                    0x08000997   Thumb Code    12  stm32f10x_usart.o(.text)
    USART_Cmd                                0x080009a3   Thumb Code    20  stm32f10x_usart.o(.text)
    USART_ITConfig                           0x080009b7   Thumb Code    48  stm32f10x_usart.o(.text)
    USART_DMACmd                             0x080009e7   Thumb Code    16  stm32f10x_usart.o(.text)
    USART_SetAddress                         0x080009f7   Thumb Code    16  stm32f10x_usart.o(.text)
    USART_WakeUpConfig                       0x08000a07   Thumb Code    16  stm32f10x_usart.o(.text)
    USART_ReceiverWakeUpCmd                  0x08000a17   Thumb Code    20  stm32f10x_usart.o(.text)
    USART_LINBreakDetectLengthConfig         0x08000a2b   Thumb Code    16  stm32f10x_usart.o(.text)
    USART_LINCmd                             0x08000a3b   Thumb Code    20  stm32f10x_usart.o(.text)
    USART_SendData                           0x08000a4f   Thumb Code     8  stm32f10x_usart.o(.text)
    USART_ReceiveData                        0x08000a57   Thumb Code     8  stm32f10x_usart.o(.text)
    USART_SendBreak                          0x08000a5f   Thumb Code    10  stm32f10x_usart.o(.text)
    USART_SetGuardTime                       0x08000a69   Thumb Code    16  stm32f10x_usart.o(.text)
    USART_SetPrescaler                       0x08000a79   Thumb Code    16  stm32f10x_usart.o(.text)
    USART_SmartCardCmd                       0x08000a89   Thumb Code    20  stm32f10x_usart.o(.text)
    USART_SmartCardNACKCmd                   0x08000a9d   Thumb Code    20  stm32f10x_usart.o(.text)
    USART_HalfDuplexCmd                      0x08000ab1   Thumb Code    20  stm32f10x_usart.o(.text)
    USART_OverSampling8Cmd                   0x08000ac5   Thumb Code    20  stm32f10x_usart.o(.text)
    USART_OneBitMethodCmd                    0x08000ad9   Thumb Code    20  stm32f10x_usart.o(.text)
    USART_IrDAConfig                         0x08000aed   Thumb Code    16  stm32f10x_usart.o(.text)
    USART_IrDACmd                            0x08000afd   Thumb Code    20  stm32f10x_usart.o(.text)
    USART_GetFlagStatus                      0x08000b11   Thumb Code    14  stm32f10x_usart.o(.text)
    USART_ClearFlag                          0x08000b1f   Thumb Code     6  stm32f10x_usart.o(.text)
    USART_GetITStatus                        0x08000b25   Thumb Code    62  stm32f10x_usart.o(.text)
    USART_ClearITPendingBit                  0x08000b63   Thumb Code    12  stm32f10x_usart.o(.text)
    EXTI_DeInit                              0x08000b85   Thumb Code    28  stm32f10x_exti.o(.text)
    EXTI_Init                                0x08000ba1   Thumb Code   108  stm32f10x_exti.o(.text)
    EXTI_StructInit                          0x08000c0d   Thumb Code    14  stm32f10x_exti.o(.text)
    EXTI_GenerateSWInterrupt                 0x08000c1b   Thumb Code    12  stm32f10x_exti.o(.text)
    EXTI_GetFlagStatus                       0x08000c27   Thumb Code    18  stm32f10x_exti.o(.text)
    EXTI_ClearFlag                           0x08000c39   Thumb Code     8  stm32f10x_exti.o(.text)
    EXTI_GetITStatus                         0x08000c41   Thumb Code    28  stm32f10x_exti.o(.text)
    EXTI_ClearITPendingBit                   0x08000c5d   Thumb Code     8  stm32f10x_exti.o(.text)
    SPI_I2S_DeInit                           0x08000c6d   Thumb Code    72  stm32f10x_spi.o(.text)
    SPI_Init                                 0x08000cb5   Thumb Code    56  stm32f10x_spi.o(.text)
    I2S_Init                                 0x08000ced   Thumb Code   150  stm32f10x_spi.o(.text)
    SPI_StructInit                           0x08000d83   Thumb Code    24  stm32f10x_spi.o(.text)
    I2S_StructInit                           0x08000d9b   Thumb Code    18  stm32f10x_spi.o(.text)
    SPI_Cmd                                  0x08000dad   Thumb Code    20  stm32f10x_spi.o(.text)
    I2S_Cmd                                  0x08000dc1   Thumb Code    20  stm32f10x_spi.o(.text)
    SPI_I2S_ITConfig                         0x08000dd5   Thumb Code    24  stm32f10x_spi.o(.text)
    SPI_I2S_DMACmd                           0x08000ded   Thumb Code    16  stm32f10x_spi.o(.text)
    SPI_I2S_SendData                         0x08000dfd   Thumb Code     4  stm32f10x_spi.o(.text)
    SPI_I2S_ReceiveData                      0x08000e01   Thumb Code     4  stm32f10x_spi.o(.text)
    SPI_NSSInternalSoftwareConfig            0x08000e05   Thumb Code    24  stm32f10x_spi.o(.text)
    SPI_SSOutputCmd                          0x08000e1d   Thumb Code    20  stm32f10x_spi.o(.text)
    SPI_DataSizeConfig                       0x08000e31   Thumb Code    16  stm32f10x_spi.o(.text)
    SPI_TransmitCRC                          0x08000e41   Thumb Code    10  stm32f10x_spi.o(.text)
    SPI_CalculateCRC                         0x08000e4b   Thumb Code    20  stm32f10x_spi.o(.text)
    SPI_GetCRC                               0x08000e5f   Thumb Code    12  stm32f10x_spi.o(.text)
    SPI_GetCRCPolynomial                     0x08000e6b   Thumb Code     4  stm32f10x_spi.o(.text)
    SPI_BiDirectionalLineConfig              0x08000e6f   Thumb Code    22  stm32f10x_spi.o(.text)
    SPI_I2S_GetFlagStatus                    0x08000e85   Thumb Code    14  stm32f10x_spi.o(.text)
    SPI_I2S_ClearFlag                        0x08000e93   Thumb Code     6  stm32f10x_spi.o(.text)
    SPI_I2S_GetITStatus                      0x08000e99   Thumb Code    44  stm32f10x_spi.o(.text)
    SPI_I2S_ClearITPendingBit                0x08000ec5   Thumb Code    14  stm32f10x_spi.o(.text)
    TIM_DeInit                               0x08000ee1   Thumb Code   304  stm32f10x_tim.o(.text)
    TIM_TimeBaseInit                         0x08001011   Thumb Code   114  stm32f10x_tim.o(.text)
    TIM_OC1Init                              0x08001083   Thumb Code   106  stm32f10x_tim.o(.text)
    TIM_OC2Init                              0x080010ed   Thumb Code   120  stm32f10x_tim.o(.text)
    TIM_OC3Init                              0x08001165   Thumb Code   116  stm32f10x_tim.o(.text)
    TIM_OC4Init                              0x080011d9   Thumb Code    90  stm32f10x_tim.o(.text)
    TIM_SetIC4Prescaler                      0x08001233   Thumb Code    24  stm32f10x_tim.o(.text)
    TIM_SetIC3Prescaler                      0x0800124b   Thumb Code    16  stm32f10x_tim.o(.text)
    TIM_SetIC2Prescaler                      0x0800125b   Thumb Code    24  stm32f10x_tim.o(.text)
    TIM_SetIC1Prescaler                      0x08001319   Thumb Code    16  stm32f10x_tim.o(.text)
    TIM_ICInit                               0x08001381   Thumb Code   270  stm32f10x_tim.o(.text)
    TIM_PWMIConfig                           0x0800148f   Thumb Code   104  stm32f10x_tim.o(.text)
    TIM_BDTRConfig                           0x080014f7   Thumb Code    34  stm32f10x_tim.o(.text)
    TIM_TimeBaseStructInit                   0x08001519   Thumb Code    18  stm32f10x_tim.o(.text)
    TIM_OCStructInit                         0x0800152b   Thumb Code    20  stm32f10x_tim.o(.text)
    TIM_ICStructInit                         0x0800153f   Thumb Code    16  stm32f10x_tim.o(.text)
    TIM_BDTRStructInit                       0x0800154f   Thumb Code    18  stm32f10x_tim.o(.text)
    TIM_Cmd                                  0x08001561   Thumb Code    20  stm32f10x_tim.o(.text)
    TIM_CtrlPWMOutputs                       0x08001575   Thumb Code    22  stm32f10x_tim.o(.text)
    TIM_ITConfig                             0x0800158b   Thumb Code    16  stm32f10x_tim.o(.text)
    TIM_GenerateEvent                        0x0800159b   Thumb Code     4  stm32f10x_tim.o(.text)
    TIM_DMAConfig                            0x0800159f   Thumb Code     8  stm32f10x_tim.o(.text)
    TIM_DMACmd                               0x080015a7   Thumb Code    16  stm32f10x_tim.o(.text)
    TIM_InternalClockConfig                  0x080015b7   Thumb Code    10  stm32f10x_tim.o(.text)
    TIM_SelectInputTrigger                   0x080015c1   Thumb Code    12  stm32f10x_tim.o(.text)
    TIM_ITRxExternalClockConfig              0x080015cd   Thumb Code    18  stm32f10x_tim.o(.text)
    TIM_TIxExternalClockConfig               0x080015df   Thumb Code    46  stm32f10x_tim.o(.text)
    TIM_ETRConfig                            0x0800160d   Thumb Code    24  stm32f10x_tim.o(.text)
    TIM_ETRClockMode1Config                  0x08001625   Thumb Code    18  stm32f10x_tim.o(.text)
    TIM_ETRClockMode2Config                  0x08001637   Thumb Code    18  stm32f10x_tim.o(.text)
    TIM_PrescalerConfig                      0x08001649   Thumb Code     6  stm32f10x_tim.o(.text)
    TIM_CounterModeConfig                    0x0800164f   Thumb Code    12  stm32f10x_tim.o(.text)
    TIM_EncoderInterfaceConfig               0x0800165b   Thumb Code    50  stm32f10x_tim.o(.text)
    TIM_ForcedOC1Config                      0x0800168d   Thumb Code    12  stm32f10x_tim.o(.text)
    TIM_ForcedOC2Config                      0x08001699   Thumb Code    20  stm32f10x_tim.o(.text)
    TIM_ForcedOC3Config                      0x080016ad   Thumb Code    12  stm32f10x_tim.o(.text)
    TIM_ForcedOC4Config                      0x080016b9   Thumb Code    20  stm32f10x_tim.o(.text)
    TIM_ARRPreloadConfig                     0x080016cd   Thumb Code    20  stm32f10x_tim.o(.text)
    TIM_SelectCOM                            0x080016e1   Thumb Code    20  stm32f10x_tim.o(.text)
    TIM_SelectCCDMA                          0x080016f5   Thumb Code    20  stm32f10x_tim.o(.text)
    TIM_CCPreloadControl                     0x08001709   Thumb Code    20  stm32f10x_tim.o(.text)
    TIM_OC1PreloadConfig                     0x0800171d   Thumb Code    32  stm32f10x_tim.o(.text)
    TIM_OC2PreloadConfig                     0x0800173d   Thumb Code    20  stm32f10x_tim.o(.text)
    TIM_OC3PreloadConfig                     0x08001751   Thumb Code    12  stm32f10x_tim.o(.text)
    TIM_OC4PreloadConfig                     0x0800175d   Thumb Code    20  stm32f10x_tim.o(.text)
    TIM_OC1FastConfig                        0x08001771   Thumb Code    12  stm32f10x_tim.o(.text)
    TIM_OC2FastConfig                        0x0800177d   Thumb Code    20  stm32f10x_tim.o(.text)
    TIM_OC3FastConfig                        0x08001791   Thumb Code    12  stm32f10x_tim.o(.text)
    TIM_OC4FastConfig                        0x0800179d   Thumb Code    20  stm32f10x_tim.o(.text)
    TIM_ClearOC1Ref                          0x080017b1   Thumb Code    12  stm32f10x_tim.o(.text)
    TIM_ClearOC2Ref                          0x080017bd   Thumb Code    20  stm32f10x_tim.o(.text)
    TIM_ClearOC3Ref                          0x080017d1   Thumb Code    12  stm32f10x_tim.o(.text)
    TIM_ClearOC4Ref                          0x080017dd   Thumb Code    20  stm32f10x_tim.o(.text)
    TIM_OC1PolarityConfig                    0x080017f1   Thumb Code    12  stm32f10x_tim.o(.text)
    TIM_OC1NPolarityConfig                   0x080017fd   Thumb Code    12  stm32f10x_tim.o(.text)
    TIM_OC2PolarityConfig                    0x08001809   Thumb Code    20  stm32f10x_tim.o(.text)
    TIM_OC2NPolarityConfig                   0x0800181d   Thumb Code    20  stm32f10x_tim.o(.text)
    TIM_OC3PolarityConfig                    0x08001831   Thumb Code    20  stm32f10x_tim.o(.text)
    TIM_OC3NPolarityConfig                   0x08001845   Thumb Code    20  stm32f10x_tim.o(.text)
    TIM_OC4PolarityConfig                    0x08001859   Thumb Code    20  stm32f10x_tim.o(.text)
    TIM_CCxCmd                               0x0800186d   Thumb Code    22  stm32f10x_tim.o(.text)
    TIM_CCxNCmd                              0x08001883   Thumb Code    22  stm32f10x_tim.o(.text)
    TIM_SelectOCxM                           0x08001899   Thumb Code    70  stm32f10x_tim.o(.text)
    TIM_UpdateDisableConfig                  0x080018df   Thumb Code    20  stm32f10x_tim.o(.text)
    TIM_UpdateRequestConfig                  0x080018f3   Thumb Code    20  stm32f10x_tim.o(.text)
    TIM_SelectHallSensor                     0x08001907   Thumb Code    20  stm32f10x_tim.o(.text)
    TIM_SelectOnePulseMode                   0x0800191b   Thumb Code    16  stm32f10x_tim.o(.text)
    TIM_SelectOutputTrigger                  0x0800192b   Thumb Code    16  stm32f10x_tim.o(.text)
    TIM_SelectSlaveMode                      0x0800193b   Thumb Code    16  stm32f10x_tim.o(.text)
    TIM_SelectMasterSlaveMode                0x0800194b   Thumb Code    16  stm32f10x_tim.o(.text)
    TIM_SetCounter                           0x0800195b   Thumb Code     4  stm32f10x_tim.o(.text)
    TIM_SetAutoreload                        0x0800195f   Thumb Code     4  stm32f10x_tim.o(.text)
    TIM_SetCompare1                          0x08001963   Thumb Code     4  stm32f10x_tim.o(.text)
    TIM_SetCompare2                          0x08001967   Thumb Code     4  stm32f10x_tim.o(.text)
    TIM_SetCompare3                          0x0800196b   Thumb Code     4  stm32f10x_tim.o(.text)
    TIM_SetCompare4                          0x0800196f   Thumb Code     6  stm32f10x_tim.o(.text)
    TIM_SetClockDivision                     0x08001975   Thumb Code    16  stm32f10x_tim.o(.text)
    TIM_GetCapture1                          0x08001985   Thumb Code     4  stm32f10x_tim.o(.text)
    TIM_GetCapture2                          0x08001989   Thumb Code     4  stm32f10x_tim.o(.text)
    TIM_GetCapture3                          0x0800198d   Thumb Code     4  stm32f10x_tim.o(.text)
    TIM_GetCapture4                          0x08001991   Thumb Code     6  stm32f10x_tim.o(.text)
    TIM_GetCounter                           0x08001997   Thumb Code     4  stm32f10x_tim.o(.text)
    TIM_GetPrescaler                         0x0800199b   Thumb Code     4  stm32f10x_tim.o(.text)
    TIM_GetFlagStatus                        0x0800199f   Thumb Code    14  stm32f10x_tim.o(.text)
    TIM_ClearFlag                            0x080019ad   Thumb Code     6  stm32f10x_tim.o(.text)
    TIM_GetITStatus                          0x080019b3   Thumb Code    24  stm32f10x_tim.o(.text)
    TIM_ClearITPendingBit                    0x080019cb   Thumb Code     6  stm32f10x_tim.o(.text)
    main                                     0x080019d1   Thumb Code   480  main.o(.text)
    delay_init                               0x08001c1d   Thumb Code    46  delay.o(.text)
    delay_us                                 0x08001c4b   Thumb Code    46  delay.o(.text)
    delay_ms                                 0x08001c79   Thumb Code    46  delay.o(.text)
    delay_s                                  0x08001ca7   Thumb Code    70  delay.o(.text)
    uart1_init                               0x08001cf9   Thumb Code   160  usart.o(.text)
    USART1_IRQHandler                        0x08001d99   Thumb Code    86  usart.o(.text)
    uart2_init                               0x08001def   Thumb Code   162  usart.o(.text)
    USARTx_Send                              0x08001e91   Thumb Code    46  usart.o(.text)
    u2_printf                                0x08001ebf   Thumb Code    68  usart.o(.text)
    USART2_IRQHandler                        0x08001f03   Thumb Code    88  usart.o(.text)
    fputc                                    0x08001f5b   Thumb Code    30  usart.o(.text)
    GetKey                                   0x08001f79   Thumb Code    20  usart.o(.text)
    SPI2_Init                                0x08001fa5   Thumb Code   118  spi.o(.text)
    SPI2_ReadWriteByte                       0x0800201b   Thumb Code    76  spi.o(.text)
    TIM2_Init                                0x08002071   Thumb Code   112  timer.o(.text)
    TIM2_IRQHandler                          0x080020e1   Thumb Code    44  timer.o(.text)
    TIM4_Init                                0x0800210d   Thumb Code   108  timer.o(.text)
    TIM4_IRQHandler                          0x08002179   Thumb Code    52  timer.o(.text)
    LED_Init                                 0x080021b9   Thumb Code    50  led.o(.text)
    ADS1292_SPI                              0x080021f5   Thumb Code     4  ads1292.o(.text)
    ADS1292_WR_REGS                          0x080021f9   Thumb Code   118  ads1292.o(.text)
    ADS1292_Send_CMD                         0x0800226f   Thumb Code    40  ads1292.o(.text)
    ADS1292_PowerOnInit                      0x08002297   Thumb Code    78  ads1292.o(.text)
    ADS1292_Init                             0x080022e5   Thumb Code   154  ads1292.o(.text)
    ADS1292_Read_Data                        0x0800237f   Thumb Code    42  ads1292.o(.text)
    EXTI9_5_IRQHandler                       0x080023a9   Thumb Code    42  ads1292.o(.text)
    ADS1292_SET_REGBUFF                      0x080023d3   Thumb Code   258  ads1292.o(.text)
    ADS1292_WRITE_REGBUFF                    0x080024d5   Thumb Code   132  ads1292.o(.text)
    ADS1292_Single_Test                      0x08002559   Thumb Code    40  ads1292.o(.text)
    ADS1292_Noise_Test                       0x08002581   Thumb Code    38  ads1292.o(.text)
    ADS1292_Single_Read                      0x080025a7   Thumb Code    36  ads1292.o(.text)
    Set_ADS1292_Collect                      0x080025cb   Thumb Code   198  ads1292.o(.text)
    ADS1292_val_init                         0x08002691   Thumb Code    76  ads1292.o(.text)
    get_volt                                 0x080026dd   Thumb Code     6  ads1292.o(.text)
    Get_val_init_data                        0x080026e3   Thumb Code   102  ads1292.o(.text)
    bpm_calculate                            0x08002759   Thumb Code   338  bpm.o(.text)
    maxim_peaks_above_min_height             0x080028b9   Thumb Code   102  findpeaks.o(.text)
    maxim_sort_indices_descend               0x0800291f   Thumb Code    56  findpeaks.o(.text)
    maxim_remove_close_peaks                 0x08002957   Thumb Code    94  findpeaks.o(.text)
    maxim_sort_ascend                        0x080029b5   Thumb Code    64  findpeaks.o(.text)
    arm_max_f32                              0x080029f5   Thumb Code   208  arm_max_f32.o(.text)
    arm_min_f32                              0x08002ac5   Thumb Code   208  arm_min_f32.o(.text)
    strlen                                   0x08002b95   Thumb Code    14  strlen.o(.text)
    __aeabi_fadd                             0x08002ba3   Thumb Code   164  fadd.o(.text)
    __aeabi_fsub                             0x08002c47   Thumb Code     6  fadd.o(.text)
    __aeabi_frsub                            0x08002c4d   Thumb Code     6  fadd.o(.text)
    __aeabi_fmul                             0x08002c53   Thumb Code   100  fmul.o(.text)
    __aeabi_fdiv                             0x08002cb7   Thumb Code   124  fdiv.o(.text)
    __aeabi_dmul                             0x08002d33   Thumb Code   228  dmul.o(.text)
    __aeabi_ddiv                             0x08002e17   Thumb Code   222  ddiv.o(.text)
    __aeabi_i2f                              0x08002ef5   Thumb Code    18  fflti.o(.text)
    __aeabi_ui2f                             0x08002f07   Thumb Code    10  ffltui.o(.text)
    __aeabi_i2d                              0x08002f11   Thumb Code    34  dflti.o(.text)
    __aeabi_f2iz                             0x08002f33   Thumb Code    50  ffixi.o(.text)
    __aeabi_d2iz                             0x08002f65   Thumb Code    62  dfixi.o(.text)
    __aeabi_cfcmpeq                          0x08002fa5   Thumb Code     0  cfcmple.o(.text)
    __aeabi_cfcmple                          0x08002fa5   Thumb Code    20  cfcmple.o(.text)
    __aeabi_cfrcmple                         0x08002fb9   Thumb Code    20  cfrcmple.o(.text)
    __aeabi_uidiv                            0x08002fcd   Thumb Code     0  uidiv.o(.text)
    __aeabi_uidivmod                         0x08002fcd   Thumb Code    44  uidiv.o(.text)
    __aeabi_uldivmod                         0x08002ff9   Thumb Code    98  uldiv.o(.text)
    __aeabi_llsr                             0x0800305b   Thumb Code    32  llushr.o(.text)
    _ll_ushift_r                             0x0800305b   Thumb Code     0  llushr.o(.text)
    __I$use$fp                               0x0800307b   Thumb Code     0  iusefp.o(.text)
    _float_round                             0x0800307b   Thumb Code    18  fepilogue.o(.text)
    _float_epilogue                          0x0800308d   Thumb Code    92  fepilogue.o(.text)
    _double_round                            0x080030e9   Thumb Code    30  depilogue.o(.text)
    _double_epilogue                         0x08003107   Thumb Code   156  depilogue.o(.text)
    __aeabi_dadd                             0x080031a3   Thumb Code   322  dadd.o(.text)
    __aeabi_dsub                             0x080032e5   Thumb Code     6  dadd.o(.text)
    __aeabi_drsub                            0x080032eb   Thumb Code     6  dadd.o(.text)
    __aeabi_d2ulz                            0x080032f1   Thumb Code    48  dfixul.o(.text)
    __aeabi_cdrcmple                         0x08003321   Thumb Code    48  cdrcmple.o(.text)
    __scatterload                            0x08003351   Thumb Code    28  init.o(.text)
    __scatterload_rt2                        0x08003351   Thumb Code     0  init.o(.text)
    __aeabi_llsl                             0x08003375   Thumb Code    30  llshl.o(.text)
    _ll_shift_l                              0x08003375   Thumb Code     0  llshl.o(.text)
    __aeabi_lasr                             0x08003393   Thumb Code    36  llsshr.o(.text)
    _ll_sshift_r                             0x08003393   Thumb Code     0  llsshr.o(.text)
    __0printf                                0x080033b9   Thumb Code    22  printfa.o(i.__0printf)
    __1printf                                0x080033b9   Thumb Code     0  printfa.o(i.__0printf)
    __2printf                                0x080033b9   Thumb Code     0  printfa.o(i.__0printf)
    __c89printf                              0x080033b9   Thumb Code     0  printfa.o(i.__0printf)
    printf                                   0x080033b9   Thumb Code     0  printfa.o(i.__0printf)
    __0vsprintf                              0x080033d9   Thumb Code    30  printfa.o(i.__0vsprintf)
    __1vsprintf                              0x080033d9   Thumb Code     0  printfa.o(i.__0vsprintf)
    __2vsprintf                              0x080033d9   Thumb Code     0  printfa.o(i.__0vsprintf)
    __c89vsprintf                            0x080033d9   Thumb Code     0  printfa.o(i.__0vsprintf)
    vsprintf                                 0x080033d9   Thumb Code     0  printfa.o(i.__0vsprintf)
    __scatterload_copy                       0x080033fd   Thumb Code    14  handlers.o(i.__scatterload_copy)
    __scatterload_null                       0x0800340b   Thumb Code     2  handlers.o(i.__scatterload_null)
    __scatterload_zeroinit                   0x0800340d   Thumb Code    14  handlers.o(i.__scatterload_zeroinit)
    Region$$Table$$Base                      0x08003cd8   Number         0  anon$$obj.o(Region$$Table)
    Region$$Table$$Limit                     0x08003cf8   Number         0  anon$$obj.o(Region$$Table)
    SystemCoreClock                          0x20000000   Data           4  system_stm32f10x.o(.data)
    AHBPrescTable                            0x20000004   Data          16  system_stm32f10x.o(.data)
    Ending                                   0x2000002a   Data           3  main.o(.data)
    a1                                       0x20000030   Data           4  main.o(.data)
    b1                                       0x20000034   Data           4  main.o(.data)
    val1                                     0x20000038   Data           4  main.o(.data)
    pn_npks                                  0x20000040   Data           4  main.o(.data)
    USART_RX_STA                             0x20000048   Data           2  usart.o(.data)
    USART2_RX_STA                            0x2000004a   Data           2  usart.o(.data)
    Ads1292_Config1                          0x2000004c   Data           1  ads1292.o(.data)
    ads1292_recive_flag                      0x2000004d   Data           1  ads1292.o(.data)
    Ads1292_Ch1set                           0x2000004e   Data           3  ads1292.o(.data)
    Ads1292_Ch2set                           0x20000051   Data           3  ads1292.o(.data)
    Ads1292_Resp2                            0x20000054   Data           3  ads1292.o(.data)
    Ads1292_Resp1                            0x20000057   Data           4  ads1292.o(.data)
    max_init_val                             0x20000064   Data           4  ads1292.o(.data)
    maxIndex                                 0x20000068   Data           4  ads1292.o(.data)
    min_init_val                             0x2000006c   Data           4  ads1292.o(.data)
    minIndex                                 0x20000070   Data           4  ads1292.o(.data)
    Ads1292_Config2                          0x20000074   Data           5  ads1292.o(.data)
    Ads1292_Rld_Sens                         0x20000079   Data           6  ads1292.o(.data)
    Ads1292_Loff_Sens                        0x2000007f   Data           6  ads1292.o(.data)
    __stdout                                 0x20000088   Data           4  stdout.o(.data)
    val_init_data                            0x2000008c   Data        4000  main.o(.bss)
    breath_init_cache                        0x2000102c   Data        4000  main.o(.bss)
    bpm_cache                                0x20001fcc   Data        4000  main.o(.bss)
    pn_locs                                  0x20002f6c   Data          60  main.o(.bss)
    USART_RX_BUF                             0x20002fa8   Data         255  usart.o(.bss)
    USART2_RX_BUF                            0x200030a7   Data         255  usart.o(.bss)
    USART2_TX_BUF                            0x200031a6   Data         255  usart.o(.bss)
    ADS1292_REG                              0x200032a5   Data          12  ads1292.o(.bss)
    ads1292_Cache                            0x200032b1   Data           9  ads1292.o(.bss)
    __initial_sp                             0x200034c0   Data           0  startup_stm32f10x_md.o(STACK)



==============================================================================

Memory Map of the image

  Image Entry point : 0x080000ed

  Load Region LR_IROM1 (Base: 0x08000000, Size: 0x00003d84, Max: 0x00010000, ABSOLUTE)

    Execution Region ER_IROM1 (Exec base: 0x08000000, Load base: 0x08000000, Size: 0x00003cf8, Max: 0x00010000, ABSOLUTE)

    Exec Addr    Load Addr    Size         Type   Attr      Idx    E Section Name        Object

    0x08000000   0x08000000   0x000000ec   Data   RO          127    RESET               startup_stm32f10x_md.o
    0x080000ec   0x080000ec   0x00000000   Code   RO         1065  * .ARM.Collect$$$$00000000  mc_w.l(entry.o)
    0x080000ec   0x080000ec   0x00000004   Code   RO         1355    .ARM.Collect$$$$00000001  mc_w.l(entry2.o)
    0x080000f0   0x080000f0   0x00000004   Code   RO         1358    .ARM.Collect$$$$00000004  mc_w.l(entry5.o)
    0x080000f4   0x080000f4   0x00000000   Code   RO         1360    .ARM.Collect$$$$00000008  mc_w.l(entry7b.o)
    0x080000f4   0x080000f4   0x00000000   Code   RO         1362    .ARM.Collect$$$$0000000A  mc_w.l(entry8b.o)
    0x080000f4   0x080000f4   0x00000008   Code   RO         1363    .ARM.Collect$$$$0000000B  mc_w.l(entry9a.o)
    0x080000fc   0x080000fc   0x00000000   Code   RO         1365    .ARM.Collect$$$$0000000D  mc_w.l(entry10a.o)
    0x080000fc   0x080000fc   0x00000000   Code   RO         1367    .ARM.Collect$$$$0000000F  mc_w.l(entry11a.o)
    0x080000fc   0x080000fc   0x00000004   Code   RO         1356    .ARM.Collect$$$$00002712  mc_w.l(entry2.o)
    0x08000100   0x08000100   0x00000158   Code   RO           19    .text               system_stm32f10x.o
    0x08000258   0x08000258   0x00000012   Code   RO          100    .text               stm32f10x_it.o
    0x0800026a   0x0800026a   0x00000002   PAD
    0x0800026c   0x0800026c   0x00000024   Code   RO          128    .text               startup_stm32f10x_md.o
    0x08000290   0x08000290   0x000000b0   Code   RO          134    .text               misc.o
    0x08000340   0x08000340   0x00000264   Code   RO          154    .text               stm32f10x_gpio.o
    0x080005a4   0x080005a4   0x000002b8   Code   RO          174    .text               stm32f10x_rcc.o
    0x0800085c   0x0800085c   0x00000328   Code   RO          196    .text               stm32f10x_usart.o
    0x08000b84   0x08000b84   0x000000e8   Code   RO          216    .text               stm32f10x_exti.o
    0x08000c6c   0x08000c6c   0x00000274   Code   RO          542    .text               stm32f10x_spi.o
    0x08000ee0   0x08000ee0   0x00000af0   Code   RO          562    .text               stm32f10x_tim.o
    0x080019d0   0x080019d0   0x0000024c   Code   RO          656    .text               main.o
    0x08001c1c   0x08001c1c   0x000000dc   Code   RO          718    .text               delay.o
    0x08001cf8   0x08001cf8   0x000002ac   Code   RO          743    .text               usart.o
    0x08001fa4   0x08001fa4   0x000000cc   Code   RO          777    .text               spi.o
    0x08002070   0x08002070   0x00000148   Code   RO          800    .text               timer.o
    0x080021b8   0x080021b8   0x0000003c   Code   RO          844    .text               led.o
    0x080021f4   0x080021f4   0x00000564   Code   RO          864    .text               ads1292.o
    0x08002758   0x08002758   0x00000160   Code   RO          915    .text               bpm.o
    0x080028b8   0x080028b8   0x0000013c   Code   RO          935    .text               findpeaks.o
    0x080029f4   0x080029f4   0x000000d0   Code   RO          985    .text               arm_cortexM3l_math.lib(arm_max_f32.o)
    0x08002ac4   0x08002ac4   0x000000d0   Code   RO         1027    .text               arm_cortexM3l_math.lib(arm_min_f32.o)
    0x08002b94   0x08002b94   0x0000000e   Code   RO         1068    .text               mc_w.l(strlen.o)
    0x08002ba2   0x08002ba2   0x000000b0   Code   RO         1331    .text               mf_w.l(fadd.o)
    0x08002c52   0x08002c52   0x00000064   Code   RO         1333    .text               mf_w.l(fmul.o)
    0x08002cb6   0x08002cb6   0x0000007c   Code   RO         1335    .text               mf_w.l(fdiv.o)
    0x08002d32   0x08002d32   0x000000e4   Code   RO         1337    .text               mf_w.l(dmul.o)
    0x08002e16   0x08002e16   0x000000de   Code   RO         1339    .text               mf_w.l(ddiv.o)
    0x08002ef4   0x08002ef4   0x00000012   Code   RO         1341    .text               mf_w.l(fflti.o)
    0x08002f06   0x08002f06   0x0000000a   Code   RO         1343    .text               mf_w.l(ffltui.o)
    0x08002f10   0x08002f10   0x00000022   Code   RO         1345    .text               mf_w.l(dflti.o)
    0x08002f32   0x08002f32   0x00000032   Code   RO         1347    .text               mf_w.l(ffixi.o)
    0x08002f64   0x08002f64   0x0000003e   Code   RO         1349    .text               mf_w.l(dfixi.o)
    0x08002fa2   0x08002fa2   0x00000002   PAD
    0x08002fa4   0x08002fa4   0x00000014   Code   RO         1351    .text               mf_w.l(cfcmple.o)
    0x08002fb8   0x08002fb8   0x00000014   Code   RO         1353    .text               mf_w.l(cfrcmple.o)
    0x08002fcc   0x08002fcc   0x0000002c   Code   RO         1370    .text               mc_w.l(uidiv.o)
    0x08002ff8   0x08002ff8   0x00000062   Code   RO         1372    .text               mc_w.l(uldiv.o)
    0x0800305a   0x0800305a   0x00000020   Code   RO         1374    .text               mc_w.l(llushr.o)
    0x0800307a   0x0800307a   0x00000000   Code   RO         1376    .text               mc_w.l(iusefp.o)
    0x0800307a   0x0800307a   0x0000006e   Code   RO         1377    .text               mf_w.l(fepilogue.o)
    0x080030e8   0x080030e8   0x000000ba   Code   RO         1379    .text               mf_w.l(depilogue.o)
    0x080031a2   0x080031a2   0x0000014e   Code   RO         1381    .text               mf_w.l(dadd.o)
    0x080032f0   0x080032f0   0x00000030   Code   RO         1383    .text               mf_w.l(dfixul.o)
    0x08003320   0x08003320   0x00000030   Code   RO         1385    .text               mf_w.l(cdrcmple.o)
    0x08003350   0x08003350   0x00000024   Code   RO         1387    .text               mc_w.l(init.o)
    0x08003374   0x08003374   0x0000001e   Code   RO         1389    .text               mc_w.l(llshl.o)
    0x08003392   0x08003392   0x00000024   Code   RO         1391    .text               mc_w.l(llsshr.o)
    0x080033b6   0x080033b6   0x00000002   PAD
    0x080033b8   0x080033b8   0x00000020   Code   RO         1303    i.__0printf         mc_w.l(printfa.o)
    0x080033d8   0x080033d8   0x00000024   Code   RO         1309    i.__0vsprintf       mc_w.l(printfa.o)
    0x080033fc   0x080033fc   0x0000000e   Code   RO         1395    i.__scatterload_copy  mc_w.l(handlers.o)
    0x0800340a   0x0800340a   0x00000002   Code   RO         1396    i.__scatterload_null  mc_w.l(handlers.o)
    0x0800340c   0x0800340c   0x0000000e   Code   RO         1397    i.__scatterload_zeroinit  mc_w.l(handlers.o)
    0x0800341a   0x0800341a   0x00000002   PAD
    0x0800341c   0x0800341c   0x00000184   Code   RO         1310    i._fp_digits        mc_w.l(printfa.o)
    0x080035a0   0x080035a0   0x000006dc   Code   RO         1311    i._printf_core      mc_w.l(printfa.o)
    0x08003c7c   0x08003c7c   0x00000024   Code   RO         1312    i._printf_post_padding  mc_w.l(printfa.o)
    0x08003ca0   0x08003ca0   0x0000002e   Code   RO         1313    i._printf_pre_padding  mc_w.l(printfa.o)
    0x08003cce   0x08003cce   0x0000000a   Code   RO         1315    i._sputc            mc_w.l(printfa.o)
    0x08003cd8   0x08003cd8   0x00000020   Data   RO         1393    Region$$Table       anon$$obj.o


    Execution Region RW_IRAM1 (Exec base: 0x20000000, Load base: 0x08003cf8, Size: 0x000034c0, Max: 0x00005000, ABSOLUTE)

    Exec Addr    Load Addr    Size         Type   Attr      Idx    E Section Name        Object

    0x20000000   0x08003cf8   0x00000014   Data   RW           20    .data               system_stm32f10x.o
    0x20000014   0x08003d0c   0x00000014   Data   RW          175    .data               stm32f10x_rcc.o
    0x20000028   0x08003d20   0x0000001c   Data   RW          658    .data               main.o
    0x20000044   0x08003d3c   0x00000004   Data   RW          719    .data               delay.o
    0x20000048   0x08003d40   0x00000004   Data   RW          745    .data               usart.o
    0x2000004c   0x08003d44   0x00000039   Data   RW          866    .data               ads1292.o
    0x20000085   0x08003d7d   0x00000003   PAD
    0x20000088   0x08003d80   0x00000004   Data   RW         1369    .data               mc_w.l(stdout.o)
    0x2000008c        -       0x00002f1c   Zero   RW          657    .bss                main.o
    0x20002fa8        -       0x000002fd   Zero   RW          744    .bss                usart.o
    0x200032a5        -       0x00000015   Zero   RW          865    .bss                ads1292.o
    0x200032ba   0x08003d84   0x00000006   PAD
    0x200032c0        -       0x00000200   Zero   RW          125    STACK               startup_stm32f10x_md.o


==============================================================================

Image component sizes


      Code (inc. data)   RO Data    RW Data    ZI Data      Debug   Object Name

      1380        138          0         57         21       9537   ads1292.o
       352         22          0          0          0        952   bpm.o
         0          0          0          0          0       4532   core_cm3.o
       220         12          0          4          0       1255   delay.o
       316          0          0          0          0       2529   findpeaks.o
        60         10          0          0          0        467   led.o
       588        108          0         28      12060      15738   main.o
       176         14          0          0          0       1893   misc.o
       204         10          0          0          0        935   spi.o
        36          8        236          0        512        788   startup_stm32f10x_md.o
       232          8          0          0          0       2399   stm32f10x_exti.o
       612         36          0          0          0       6021   stm32f10x_gpio.o
        18          0          0          0          0       1174   stm32f10x_it.o
       696         32          0         20          0       8996   stm32f10x_rcc.o
       628         14          0          0          0       7046   stm32f10x_spi.o
      2800         84          0          0          0      23958   stm32f10x_tim.o
       808         22          0          0          0       8884   stm32f10x_usart.o
       344         34          0         20          0     257751   system_stm32f10x.o
       328         12          0          0          0       1262   timer.o
       684         24          0          4        765       5181   usart.o

    ----------------------------------------------------------------------
     10484        588        268        136      13364     361298   Object Totals
         0          0         32          0          0          0   (incl. Generated)
         2          0          0          3          6          0   (incl. Padding)

    ----------------------------------------------------------------------

      Code (inc. data)   RO Data    RW Data    ZI Data      Debug   Library Member Name

       208          0          0          0          0      17922   arm_max_f32.o
       208          0          0          0          0       1214   arm_min_f32.o
         0          0          0          0          0          0   entry.o
         0          0          0          0          0          0   entry10a.o
         0          0          0          0          0          0   entry11a.o
         8          4          0          0          0          0   entry2.o
         4          0          0          0          0          0   entry5.o
         0          0          0          0          0          0   entry7b.o
         0          0          0          0          0          0   entry8b.o
         8          4          0          0          0          0   entry9a.o
        30          0          0          0          0          0   handlers.o
        36          8          0          0          0         68   init.o
         0          0          0          0          0          0   iusefp.o
        30          0          0          0          0         68   llshl.o
        36          0          0          0          0         68   llsshr.o
        32          0          0          0          0         68   llushr.o
      2304         96          0          0          0        600   printfa.o
         0          0          0          4          0          0   stdout.o
        14          0          0          0          0         68   strlen.o
        44          0          0          0          0         80   uidiv.o
        98          0          0          0          0         92   uldiv.o
        48          0          0          0          0         68   cdrcmple.o
        20          0          0          0          0         68   cfcmple.o
        20          0          0          0          0         68   cfrcmple.o
       334          0          0          0          0        148   dadd.o
       222          0          0          0          0        100   ddiv.o
       186          0          0          0          0        176   depilogue.o
        62          0          0          0          0         80   dfixi.o
        48          0          0          0          0         68   dfixul.o
        34          0          0          0          0         76   dflti.o
       228          0          0          0          0         96   dmul.o
       176          0          0          0          0        140   fadd.o
       124          0          0          0          0         88   fdiv.o
       110          0          0          0          0        168   fepilogue.o
        50          0          0          0          0         68   ffixi.o
        18          0          0          0          0         68   fflti.o
        10          0          0          0          0         68   ffltui.o
       100          0          0          0          0         76   fmul.o

    ----------------------------------------------------------------------
      4856        112          0          4          0      21872   Library Totals
         6          0          0          0          0          0   (incl. Padding)

    ----------------------------------------------------------------------

      Code (inc. data)   RO Data    RW Data    ZI Data      Debug   Library Name

       416          0          0          0          0      19136   arm_cortexM3l_math.lib
      2644        112          0          4          0       1112   mc_w.l
      1790          0          0          0          0       1624   mf_w.l

    ----------------------------------------------------------------------
      4856        112          0          4          0      21872   Library Totals

    ----------------------------------------------------------------------

==============================================================================


      Code (inc. data)   RO Data    RW Data    ZI Data      Debug   

     15340        700        268        140      13364     379474   Grand Totals
     15340        700        268        140      13364     379474   ELF Image Totals
     15340        700        268        140          0          0   ROM Totals

==============================================================================

    Total RO  Size (Code + RO Data)                15608 (  15.24kB)
    Total RW  Size (RW Data + ZI Data)             13504 (  13.19kB)
    Total ROM Size (Code + RO Data + RW Data)      15748 (  15.38kB)

==============================================================================

