<?xml version="1.0"?>
<link_info>
   <banner>TI ARM Linker PC v5.2.6</banner>
   <copyright>Copyright (c) 1996-2015 Texas Instruments Incorporated</copyright>
   <link_time>0x56b70af1</link_time>
   <link_errors>0x0</link_errors>
   <output_file>MSP432_Delay.out</output_file>
   <entry_point>
      <name>_c_int00</name>
      <address>0x1ac1</address>
   </entry_point>
   <input_file_list>
      <input_file id="fl-2">
         <path>.\</path>
         <kind>object</kind>
         <file>main.obj</file>
         <name>main.obj</name>
      </input_file>
      <input_file id="fl-3">
         <path>.\</path>
         <kind>object</kind>
         <file>msp432_startup_ccs.obj</file>
         <name>msp432_startup_ccs.obj</name>
      </input_file>
      <input_file id="fl-4">
         <path>.\sys\</path>
         <kind>object</kind>
         <file>delay.obj</file>
         <name>delay.obj</name>
      </input_file>
      <input_file id="fl-5">
         <path>.\MSP432P4xx\</path>
         <kind>object</kind>
         <file>adc14.obj</file>
         <name>adc14.obj</name>
      </input_file>
      <input_file id="fl-6">
         <path>.\MSP432P4xx\</path>
         <kind>object</kind>
         <file>aes256.obj</file>
         <name>aes256.obj</name>
      </input_file>
      <input_file id="fl-7">
         <path>.\MSP432P4xx\</path>
         <kind>object</kind>
         <file>comp_e.obj</file>
         <name>comp_e.obj</name>
      </input_file>
      <input_file id="fl-8">
         <path>.\MSP432P4xx\</path>
         <kind>object</kind>
         <file>cpu.obj</file>
         <name>cpu.obj</name>
      </input_file>
      <input_file id="fl-9">
         <path>.\MSP432P4xx\</path>
         <kind>object</kind>
         <file>crc32.obj</file>
         <name>crc32.obj</name>
      </input_file>
      <input_file id="fl-a">
         <path>.\MSP432P4xx\</path>
         <kind>object</kind>
         <file>cs.obj</file>
         <name>cs.obj</name>
      </input_file>
      <input_file id="fl-b">
         <path>.\MSP432P4xx\</path>
         <kind>object</kind>
         <file>dma.obj</file>
         <name>dma.obj</name>
      </input_file>
      <input_file id="fl-c">
         <path>.\MSP432P4xx\</path>
         <kind>object</kind>
         <file>flash.obj</file>
         <name>flash.obj</name>
      </input_file>
      <input_file id="fl-d">
         <path>.\MSP432P4xx\</path>
         <kind>object</kind>
         <file>fpu.obj</file>
         <name>fpu.obj</name>
      </input_file>
      <input_file id="fl-e">
         <path>.\MSP432P4xx\</path>
         <kind>object</kind>
         <file>gpio.obj</file>
         <name>gpio.obj</name>
      </input_file>
      <input_file id="fl-f">
         <path>.\MSP432P4xx\</path>
         <kind>object</kind>
         <file>i2c.obj</file>
         <name>i2c.obj</name>
      </input_file>
      <input_file id="fl-10">
         <path>.\MSP432P4xx\</path>
         <kind>object</kind>
         <file>interrupt.obj</file>
         <name>interrupt.obj</name>
      </input_file>
      <input_file id="fl-11">
         <path>.\MSP432P4xx\</path>
         <kind>object</kind>
         <file>mpu.obj</file>
         <name>mpu.obj</name>
      </input_file>
      <input_file id="fl-12">
         <path>.\MSP432P4xx\</path>
         <kind>object</kind>
         <file>pcm.obj</file>
         <name>pcm.obj</name>
      </input_file>
      <input_file id="fl-13">
         <path>.\MSP432P4xx\</path>
         <kind>object</kind>
         <file>pmap.obj</file>
         <name>pmap.obj</name>
      </input_file>
      <input_file id="fl-14">
         <path>.\MSP432P4xx\</path>
         <kind>object</kind>
         <file>pss.obj</file>
         <name>pss.obj</name>
      </input_file>
      <input_file id="fl-15">
         <path>.\MSP432P4xx\</path>
         <kind>object</kind>
         <file>ref_a.obj</file>
         <name>ref_a.obj</name>
      </input_file>
      <input_file id="fl-16">
         <path>.\MSP432P4xx\</path>
         <kind>object</kind>
         <file>reset.obj</file>
         <name>reset.obj</name>
      </input_file>
      <input_file id="fl-17">
         <path>.\MSP432P4xx\</path>
         <kind>object</kind>
         <file>rtc_c.obj</file>
         <name>rtc_c.obj</name>
      </input_file>
      <input_file id="fl-18">
         <path>.\MSP432P4xx\</path>
         <kind>object</kind>
         <file>spi.obj</file>
         <name>spi.obj</name>
      </input_file>
      <input_file id="fl-19">
         <path>.\MSP432P4xx\</path>
         <kind>object</kind>
         <file>sysctl.obj</file>
         <name>sysctl.obj</name>
      </input_file>
      <input_file id="fl-1a">
         <path>.\MSP432P4xx\</path>
         <kind>object</kind>
         <file>systick.obj</file>
         <name>systick.obj</name>
      </input_file>
      <input_file id="fl-1b">
         <path>.\MSP432P4xx\</path>
         <kind>object</kind>
         <file>timer32.obj</file>
         <name>timer32.obj</name>
      </input_file>
      <input_file id="fl-1c">
         <path>.\MSP432P4xx\</path>
         <kind>object</kind>
         <file>timer_a.obj</file>
         <name>timer_a.obj</name>
      </input_file>
      <input_file id="fl-1d">
         <path>.\MSP432P4xx\</path>
         <kind>object</kind>
         <file>uart.obj</file>
         <name>uart.obj</name>
      </input_file>
      <input_file id="fl-1e">
         <path>.\MSP432P4xx\</path>
         <kind>object</kind>
         <file>wdt_a.obj</file>
         <name>wdt_a.obj</name>
      </input_file>
      <input_file id="fl-148">
         <path>D:\Program Files (x86)\Texas Instruments\ccsv6\tools\compiler\ti-cgt-arm_5.2.6\lib\</path>
         <kind>archive</kind>
         <file>rtsv7M4_T_le_v4SPD16_eabi.lib</file>
         <name>boot.obj</name>
      </input_file>
      <input_file id="fl-149">
         <path>D:\Program Files (x86)\Texas Instruments\ccsv6\tools\compiler\ti-cgt-arm_5.2.6\lib\</path>
         <kind>archive</kind>
         <file>rtsv7M4_T_le_v4SPD16_eabi.lib</file>
         <name>copy_decompress_none.obj</name>
      </input_file>
      <input_file id="fl-14a">
         <path>D:\Program Files (x86)\Texas Instruments\ccsv6\tools\compiler\ti-cgt-arm_5.2.6\lib\</path>
         <kind>archive</kind>
         <file>rtsv7M4_T_le_v4SPD16_eabi.lib</file>
         <name>copy_decompress_rle.obj</name>
      </input_file>
      <input_file id="fl-14b">
         <path>D:\Program Files (x86)\Texas Instruments\ccsv6\tools\compiler\ti-cgt-arm_5.2.6\lib\</path>
         <kind>archive</kind>
         <file>rtsv7M4_T_le_v4SPD16_eabi.lib</file>
         <name>copy_zero_init.obj</name>
      </input_file>
      <input_file id="fl-14c">
         <path>D:\Program Files (x86)\Texas Instruments\ccsv6\tools\compiler\ti-cgt-arm_5.2.6\lib\</path>
         <kind>archive</kind>
         <file>rtsv7M4_T_le_v4SPD16_eabi.lib</file>
         <name>exit.obj</name>
      </input_file>
      <input_file id="fl-14d">
         <path>D:\Program Files (x86)\Texas Instruments\ccsv6\tools\compiler\ti-cgt-arm_5.2.6\lib\</path>
         <kind>archive</kind>
         <file>rtsv7M4_T_le_v4SPD16_eabi.lib</file>
         <name>memcpy_t2.obj</name>
      </input_file>
      <input_file id="fl-14e">
         <path>D:\Program Files (x86)\Texas Instruments\ccsv6\tools\compiler\ti-cgt-arm_5.2.6\lib\</path>
         <kind>archive</kind>
         <file>rtsv7M4_T_le_v4SPD16_eabi.lib</file>
         <name>memset_t2.obj</name>
      </input_file>
      <input_file id="fl-14f">
         <path>D:\Program Files (x86)\Texas Instruments\ccsv6\tools\compiler\ti-cgt-arm_5.2.6\lib\</path>
         <kind>archive</kind>
         <file>rtsv7M4_T_le_v4SPD16_eabi.lib</file>
         <name>pre_init.obj</name>
      </input_file>
      <input_file id="fl-150">
         <path>D:\Program Files (x86)\Texas Instruments\ccsv6\tools\compiler\ti-cgt-arm_5.2.6\lib\</path>
         <kind>archive</kind>
         <file>rtsv7M4_T_le_v4SPD16_eabi.lib</file>
         <name>stkdepth_vars.obj</name>
      </input_file>
      <input_file id="fl-151">
         <path>D:\Program Files (x86)\Texas Instruments\ccsv6\tools\compiler\ti-cgt-arm_5.2.6\lib\</path>
         <kind>archive</kind>
         <file>rtsv7M4_T_le_v4SPD16_eabi.lib</file>
         <name>_lock.obj</name>
      </input_file>
      <input_file id="fl-152">
         <path>D:\Program Files (x86)\Texas Instruments\ccsv6\tools\compiler\ti-cgt-arm_5.2.6\lib\</path>
         <kind>archive</kind>
         <file>rtsv7M4_T_le_v4SPD16_eabi.lib</file>
         <name>args_main.obj</name>
      </input_file>
      <input_file id="fl-153">
         <path>D:\Program Files (x86)\Texas Instruments\ccsv6\tools\compiler\ti-cgt-arm_5.2.6\lib\</path>
         <kind>archive</kind>
         <file>rtsv7M4_T_le_v4SPD16_eabi.lib</file>
         <name>autoinit.obj</name>
      </input_file>
      <input_file id="fl-154">
         <path>D:\Program Files (x86)\Texas Instruments\ccsv6\tools\compiler\ti-cgt-arm_5.2.6\lib\</path>
         <kind>archive</kind>
         <file>rtsv7M4_T_le_v4SPD16_eabi.lib</file>
         <name>cpy_tbl.obj</name>
      </input_file>
   </input_file_list>
   <object_component_list>
      <object_component id="oc-10">
         <name>.intvecs</name>
         <load_address>0x0</load_address>
         <run_address>0x0</run_address>
         <size>0x144</size>
         <input_file_ref idref="fl-3"/>
      </object_component>
      <object_component id="oc-c0">
         <name>.text</name>
         <load_address>0x144</load_address>
         <run_address>0x144</run_address>
         <size>0xb58</size>
         <input_file_ref idref="fl-a"/>
      </object_component>
      <object_component id="oc-ba">
         <name>.text</name>
         <load_address>0xc9c</load_address>
         <run_address>0xc9c</run_address>
         <size>0x488</size>
         <input_file_ref idref="fl-e"/>
      </object_component>
      <object_component id="oc-f4">
         <name>.text</name>
         <load_address>0x1124</load_address>
         <run_address>0x1124</run_address>
         <size>0x3f0</size>
         <input_file_ref idref="fl-10"/>
      </object_component>
      <object_component id="oc-108">
         <name>.text</name>
         <load_address>0x1514</load_address>
         <run_address>0x1514</run_address>
         <size>0x1d0</size>
         <input_file_ref idref="fl-19"/>
      </object_component>
      <object_component id="oc-99">
         <name>.text</name>
         <load_address>0x16e4</load_address>
         <run_address>0x16e4</run_address>
         <size>0x118</size>
         <input_file_ref idref="fl-2"/>
      </object_component>
      <object_component id="oc-c6">
         <name>.text</name>
         <load_address>0x17fc</load_address>
         <run_address>0x17fc</run_address>
         <size>0xd4</size>
         <input_file_ref idref="fl-4"/>
      </object_component>
      <object_component id="oc-34">
         <name>.text</name>
         <load_address>0x18d0</load_address>
         <run_address>0x18d0</run_address>
         <size>0x9c</size>
         <input_file_ref idref="fl-14d"/>
      </object_component>
      <object_component id="oc-4d">
         <name>.text</name>
         <load_address>0x196c</load_address>
         <run_address>0x196c</run_address>
         <size>0x7a</size>
         <input_file_ref idref="fl-14e"/>
      </object_component>
      <object_component id="oc-5f">
         <name>.text</name>
         <load_address>0x19e8</load_address>
         <run_address>0x19e8</run_address>
         <size>0x6c</size>
         <input_file_ref idref="fl-153"/>
      </object_component>
      <object_component id="oc-40">
         <name>.text</name>
         <load_address>0x1a54</load_address>
         <run_address>0x1a54</run_address>
         <size>0x6a</size>
         <input_file_ref idref="fl-14a"/>
      </object_component>
      <object_component id="oc-25">
         <name>.text</name>
         <load_address>0x1ac0</load_address>
         <run_address>0x1ac0</run_address>
         <size>0x50</size>
         <input_file_ref idref="fl-148"/>
      </object_component>
      <object_component id="oc-91">
         <name>.text</name>
         <load_address>0x1b10</load_address>
         <run_address>0x1b10</run_address>
         <size>0x4c</size>
         <input_file_ref idref="fl-154"/>
      </object_component>
      <object_component id="oc-6b">
         <name>.text</name>
         <load_address>0x1b5c</load_address>
         <run_address>0x1b5c</run_address>
         <size>0x44</size>
         <input_file_ref idref="fl-14c"/>
      </object_component>
      <object_component id="oc-124">
         <name>.text</name>
         <load_address>0x1ba0</load_address>
         <run_address>0x1ba0</run_address>
         <size>0x3e</size>
         <input_file_ref idref="fl-8"/>
      </object_component>
      <object_component id="oc-65">
         <name>.text</name>
         <load_address>0x1be0</load_address>
         <run_address>0x1be0</run_address>
         <size>0x18</size>
         <input_file_ref idref="fl-152"/>
      </object_component>
      <object_component id="oc-dc">
         <name>.text</name>
         <load_address>0x1bf8</load_address>
         <run_address>0x1bf8</run_address>
         <size>0x14</size>
         <input_file_ref idref="fl-151"/>
      </object_component>
      <object_component id="oc-13">
         <name>.text:decompress:none</name>
         <load_address>0x1c0c</load_address>
         <run_address>0x1c0c</run_address>
         <size>0xe</size>
         <input_file_ref idref="fl-149"/>
      </object_component>
      <object_component id="oc-1f">
         <name>.text:decompress:ZI</name>
         <load_address>0x1c1a</load_address>
         <run_address>0x1c1a</run_address>
         <size>0xc</size>
         <input_file_ref idref="fl-14b"/>
      </object_component>
      <object_component id="oc-2b">
         <name>.text</name>
         <load_address>0x1c26</load_address>
         <run_address>0x1c26</run_address>
         <size>0xc</size>
         <input_file_ref idref="fl-3"/>
      </object_component>
      <object_component id="oc-19">
         <name>.text:decompress:rle24</name>
         <load_address>0x1c32</load_address>
         <run_address>0x1c32</run_address>
         <size>0x6</size>
         <input_file_ref idref="fl-14a"/>
      </object_component>
      <object_component id="oc-59">
         <name>.text</name>
         <load_address>0x1c38</load_address>
         <run_address>0x1c38</run_address>
         <size>0x4</size>
         <input_file_ref idref="fl-14f"/>
      </object_component>
      <object_component id="oc-130">
         <name>.const:g_pulRegs</name>
         <load_address>0x1c3c</load_address>
         <run_address>0x1c3c</run_address>
         <size>0x50</size>
         <input_file_ref idref="fl-10"/>
      </object_component>
      <object_component id="oc-12d">
         <name>.const</name>
         <load_address>0x1c8c</load_address>
         <run_address>0x1c8c</run_address>
         <size>0x40</size>
         <input_file_ref idref="fl-10"/>
      </object_component>
      <object_component id="oc-f1">
         <name>.const:GPIO_PORT_TO_BASE</name>
         <load_address>0x1ccc</load_address>
         <run_address>0x1ccc</run_address>
         <size>0x30</size>
         <input_file_ref idref="fl-e"/>
      </object_component>
      <object_component id="oc-fa">
         <name>.const</name>
         <load_address>0x1cfc</load_address>
         <run_address>0x1cfc</run_address>
         <size>0x1c</size>
         <input_file_ref idref="fl-e"/>
      </object_component>
      <object_component id="oc-16b">
         <name>.cinit..data.load</name>
         <load_address>0x1d18</load_address>
         <run_address>0x1d18</run_address>
         <size>0x13</size>
      </object_component>
      <object_component id="oc-168">
         <name>__TI_handler_table</name>
         <load_address>0x1d2c</load_address>
         <run_address>0x1d2c</run_address>
         <size>0xc</size>
      </object_component>
      <object_component id="oc-16c">
         <name>.cinit..bss.load</name>
         <load_address>0x1d38</load_address>
         <run_address>0x1d38</run_address>
         <size>0x8</size>
      </object_component>
      <object_component id="oc-16a">
         <name>.cinit..vtable.load</name>
         <load_address>0x1d40</load_address>
         <run_address>0x1d40</run_address>
         <size>0x8</size>
      </object_component>
      <object_component id="oc-169">
         <name>__TI_cinit_table</name>
         <load_address>0x1d48</load_address>
         <run_address>0x1d48</run_address>
         <size>0x18</size>
      </object_component>
      <object_component id="oc-12a">
         <name>.vtable</name>
         <uninitialized>true</uninitialized>
         <run_address>0x20000000</run_address>
         <size>0xe4</size>
         <input_file_ref idref="fl-10"/>
      </object_component>
      <object_component id="oc-2a">
         <name>.stack</name>
         <uninitialized>true</uninitialized>
         <run_address>0x2000fe00</run_address>
         <size>0x0</size>
         <input_file_ref idref="fl-148"/>
      </object_component>
      <object_component id="oc-16d">
         <name>.stack</name>
         <uninitialized>true</uninitialized>
         <run_address>0x2000fe00</run_address>
         <size>0x0</size>
      </object_component>
      <object_component id="oc-cc">
         <name>.common:temp</name>
         <uninitialized>true</uninitialized>
         <run_address>0x200000ec</run_address>
         <size>0x4</size>
      </object_component>
      <object_component id="oc-cf">
         <name>.common:temp1</name>
         <uninitialized>true</uninitialized>
         <run_address>0x200000f0</run_address>
         <size>0x4</size>
      </object_component>
      <object_component id="oc-d0">
         <name>.common:temp2</name>
         <uninitialized>true</uninitialized>
         <run_address>0x200000f4</run_address>
         <size>0x4</size>
      </object_component>
      <object_component id="oc-d1">
         <name>.common:temp3</name>
         <uninitialized>true</uninitialized>
         <run_address>0x200000f8</run_address>
         <size>0x4</size>
      </object_component>
      <object_component id="oc-d2">
         <name>.common:temp4</name>
         <uninitialized>true</uninitialized>
         <run_address>0x200000fc</run_address>
         <size>0x4</size>
      </object_component>
      <object_component id="oc-d3">
         <name>.common:temp5</name>
         <uninitialized>true</uninitialized>
         <run_address>0x20000100</run_address>
         <size>0x4</size>
      </object_component>
      <object_component id="oc-104">
         <name>.common:hfxtFreq</name>
         <uninitialized>true</uninitialized>
         <run_address>0x200000e4</run_address>
         <size>0x4</size>
      </object_component>
      <object_component id="oc-107">
         <name>.common:lfxtFreq</name>
         <uninitialized>true</uninitialized>
         <run_address>0x200000e8</run_address>
         <size>0x4</size>
      </object_component>
      <object_component id="oc-114">
         <name>.data</name>
         <load_address>0x20000114</load_address>
         <run_address>0x20000114</run_address>
         <size>0x4</size>
         <input_file_ref idref="fl-4"/>
      </object_component>
      <object_component id="oc-a4">
         <name>.data</name>
         <load_address>0x2000010c</load_address>
         <run_address>0x2000010c</run_address>
         <size>0x8</size>
         <input_file_ref idref="fl-14c"/>
      </object_component>
      <object_component id="oc-71">
         <name>.data</name>
         <load_address>0x20000118</load_address>
         <run_address>0x20000118</run_address>
         <size>0x4</size>
         <input_file_ref idref="fl-150"/>
      </object_component>
      <object_component id="oc-a1">
         <name>.data</name>
         <load_address>0x20000104</load_address>
         <run_address>0x20000104</run_address>
         <size>0x8</size>
         <input_file_ref idref="fl-151"/>
      </object_component>
      <object_component id="oc-cd">
         <name>.debug_info</name>
         <load_address>0x0</load_address>
         <run_address>0x0</run_address>
         <size>0x6b1</size>
         <input_file_ref idref="fl-2"/>
      </object_component>
      <object_component id="oc-9a">
         <name>.debug_info</name>
         <load_address>0x6b1</load_address>
         <run_address>0x6b1</run_address>
         <size>0x313</size>
         <input_file_ref idref="fl-2"/>
      </object_component>
      <object_component id="oc-11a">
         <name>.debug_info</name>
         <load_address>0x9c4</load_address>
         <run_address>0x9c4</run_address>
         <size>0x103c</size>
         <input_file_ref idref="fl-2"/>
      </object_component>
      <object_component id="oc-10f">
         <name>.debug_info</name>
         <load_address>0x1a00</load_address>
         <run_address>0x1a00</run_address>
         <size>0x8b</size>
         <input_file_ref idref="fl-2"/>
      </object_component>
      <object_component id="oc-fe">
         <name>.debug_info</name>
         <load_address>0x1a8b</load_address>
         <run_address>0x1a8b</run_address>
         <size>0x18b</size>
         <input_file_ref idref="fl-2"/>
      </object_component>
      <object_component id="oc-33">
         <name>.debug_info</name>
         <load_address>0x1c16</load_address>
         <run_address>0x1c16</run_address>
         <size>0xf0</size>
         <input_file_ref idref="fl-3"/>
      </object_component>
      <object_component id="oc-11">
         <name>.debug_info</name>
         <load_address>0x1d06</load_address>
         <run_address>0x1d06</run_address>
         <size>0xdd</size>
         <input_file_ref idref="fl-3"/>
      </object_component>
      <object_component id="oc-2c">
         <name>.debug_info</name>
         <load_address>0x1de3</load_address>
         <run_address>0x1de3</run_address>
         <size>0x20b</size>
         <input_file_ref idref="fl-3"/>
      </object_component>
      <object_component id="oc-78">
         <name>.debug_info</name>
         <load_address>0x1fee</load_address>
         <run_address>0x1fee</run_address>
         <size>0x84</size>
         <input_file_ref idref="fl-3"/>
      </object_component>
      <object_component id="oc-115">
         <name>.debug_info</name>
         <load_address>0x2072</load_address>
         <run_address>0x2072</run_address>
         <size>0xdb</size>
         <input_file_ref idref="fl-4"/>
      </object_component>
      <object_component id="oc-c7">
         <name>.debug_info</name>
         <load_address>0x214d</load_address>
         <run_address>0x214d</run_address>
         <size>0x247</size>
         <input_file_ref idref="fl-4"/>
      </object_component>
      <object_component id="oc-125">
         <name>.debug_info</name>
         <load_address>0x2394</load_address>
         <run_address>0x2394</run_address>
         <size>0x32f</size>
         <input_file_ref idref="fl-8"/>
      </object_component>
      <object_component id="oc-105">
         <name>.debug_info</name>
         <load_address>0x26c3</load_address>
         <run_address>0x26c3</run_address>
         <size>0x518</size>
         <input_file_ref idref="fl-a"/>
      </object_component>
      <object_component id="oc-c1">
         <name>.debug_info</name>
         <load_address>0x2bdb</load_address>
         <run_address>0x2bdb</run_address>
         <size>0x1e98</size>
         <input_file_ref idref="fl-a"/>
      </object_component>
      <object_component id="oc-103">
         <name>.debug_info</name>
         <load_address>0x4a73</load_address>
         <run_address>0x4a73</run_address>
         <size>0x43c</size>
         <input_file_ref idref="fl-e"/>
      </object_component>
      <object_component id="oc-fb">
         <name>.debug_info</name>
         <load_address>0x4eaf</load_address>
         <run_address>0x4eaf</run_address>
         <size>0xd9</size>
         <input_file_ref idref="fl-e"/>
      </object_component>
      <object_component id="oc-f2">
         <name>.debug_info</name>
         <load_address>0x4f88</load_address>
         <run_address>0x4f88</run_address>
         <size>0xdb</size>
         <input_file_ref idref="fl-e"/>
      </object_component>
      <object_component id="oc-bb">
         <name>.debug_info</name>
         <load_address>0x5063</load_address>
         <run_address>0x5063</run_address>
         <size>0x1847</size>
         <input_file_ref idref="fl-e"/>
      </object_component>
      <object_component id="oc-134">
         <name>.debug_info</name>
         <load_address>0x68aa</load_address>
         <run_address>0x68aa</run_address>
         <size>0x3ca</size>
         <input_file_ref idref="fl-10"/>
      </object_component>
      <object_component id="oc-12e">
         <name>.debug_info</name>
         <load_address>0x6c74</load_address>
         <run_address>0x6c74</run_address>
         <size>0x17e</size>
         <input_file_ref idref="fl-10"/>
      </object_component>
      <object_component id="oc-131">
         <name>.debug_info</name>
         <load_address>0x6df2</load_address>
         <run_address>0x6df2</run_address>
         <size>0xd0</size>
         <input_file_ref idref="fl-10"/>
      </object_component>
      <object_component id="oc-12b">
         <name>.debug_info</name>
         <load_address>0x6ec2</load_address>
         <run_address>0x6ec2</run_address>
         <size>0xdd</size>
         <input_file_ref idref="fl-10"/>
      </object_component>
      <object_component id="oc-f5">
         <name>.debug_info</name>
         <load_address>0x6f9f</load_address>
         <run_address>0x6f9f</run_address>
         <size>0xff0</size>
         <input_file_ref idref="fl-10"/>
      </object_component>
      <object_component id="oc-109">
         <name>.debug_info</name>
         <load_address>0x7f8f</load_address>
         <run_address>0x7f8f</run_address>
         <size>0xbbe</size>
         <input_file_ref idref="fl-19"/>
      </object_component>
      <object_component id="oc-26">
         <name>.debug_info</name>
         <load_address>0x8b4d</load_address>
         <run_address>0x8b4d</run_address>
         <size>0x134</size>
         <input_file_ref idref="fl-148"/>
      </object_component>
      <object_component id="oc-3f">
         <name>.debug_info</name>
         <load_address>0x8c81</load_address>
         <run_address>0x8c81</run_address>
         <size>0x121</size>
         <input_file_ref idref="fl-149"/>
      </object_component>
      <object_component id="oc-16">
         <name>.debug_info</name>
         <load_address>0x8da2</load_address>
         <run_address>0x8da2</run_address>
         <size>0x1c0</size>
         <input_file_ref idref="fl-149"/>
      </object_component>
      <object_component id="oc-3a">
         <name>.debug_info</name>
         <load_address>0x8f62</load_address>
         <run_address>0x8f62</run_address>
         <size>0x46</size>
         <input_file_ref idref="fl-149"/>
      </object_component>
      <object_component id="oc-7e">
         <name>.debug_info</name>
         <load_address>0x8fa8</load_address>
         <run_address>0x8fa8</run_address>
         <size>0x2c</size>
         <input_file_ref idref="fl-149"/>
      </object_component>
      <object_component id="oc-47">
         <name>.debug_info</name>
         <load_address>0x8fd4</load_address>
         <run_address>0x8fd4</run_address>
         <size>0x115</size>
         <input_file_ref idref="fl-14a"/>
      </object_component>
      <object_component id="oc-41">
         <name>.debug_info</name>
         <load_address>0x90e9</load_address>
         <run_address>0x90e9</run_address>
         <size>0x228</size>
         <input_file_ref idref="fl-14a"/>
      </object_component>
      <object_component id="oc-1b">
         <name>.debug_info</name>
         <load_address>0x9311</load_address>
         <run_address>0x9311</run_address>
         <size>0x192</size>
         <input_file_ref idref="fl-14a"/>
      </object_component>
      <object_component id="oc-48">
         <name>.debug_info</name>
         <load_address>0x94a3</load_address>
         <run_address>0x94a3</run_address>
         <size>0x39</size>
         <input_file_ref idref="fl-14a"/>
      </object_component>
      <object_component id="oc-88">
         <name>.debug_info</name>
         <load_address>0x94dc</load_address>
         <run_address>0x94dc</run_address>
         <size>0x2c</size>
         <input_file_ref idref="fl-14a"/>
      </object_component>
      <object_component id="oc-58">
         <name>.debug_info</name>
         <load_address>0x9508</load_address>
         <run_address>0x9508</run_address>
         <size>0x110</size>
         <input_file_ref idref="fl-14b"/>
      </object_component>
      <object_component id="oc-21">
         <name>.debug_info</name>
         <load_address>0x9618</load_address>
         <run_address>0x9618</run_address>
         <size>0x18b</size>
         <input_file_ref idref="fl-14b"/>
      </object_component>
      <object_component id="oc-53">
         <name>.debug_info</name>
         <load_address>0x97a3</load_address>
         <run_address>0x97a3</run_address>
         <size>0x46</size>
         <input_file_ref idref="fl-14b"/>
      </object_component>
      <object_component id="oc-a8">
         <name>.debug_info</name>
         <load_address>0x97e9</load_address>
         <run_address>0x97e9</run_address>
         <size>0x172</size>
         <input_file_ref idref="fl-14c"/>
      </object_component>
      <object_component id="oc-a5">
         <name>.debug_info</name>
         <load_address>0x995b</load_address>
         <run_address>0x995b</run_address>
         <size>0x117</size>
         <input_file_ref idref="fl-14c"/>
      </object_component>
      <object_component id="oc-6f">
         <name>.debug_info</name>
         <load_address>0x9a72</load_address>
         <run_address>0x9a72</run_address>
         <size>0x1ee</size>
         <input_file_ref idref="fl-14c"/>
      </object_component>
      <object_component id="oc-36">
         <name>.debug_info</name>
         <load_address>0x9c60</load_address>
         <run_address>0x9c60</run_address>
         <size>0xf6</size>
         <input_file_ref idref="fl-14d"/>
      </object_component>
      <object_component id="oc-4e">
         <name>.debug_info</name>
         <load_address>0x9d56</load_address>
         <run_address>0x9d56</run_address>
         <size>0x124</size>
         <input_file_ref idref="fl-14e"/>
      </object_component>
      <object_component id="oc-5a">
         <name>.debug_info</name>
         <load_address>0x9e7a</load_address>
         <run_address>0x9e7a</run_address>
         <size>0x129</size>
         <input_file_ref idref="fl-14f"/>
      </object_component>
      <object_component id="oc-72">
         <name>.debug_info</name>
         <load_address>0x9fa3</load_address>
         <run_address>0x9fa3</run_address>
         <size>0xea</size>
         <input_file_ref idref="fl-150"/>
      </object_component>
      <object_component id="oc-e4">
         <name>.debug_info</name>
         <load_address>0xa08d</load_address>
         <run_address>0xa08d</run_address>
         <size>0x105</size>
         <input_file_ref idref="fl-151"/>
      </object_component>
      <object_component id="oc-a2">
         <name>.debug_info</name>
         <load_address>0xa192</load_address>
         <run_address>0xa192</run_address>
         <size>0xf4</size>
         <input_file_ref idref="fl-151"/>
      </object_component>
      <object_component id="oc-dd">
         <name>.debug_info</name>
         <load_address>0xa286</load_address>
         <run_address>0xa286</run_address>
         <size>0x200</size>
         <input_file_ref idref="fl-151"/>
      </object_component>
      <object_component id="oc-a0">
         <name>.debug_info</name>
         <load_address>0xa486</load_address>
         <run_address>0xa486</run_address>
         <size>0x147</size>
         <input_file_ref idref="fl-152"/>
      </object_component>
      <object_component id="oc-66">
         <name>.debug_info</name>
         <load_address>0xa5cd</load_address>
         <run_address>0xa5cd</run_address>
         <size>0x148</size>
         <input_file_ref idref="fl-152"/>
      </object_component>
      <object_component id="oc-d7">
         <name>.debug_info</name>
         <load_address>0xa715</load_address>
         <run_address>0xa715</run_address>
         <size>0x5e</size>
         <input_file_ref idref="fl-152"/>
      </object_component>
      <object_component id="oc-98">
         <name>.debug_info</name>
         <load_address>0xa773</load_address>
         <run_address>0xa773</run_address>
         <size>0x29e</size>
         <input_file_ref idref="fl-153"/>
      </object_component>
      <object_component id="oc-61">
         <name>.debug_info</name>
         <load_address>0xaa11</load_address>
         <run_address>0xaa11</run_address>
         <size>0x158</size>
         <input_file_ref idref="fl-153"/>
      </object_component>
      <object_component id="oc-b0">
         <name>.debug_info</name>
         <load_address>0xab69</load_address>
         <run_address>0xab69</run_address>
         <size>0x39</size>
         <input_file_ref idref="fl-153"/>
      </object_component>
      <object_component id="oc-b5">
         <name>.debug_info</name>
         <load_address>0xaba2</load_address>
         <run_address>0xaba2</run_address>
         <size>0xcd</size>
         <input_file_ref idref="fl-153"/>
      </object_component>
      <object_component id="oc-ad">
         <name>.debug_info</name>
         <load_address>0xac6f</load_address>
         <run_address>0xac6f</run_address>
         <size>0x1c1</size>
         <input_file_ref idref="fl-154"/>
      </object_component>
      <object_component id="oc-92">
         <name>.debug_info</name>
         <load_address>0xae30</load_address>
         <run_address>0xae30</run_address>
         <size>0x164</size>
         <input_file_ref idref="fl-154"/>
      </object_component>
      <object_component id="oc-ec">
         <name>.debug_info</name>
         <load_address>0xaf94</load_address>
         <run_address>0xaf94</run_address>
         <size>0x2c</size>
         <input_file_ref idref="fl-154"/>
      </object_component>
      <object_component id="oc-16e">
         <name>.debug_info</name>
         <load_address>0xafc0</load_address>
         <run_address>0xafc0</run_address>
         <size>0x95</size>
      </object_component>
      <object_component id="oc-119">
         <name>.debug_line</name>
         <load_address>0x0</load_address>
         <run_address>0x0</run_address>
         <size>0xca</size>
         <input_file_ref idref="fl-2"/>
      </object_component>
      <object_component id="oc-9d">
         <name>.debug_line</name>
         <load_address>0xca</load_address>
         <run_address>0xca</run_address>
         <size>0x61</size>
         <input_file_ref idref="fl-2"/>
      </object_component>
      <object_component id="oc-11d">
         <name>.debug_line</name>
         <load_address>0x12b</load_address>
         <run_address>0x12b</run_address>
         <size>0x78</size>
         <input_file_ref idref="fl-2"/>
      </object_component>
      <object_component id="oc-112">
         <name>.debug_line</name>
         <load_address>0x1a3</load_address>
         <run_address>0x1a3</run_address>
         <size>0x20</size>
         <input_file_ref idref="fl-2"/>
      </object_component>
      <object_component id="oc-101">
         <name>.debug_line</name>
         <load_address>0x1c3</load_address>
         <run_address>0x1c3</run_address>
         <size>0x83</size>
         <input_file_ref idref="fl-2"/>
      </object_component>
      <object_component id="oc-77">
         <name>.debug_line</name>
         <load_address>0x246</load_address>
         <run_address>0x246</run_address>
         <size>0x3b</size>
         <input_file_ref idref="fl-3"/>
      </object_component>
      <object_component id="oc-32">
         <name>.debug_line</name>
         <load_address>0x281</load_address>
         <run_address>0x281</run_address>
         <size>0x3b</size>
         <input_file_ref idref="fl-3"/>
      </object_component>
      <object_component id="oc-2f">
         <name>.debug_line</name>
         <load_address>0x2bc</load_address>
         <run_address>0x2bc</run_address>
         <size>0x9b</size>
         <input_file_ref idref="fl-3"/>
      </object_component>
      <object_component id="oc-7b">
         <name>.debug_line</name>
         <load_address>0x357</load_address>
         <run_address>0x357</run_address>
         <size>0x20</size>
         <input_file_ref idref="fl-3"/>
      </object_component>
      <object_component id="oc-13d">
         <name>.debug_line</name>
         <load_address>0x377</load_address>
         <run_address>0x377</run_address>
         <size>0x32</size>
         <input_file_ref idref="fl-4"/>
      </object_component>
      <object_component id="oc-ca">
         <name>.debug_line</name>
         <load_address>0x3a9</load_address>
         <run_address>0x3a9</run_address>
         <size>0x92</size>
         <input_file_ref idref="fl-4"/>
      </object_component>
      <object_component id="oc-128">
         <name>.debug_line</name>
         <load_address>0x43b</load_address>
         <run_address>0x43b</run_address>
         <size>0xda</size>
         <input_file_ref idref="fl-8"/>
      </object_component>
      <object_component id="oc-13a">
         <name>.debug_line</name>
         <load_address>0x515</load_address>
         <run_address>0x515</run_address>
         <size>0xab</size>
         <input_file_ref idref="fl-a"/>
      </object_component>
      <object_component id="oc-c4">
         <name>.debug_line</name>
         <load_address>0x5c0</load_address>
         <run_address>0x5c0</run_address>
         <size>0x7b0</size>
         <input_file_ref idref="fl-a"/>
      </object_component>
      <object_component id="oc-138">
         <name>.debug_line</name>
         <load_address>0xd70</load_address>
         <run_address>0xd70</run_address>
         <size>0x5c</size>
         <input_file_ref idref="fl-e"/>
      </object_component>
      <object_component id="oc-136">
         <name>.debug_line</name>
         <load_address>0xdcc</load_address>
         <run_address>0xdcc</run_address>
         <size>0x38</size>
         <input_file_ref idref="fl-e"/>
      </object_component>
      <object_component id="oc-123">
         <name>.debug_line</name>
         <load_address>0xe04</load_address>
         <run_address>0xe04</run_address>
         <size>0x38</size>
         <input_file_ref idref="fl-e"/>
      </object_component>
      <object_component id="oc-be">
         <name>.debug_line</name>
         <load_address>0xe3c</load_address>
         <run_address>0xe3c</run_address>
         <size>0x2c8</size>
         <input_file_ref idref="fl-e"/>
      </object_component>
      <object_component id="oc-146">
         <name>.debug_line</name>
         <load_address>0x1104</load_address>
         <run_address>0x1104</run_address>
         <size>0x56</size>
         <input_file_ref idref="fl-10"/>
      </object_component>
      <object_component id="oc-142">
         <name>.debug_line</name>
         <load_address>0x115a</load_address>
         <run_address>0x115a</run_address>
         <size>0x3d</size>
         <input_file_ref idref="fl-10"/>
      </object_component>
      <object_component id="oc-144">
         <name>.debug_line</name>
         <load_address>0x1197</load_address>
         <run_address>0x1197</run_address>
         <size>0x3d</size>
         <input_file_ref idref="fl-10"/>
      </object_component>
      <object_component id="oc-140">
         <name>.debug_line</name>
         <load_address>0x11d4</load_address>
         <run_address>0x11d4</run_address>
         <size>0x3d</size>
         <input_file_ref idref="fl-10"/>
      </object_component>
      <object_component id="oc-f8">
         <name>.debug_line</name>
         <load_address>0x1211</load_address>
         <run_address>0x1211</run_address>
         <size>0x33f</size>
         <input_file_ref idref="fl-10"/>
      </object_component>
      <object_component id="oc-10c">
         <name>.debug_line</name>
         <load_address>0x1550</load_address>
         <run_address>0x1550</run_address>
         <size>0x23a</size>
         <input_file_ref idref="fl-19"/>
      </object_component>
      <object_component id="oc-29">
         <name>.debug_line</name>
         <load_address>0x178a</load_address>
         <run_address>0x178a</run_address>
         <size>0x52</size>
         <input_file_ref idref="fl-148"/>
      </object_component>
      <object_component id="oc-84">
         <name>.debug_line</name>
         <load_address>0x17dc</load_address>
         <run_address>0x17dc</run_address>
         <size>0x80</size>
         <input_file_ref idref="fl-149"/>
      </object_component>
      <object_component id="oc-15">
         <name>.debug_line</name>
         <load_address>0x185c</load_address>
         <run_address>0x185c</run_address>
         <size>0x55</size>
         <input_file_ref idref="fl-149"/>
      </object_component>
      <object_component id="oc-3d">
         <name>.debug_line</name>
         <load_address>0x18b1</load_address>
         <run_address>0x18b1</run_address>
         <size>0x3a</size>
         <input_file_ref idref="fl-149"/>
      </object_component>
      <object_component id="oc-81">
         <name>.debug_line</name>
         <load_address>0x18eb</load_address>
         <run_address>0x18eb</run_address>
         <size>0x80</size>
         <input_file_ref idref="fl-149"/>
      </object_component>
      <object_component id="oc-87">
         <name>.debug_line</name>
         <load_address>0x196b</load_address>
         <run_address>0x196b</run_address>
         <size>0x80</size>
         <input_file_ref idref="fl-14a"/>
      </object_component>
      <object_component id="oc-44">
         <name>.debug_line</name>
         <load_address>0x19eb</load_address>
         <run_address>0x19eb</run_address>
         <size>0x98</size>
         <input_file_ref idref="fl-14a"/>
      </object_component>
      <object_component id="oc-1a">
         <name>.debug_line</name>
         <load_address>0x1a83</load_address>
         <run_address>0x1a83</run_address>
         <size>0x4b</size>
         <input_file_ref idref="fl-14a"/>
      </object_component>
      <object_component id="oc-4b">
         <name>.debug_line</name>
         <load_address>0x1ace</load_address>
         <run_address>0x1ace</run_address>
         <size>0x39</size>
         <input_file_ref idref="fl-14a"/>
      </object_component>
      <object_component id="oc-8b">
         <name>.debug_line</name>
         <load_address>0x1b07</load_address>
         <run_address>0x1b07</run_address>
         <size>0x80</size>
         <input_file_ref idref="fl-14a"/>
      </object_component>
      <object_component id="oc-8f">
         <name>.debug_line</name>
         <load_address>0x1b87</load_address>
         <run_address>0x1b87</run_address>
         <size>0x80</size>
         <input_file_ref idref="fl-14b"/>
      </object_component>
      <object_component id="oc-24">
         <name>.debug_line</name>
         <load_address>0x1c07</load_address>
         <run_address>0x1c07</run_address>
         <size>0x4f</size>
         <input_file_ref idref="fl-14b"/>
      </object_component>
      <object_component id="oc-56">
         <name>.debug_line</name>
         <load_address>0x1c56</load_address>
         <run_address>0x1c56</run_address>
         <size>0x34</size>
         <input_file_ref idref="fl-14b"/>
      </object_component>
      <object_component id="oc-e9">
         <name>.debug_line</name>
         <load_address>0x1c8a</load_address>
         <run_address>0x1c8a</run_address>
         <size>0x7f</size>
         <input_file_ref idref="fl-14c"/>
      </object_component>
      <object_component id="oc-e7">
         <name>.debug_line</name>
         <load_address>0x1d09</load_address>
         <run_address>0x1d09</run_address>
         <size>0x2a</size>
         <input_file_ref idref="fl-14c"/>
      </object_component>
      <object_component id="oc-6c">
         <name>.debug_line</name>
         <load_address>0x1d33</load_address>
         <run_address>0x1d33</run_address>
         <size>0x7a</size>
         <input_file_ref idref="fl-14c"/>
      </object_component>
      <object_component id="oc-38">
         <name>.debug_line</name>
         <load_address>0x1dad</load_address>
         <run_address>0x1dad</run_address>
         <size>0x88</size>
         <input_file_ref idref="fl-14d"/>
      </object_component>
      <object_component id="oc-51">
         <name>.debug_line</name>
         <load_address>0x1e35</load_address>
         <run_address>0x1e35</run_address>
         <size>0x79</size>
         <input_file_ref idref="fl-14e"/>
      </object_component>
      <object_component id="oc-5d">
         <name>.debug_line</name>
         <load_address>0x1eae</load_address>
         <run_address>0x1eae</run_address>
         <size>0x40</size>
         <input_file_ref idref="fl-14f"/>
      </object_component>
      <object_component id="oc-ab">
         <name>.debug_line</name>
         <load_address>0x1eee</load_address>
         <run_address>0x1eee</run_address>
         <size>0x33</size>
         <input_file_ref idref="fl-150"/>
      </object_component>
      <object_component id="oc-121">
         <name>.debug_line</name>
         <load_address>0x1f21</load_address>
         <run_address>0x1f21</run_address>
         <size>0x20</size>
         <input_file_ref idref="fl-151"/>
      </object_component>
      <object_component id="oc-e3">
         <name>.debug_line</name>
         <load_address>0x1f41</load_address>
         <run_address>0x1f41</run_address>
         <size>0x2b</size>
         <input_file_ref idref="fl-151"/>
      </object_component>
      <object_component id="oc-e1">
         <name>.debug_line</name>
         <load_address>0x1f6c</load_address>
         <run_address>0x1f6c</run_address>
         <size>0x68</size>
         <input_file_ref idref="fl-151"/>
      </object_component>
      <object_component id="oc-d6">
         <name>.debug_line</name>
         <load_address>0x1fd4</load_address>
         <run_address>0x1fd4</run_address>
         <size>0x2b</size>
         <input_file_ref idref="fl-152"/>
      </object_component>
      <object_component id="oc-69">
         <name>.debug_line</name>
         <load_address>0x1fff</load_address>
         <run_address>0x1fff</run_address>
         <size>0x50</size>
         <input_file_ref idref="fl-152"/>
      </object_component>
      <object_component id="oc-da">
         <name>.debug_line</name>
         <load_address>0x204f</load_address>
         <run_address>0x204f</run_address>
         <size>0x2b</size>
         <input_file_ref idref="fl-152"/>
      </object_component>
      <object_component id="oc-af">
         <name>.debug_line</name>
         <load_address>0x207a</load_address>
         <run_address>0x207a</run_address>
         <size>0x8f</size>
         <input_file_ref idref="fl-153"/>
      </object_component>
      <object_component id="oc-64">
         <name>.debug_line</name>
         <load_address>0x2109</load_address>
         <run_address>0x2109</run_address>
         <size>0x79</size>
         <input_file_ref idref="fl-153"/>
      </object_component>
      <object_component id="oc-b3">
         <name>.debug_line</name>
         <load_address>0x2182</load_address>
         <run_address>0x2182</run_address>
         <size>0x2e</size>
         <input_file_ref idref="fl-153"/>
      </object_component>
      <object_component id="oc-b8">
         <name>.debug_line</name>
         <load_address>0x21b0</load_address>
         <run_address>0x21b0</run_address>
         <size>0x81</size>
         <input_file_ref idref="fl-153"/>
      </object_component>
      <object_component id="oc-eb">
         <name>.debug_line</name>
         <load_address>0x2231</load_address>
         <run_address>0x2231</run_address>
         <size>0x8e</size>
         <input_file_ref idref="fl-154"/>
      </object_component>
      <object_component id="oc-95">
         <name>.debug_line</name>
         <load_address>0x22bf</load_address>
         <run_address>0x22bf</run_address>
         <size>0x68</size>
         <input_file_ref idref="fl-154"/>
      </object_component>
      <object_component id="oc-ef">
         <name>.debug_line</name>
         <load_address>0x2327</load_address>
         <run_address>0x2327</run_address>
         <size>0x2e</size>
         <input_file_ref idref="fl-154"/>
      </object_component>
      <object_component id="oc-9e">
         <name>.debug_frame</name>
         <load_address>0x0</load_address>
         <run_address>0x0</run_address>
         <size>0x87</size>
         <input_file_ref idref="fl-2"/>
      </object_component>
      <object_component id="oc-30">
         <name>.debug_frame</name>
         <load_address>0x87</load_address>
         <run_address>0x87</run_address>
         <size>0xb2</size>
         <input_file_ref idref="fl-3"/>
      </object_component>
      <object_component id="oc-cb">
         <name>.debug_frame</name>
         <load_address>0x139</load_address>
         <run_address>0x139</run_address>
         <size>0xb3</size>
         <input_file_ref idref="fl-4"/>
      </object_component>
      <object_component id="oc-129">
         <name>.debug_frame</name>
         <load_address>0x1ec</load_address>
         <run_address>0x1ec</run_address>
         <size>0xda</size>
         <input_file_ref idref="fl-8"/>
      </object_component>
      <object_component id="oc-c5">
         <name>.debug_frame</name>
         <load_address>0x2c6</load_address>
         <run_address>0x2c6</run_address>
         <size>0x3d5</size>
         <input_file_ref idref="fl-a"/>
      </object_component>
      <object_component id="oc-bf">
         <name>.debug_frame</name>
         <load_address>0x69b</load_address>
         <run_address>0x69b</run_address>
         <size>0x249</size>
         <input_file_ref idref="fl-e"/>
      </object_component>
      <object_component id="oc-f9">
         <name>.debug_frame</name>
         <load_address>0x8e4</load_address>
         <run_address>0x8e4</run_address>
         <size>0x226</size>
         <input_file_ref idref="fl-10"/>
      </object_component>
      <object_component id="oc-10d">
         <name>.debug_frame</name>
         <load_address>0xb0a</load_address>
         <run_address>0xb0a</run_address>
         <size>0x1d1</size>
         <input_file_ref idref="fl-19"/>
      </object_component>
      <object_component id="oc-14">
         <name>.debug_frame</name>
         <load_address>0xcdb</load_address>
         <run_address>0xcdb</run_address>
         <size>0x7f</size>
         <input_file_ref idref="fl-149"/>
      </object_component>
      <object_component id="oc-45">
         <name>.debug_frame</name>
         <load_address>0xd5a</load_address>
         <run_address>0xd5a</run_address>
         <size>0x8e</size>
         <input_file_ref idref="fl-14a"/>
      </object_component>
      <object_component id="oc-1e">
         <name>.debug_frame</name>
         <load_address>0xde8</load_address>
         <run_address>0xde8</run_address>
         <size>0x7f</size>
         <input_file_ref idref="fl-14a"/>
      </object_component>
      <object_component id="oc-23">
         <name>.debug_frame</name>
         <load_address>0xe67</load_address>
         <run_address>0xe67</run_address>
         <size>0x7f</size>
         <input_file_ref idref="fl-14b"/>
      </object_component>
      <object_component id="oc-6e">
         <name>.debug_frame</name>
         <load_address>0xee6</load_address>
         <run_address>0xee6</run_address>
         <size>0xb3</size>
         <input_file_ref idref="fl-14c"/>
      </object_component>
      <object_component id="oc-5e">
         <name>.debug_frame</name>
         <load_address>0xf99</load_address>
         <run_address>0xf99</run_address>
         <size>0x7f</size>
         <input_file_ref idref="fl-14f"/>
      </object_component>
      <object_component id="oc-e0">
         <name>.debug_frame</name>
         <load_address>0x1018</load_address>
         <run_address>0x1018</run_address>
         <size>0xa1</size>
         <input_file_ref idref="fl-151"/>
      </object_component>
      <object_component id="oc-6a">
         <name>.debug_frame</name>
         <load_address>0x10b9</load_address>
         <run_address>0x10b9</run_address>
         <size>0x7f</size>
         <input_file_ref idref="fl-152"/>
      </object_component>
      <object_component id="oc-63">
         <name>.debug_frame</name>
         <load_address>0x1138</load_address>
         <run_address>0x1138</run_address>
         <size>0x8a</size>
         <input_file_ref idref="fl-153"/>
      </object_component>
      <object_component id="oc-96">
         <name>.debug_frame</name>
         <load_address>0x11c2</load_address>
         <run_address>0x11c2</run_address>
         <size>0x8e</size>
         <input_file_ref idref="fl-154"/>
      </object_component>
      <object_component id="oc-118">
         <name>.debug_abbrev</name>
         <load_address>0x0</load_address>
         <run_address>0x0</run_address>
         <size>0xce</size>
         <input_file_ref idref="fl-2"/>
      </object_component>
      <object_component id="oc-d4">
         <name>.debug_abbrev</name>
         <load_address>0xce</load_address>
         <run_address>0xce</run_address>
         <size>0x61</size>
         <input_file_ref idref="fl-2"/>
      </object_component>
      <object_component id="oc-11c">
         <name>.debug_abbrev</name>
         <load_address>0x12f</load_address>
         <run_address>0x12f</run_address>
         <size>0xb5</size>
         <input_file_ref idref="fl-2"/>
      </object_component>
      <object_component id="oc-111">
         <name>.debug_abbrev</name>
         <load_address>0x1e4</load_address>
         <run_address>0x1e4</run_address>
         <size>0x1f</size>
         <input_file_ref idref="fl-2"/>
      </object_component>
      <object_component id="oc-100">
         <name>.debug_abbrev</name>
         <load_address>0x203</load_address>
         <run_address>0x203</run_address>
         <size>0x35</size>
         <input_file_ref idref="fl-2"/>
      </object_component>
      <object_component id="oc-76">
         <name>.debug_abbrev</name>
         <load_address>0x238</load_address>
         <run_address>0x238</run_address>
         <size>0x5d</size>
         <input_file_ref idref="fl-3"/>
      </object_component>
      <object_component id="oc-31">
         <name>.debug_abbrev</name>
         <load_address>0x295</load_address>
         <run_address>0x295</run_address>
         <size>0x29</size>
         <input_file_ref idref="fl-3"/>
      </object_component>
      <object_component id="oc-75">
         <name>.debug_abbrev</name>
         <load_address>0x2be</load_address>
         <run_address>0x2be</run_address>
         <size>0x77</size>
         <input_file_ref idref="fl-3"/>
      </object_component>
      <object_component id="oc-7a">
         <name>.debug_abbrev</name>
         <load_address>0x335</load_address>
         <run_address>0x335</run_address>
         <size>0x1f</size>
         <input_file_ref idref="fl-3"/>
      </object_component>
      <object_component id="oc-13c">
         <name>.debug_abbrev</name>
         <load_address>0x354</load_address>
         <run_address>0x354</run_address>
         <size>0x27</size>
         <input_file_ref idref="fl-4"/>
      </object_component>
      <object_component id="oc-117">
         <name>.debug_abbrev</name>
         <load_address>0x37b</load_address>
         <run_address>0x37b</run_address>
         <size>0x6c</size>
         <input_file_ref idref="fl-4"/>
      </object_component>
      <object_component id="oc-13e">
         <name>.debug_abbrev</name>
         <load_address>0x3e7</load_address>
         <run_address>0x3e7</run_address>
         <size>0xf9</size>
         <input_file_ref idref="fl-8"/>
      </object_component>
      <object_component id="oc-139">
         <name>.debug_abbrev</name>
         <load_address>0x4e0</load_address>
         <run_address>0x4e0</run_address>
         <size>0xda</size>
         <input_file_ref idref="fl-a"/>
      </object_component>
      <object_component id="oc-10e">
         <name>.debug_abbrev</name>
         <load_address>0x5ba</load_address>
         <run_address>0x5ba</run_address>
         <size>0x130</size>
         <input_file_ref idref="fl-a"/>
      </object_component>
      <object_component id="oc-137">
         <name>.debug_abbrev</name>
         <load_address>0x6ea</load_address>
         <run_address>0x6ea</run_address>
         <size>0xb0</size>
         <input_file_ref idref="fl-e"/>
      </object_component>
      <object_component id="oc-135">
         <name>.debug_abbrev</name>
         <load_address>0x79a</load_address>
         <run_address>0x79a</run_address>
         <size>0x27</size>
         <input_file_ref idref="fl-e"/>
      </object_component>
      <object_component id="oc-122">
         <name>.debug_abbrev</name>
         <load_address>0x7c1</load_address>
         <run_address>0x7c1</run_address>
         <size>0x27</size>
         <input_file_ref idref="fl-e"/>
      </object_component>
      <object_component id="oc-fd">
         <name>.debug_abbrev</name>
         <load_address>0x7e8</load_address>
         <run_address>0x7e8</run_address>
         <size>0x132</size>
         <input_file_ref idref="fl-e"/>
      </object_component>
      <object_component id="oc-145">
         <name>.debug_abbrev</name>
         <load_address>0x91a</load_address>
         <run_address>0x91a</run_address>
         <size>0xa9</size>
         <input_file_ref idref="fl-10"/>
      </object_component>
      <object_component id="oc-141">
         <name>.debug_abbrev</name>
         <load_address>0x9c3</load_address>
         <run_address>0x9c3</run_address>
         <size>0x27</size>
         <input_file_ref idref="fl-10"/>
      </object_component>
      <object_component id="oc-143">
         <name>.debug_abbrev</name>
         <load_address>0x9ea</load_address>
         <run_address>0x9ea</run_address>
         <size>0x27</size>
         <input_file_ref idref="fl-10"/>
      </object_component>
      <object_component id="oc-13f">
         <name>.debug_abbrev</name>
         <load_address>0xa11</load_address>
         <run_address>0xa11</run_address>
         <size>0x29</size>
         <input_file_ref idref="fl-10"/>
      </object_component>
      <object_component id="oc-133">
         <name>.debug_abbrev</name>
         <load_address>0xa3a</load_address>
         <run_address>0xa3a</run_address>
         <size>0x15d</size>
         <input_file_ref idref="fl-10"/>
      </object_component>
      <object_component id="oc-13b">
         <name>.debug_abbrev</name>
         <load_address>0xb97</load_address>
         <run_address>0xb97</run_address>
         <size>0x9b</size>
         <input_file_ref idref="fl-19"/>
      </object_component>
      <object_component id="oc-74">
         <name>.debug_abbrev</name>
         <load_address>0xc32</load_address>
         <run_address>0xc32</run_address>
         <size>0x3e</size>
         <input_file_ref idref="fl-148"/>
      </object_component>
      <object_component id="oc-83">
         <name>.debug_abbrev</name>
         <load_address>0xc70</load_address>
         <run_address>0xc70</run_address>
         <size>0x52</size>
         <input_file_ref idref="fl-149"/>
      </object_component>
      <object_component id="oc-39">
         <name>.debug_abbrev</name>
         <load_address>0xcc2</load_address>
         <run_address>0xcc2</run_address>
         <size>0x74</size>
         <input_file_ref idref="fl-149"/>
      </object_component>
      <object_component id="oc-3c">
         <name>.debug_abbrev</name>
         <load_address>0xd36</load_address>
         <run_address>0xd36</run_address>
         <size>0x24</size>
         <input_file_ref idref="fl-149"/>
      </object_component>
      <object_component id="oc-80">
         <name>.debug_abbrev</name>
         <load_address>0xd5a</load_address>
         <run_address>0xd5a</run_address>
         <size>0x24</size>
         <input_file_ref idref="fl-149"/>
      </object_component>
      <object_component id="oc-86">
         <name>.debug_abbrev</name>
         <load_address>0xd7e</load_address>
         <run_address>0xd7e</run_address>
         <size>0x52</size>
         <input_file_ref idref="fl-14a"/>
      </object_component>
      <object_component id="oc-85">
         <name>.debug_abbrev</name>
         <load_address>0xdd0</load_address>
         <run_address>0xdd0</run_address>
         <size>0x7b</size>
         <input_file_ref idref="fl-14a"/>
      </object_component>
      <object_component id="oc-46">
         <name>.debug_abbrev</name>
         <load_address>0xe4b</load_address>
         <run_address>0xe4b</run_address>
         <size>0x66</size>
         <input_file_ref idref="fl-14a"/>
      </object_component>
      <object_component id="oc-4a">
         <name>.debug_abbrev</name>
         <load_address>0xeb1</load_address>
         <run_address>0xeb1</run_address>
         <size>0x24</size>
         <input_file_ref idref="fl-14a"/>
      </object_component>
      <object_component id="oc-8a">
         <name>.debug_abbrev</name>
         <load_address>0xed5</load_address>
         <run_address>0xed5</run_address>
         <size>0x24</size>
         <input_file_ref idref="fl-14a"/>
      </object_component>
      <object_component id="oc-8e">
         <name>.debug_abbrev</name>
         <load_address>0xef9</load_address>
         <run_address>0xef9</run_address>
         <size>0x52</size>
         <input_file_ref idref="fl-14b"/>
      </object_component>
      <object_component id="oc-52">
         <name>.debug_abbrev</name>
         <load_address>0xf4b</load_address>
         <run_address>0xf4b</run_address>
         <size>0x74</size>
         <input_file_ref idref="fl-14b"/>
      </object_component>
      <object_component id="oc-55">
         <name>.debug_abbrev</name>
         <load_address>0xfbf</load_address>
         <run_address>0xfbf</run_address>
         <size>0x24</size>
         <input_file_ref idref="fl-14b"/>
      </object_component>
      <object_component id="oc-e8">
         <name>.debug_abbrev</name>
         <load_address>0xfe3</load_address>
         <run_address>0xfe3</run_address>
         <size>0x6b</size>
         <input_file_ref idref="fl-14c"/>
      </object_component>
      <object_component id="oc-e6">
         <name>.debug_abbrev</name>
         <load_address>0x104e</load_address>
         <run_address>0x104e</run_address>
         <size>0x29</size>
         <input_file_ref idref="fl-14c"/>
      </object_component>
      <object_component id="oc-a7">
         <name>.debug_abbrev</name>
         <load_address>0x1077</load_address>
         <run_address>0x1077</run_address>
         <size>0xba</size>
         <input_file_ref idref="fl-14c"/>
      </object_component>
      <object_component id="oc-7d">
         <name>.debug_abbrev</name>
         <load_address>0x1131</load_address>
         <run_address>0x1131</run_address>
         <size>0x3e</size>
         <input_file_ref idref="fl-14d"/>
      </object_component>
      <object_component id="oc-8d">
         <name>.debug_abbrev</name>
         <load_address>0x116f</load_address>
         <run_address>0x116f</run_address>
         <size>0x4f</size>
         <input_file_ref idref="fl-14e"/>
      </object_component>
      <object_component id="oc-90">
         <name>.debug_abbrev</name>
         <load_address>0x11be</load_address>
         <run_address>0x11be</run_address>
         <size>0x55</size>
         <input_file_ref idref="fl-14f"/>
      </object_component>
      <object_component id="oc-aa">
         <name>.debug_abbrev</name>
         <load_address>0x1213</load_address>
         <run_address>0x1213</run_address>
         <size>0x27</size>
         <input_file_ref idref="fl-150"/>
      </object_component>
      <object_component id="oc-120">
         <name>.debug_abbrev</name>
         <load_address>0x123a</load_address>
         <run_address>0x123a</run_address>
         <size>0x45</size>
         <input_file_ref idref="fl-151"/>
      </object_component>
      <object_component id="oc-e2">
         <name>.debug_abbrev</name>
         <load_address>0x127f</load_address>
         <run_address>0x127f</run_address>
         <size>0x29</size>
         <input_file_ref idref="fl-151"/>
      </object_component>
      <object_component id="oc-11f">
         <name>.debug_abbrev</name>
         <load_address>0x12a8</load_address>
         <run_address>0x12a8</run_address>
         <size>0x6f</size>
         <input_file_ref idref="fl-151"/>
      </object_component>
      <object_component id="oc-d5">
         <name>.debug_abbrev</name>
         <load_address>0x1317</load_address>
         <run_address>0x1317</run_address>
         <size>0x8e</size>
         <input_file_ref idref="fl-152"/>
      </object_component>
      <object_component id="oc-9f">
         <name>.debug_abbrev</name>
         <load_address>0x13a5</load_address>
         <run_address>0x13a5</run_address>
         <size>0x68</size>
         <input_file_ref idref="fl-152"/>
      </object_component>
      <object_component id="oc-d9">
         <name>.debug_abbrev</name>
         <load_address>0x140d</load_address>
         <run_address>0x140d</run_address>
         <size>0x49</size>
         <input_file_ref idref="fl-152"/>
      </object_component>
      <object_component id="oc-ae">
         <name>.debug_abbrev</name>
         <load_address>0x1456</load_address>
         <run_address>0x1456</run_address>
         <size>0x9a</size>
         <input_file_ref idref="fl-153"/>
      </object_component>
      <object_component id="oc-97">
         <name>.debug_abbrev</name>
         <load_address>0x14f0</load_address>
         <run_address>0x14f0</run_address>
         <size>0x7e</size>
         <input_file_ref idref="fl-153"/>
      </object_component>
      <object_component id="oc-b2">
         <name>.debug_abbrev</name>
         <load_address>0x156e</load_address>
         <run_address>0x156e</run_address>
         <size>0x24</size>
         <input_file_ref idref="fl-153"/>
      </object_component>
      <object_component id="oc-b7">
         <name>.debug_abbrev</name>
         <load_address>0x1592</load_address>
         <run_address>0x1592</run_address>
         <size>0x4b</size>
         <input_file_ref idref="fl-153"/>
      </object_component>
      <object_component id="oc-ea">
         <name>.debug_abbrev</name>
         <load_address>0x15dd</load_address>
         <run_address>0x15dd</run_address>
         <size>0x9c</size>
         <input_file_ref idref="fl-154"/>
      </object_component>
      <object_component id="oc-ac">
         <name>.debug_abbrev</name>
         <load_address>0x1679</load_address>
         <run_address>0x1679</run_address>
         <size>0x8c</size>
         <input_file_ref idref="fl-154"/>
      </object_component>
      <object_component id="oc-ee">
         <name>.debug_abbrev</name>
         <load_address>0x1705</load_address>
         <run_address>0x1705</run_address>
         <size>0x24</size>
         <input_file_ref idref="fl-154"/>
      </object_component>
      <object_component id="oc-16f">
         <name>.debug_abbrev</name>
         <load_address>0x1729</load_address>
         <run_address>0x1729</run_address>
         <size>0xf</size>
      </object_component>
      <object_component id="oc-11e">
         <name>.debug_str</name>
         <load_address>0x0</load_address>
         <run_address>0x0</run_address>
         <size>0x482</size>
         <input_file_ref idref="fl-2"/>
      </object_component>
      <object_component id="oc-113">
         <name>.debug_str</name>
         <load_address>0x482</load_address>
         <run_address>0x482</run_address>
         <size>0xf5</size>
         <input_file_ref idref="fl-2"/>
      </object_component>
      <object_component id="oc-102">
         <name>.debug_str</name>
         <load_address>0x577</load_address>
         <run_address>0x577</run_address>
         <size>0x226</size>
         <input_file_ref idref="fl-2"/>
      </object_component>
      <object_component id="oc-7c">
         <name>.debug_str</name>
         <load_address>0x79d</load_address>
         <run_address>0x79d</run_address>
         <size>0xf5</size>
         <input_file_ref idref="fl-3"/>
      </object_component>
      <object_component id="oc-3e">
         <name>.debug_str</name>
         <load_address>0x892</load_address>
         <run_address>0x892</run_address>
         <size>0xe1</size>
         <input_file_ref idref="fl-149"/>
      </object_component>
      <object_component id="oc-82">
         <name>.debug_str</name>
         <load_address>0x973</load_address>
         <run_address>0x973</run_address>
         <size>0x104</size>
         <input_file_ref idref="fl-149"/>
      </object_component>
      <object_component id="oc-4c">
         <name>.debug_str</name>
         <load_address>0xa77</load_address>
         <run_address>0xa77</run_address>
         <size>0xd3</size>
         <input_file_ref idref="fl-14a"/>
      </object_component>
      <object_component id="oc-8c">
         <name>.debug_str</name>
         <load_address>0xb4a</load_address>
         <run_address>0xb4a</run_address>
         <size>0x104</size>
         <input_file_ref idref="fl-14a"/>
      </object_component>
      <object_component id="oc-57">
         <name>.debug_str</name>
         <load_address>0xc4e</load_address>
         <run_address>0xc4e</run_address>
         <size>0xdb</size>
         <input_file_ref idref="fl-14b"/>
      </object_component>
      <object_component id="oc-db">
         <name>.debug_str</name>
         <load_address>0xd29</load_address>
         <run_address>0xd29</run_address>
         <size>0xb7</size>
         <input_file_ref idref="fl-152"/>
      </object_component>
      <object_component id="oc-b4">
         <name>.debug_str</name>
         <load_address>0xde0</load_address>
         <run_address>0xde0</run_address>
         <size>0xc3</size>
         <input_file_ref idref="fl-153"/>
      </object_component>
      <object_component id="oc-b9">
         <name>.debug_str</name>
         <load_address>0xea3</load_address>
         <run_address>0xea3</run_address>
         <size>0x15b</size>
         <input_file_ref idref="fl-153"/>
      </object_component>
      <object_component id="oc-f0">
         <name>.debug_str</name>
         <load_address>0xffe</load_address>
         <run_address>0xffe</run_address>
         <size>0xb8</size>
         <input_file_ref idref="fl-154"/>
      </object_component>
      <object_component id="oc-9b">
         <name>.debug_aranges</name>
         <load_address>0x0</load_address>
         <run_address>0x0</run_address>
         <size>0x20</size>
         <input_file_ref idref="fl-2"/>
      </object_component>
      <object_component id="oc-2d">
         <name>.debug_aranges</name>
         <load_address>0x20</load_address>
         <run_address>0x20</run_address>
         <size>0x38</size>
         <input_file_ref idref="fl-3"/>
      </object_component>
      <object_component id="oc-c8">
         <name>.debug_aranges</name>
         <load_address>0x58</load_address>
         <run_address>0x58</run_address>
         <size>0x30</size>
         <input_file_ref idref="fl-4"/>
      </object_component>
      <object_component id="oc-126">
         <name>.debug_aranges</name>
         <load_address>0x88</load_address>
         <run_address>0x88</run_address>
         <size>0x48</size>
         <input_file_ref idref="fl-8"/>
      </object_component>
      <object_component id="oc-c2">
         <name>.debug_aranges</name>
         <load_address>0xd0</load_address>
         <run_address>0xd0</run_address>
         <size>0x138</size>
         <input_file_ref idref="fl-a"/>
      </object_component>
      <object_component id="oc-bc">
         <name>.debug_aranges</name>
         <load_address>0x208</load_address>
         <run_address>0x208</run_address>
         <size>0xb8</size>
         <input_file_ref idref="fl-e"/>
      </object_component>
      <object_component id="oc-f6">
         <name>.debug_aranges</name>
         <load_address>0x2c0</load_address>
         <run_address>0x2c0</run_address>
         <size>0xb8</size>
         <input_file_ref idref="fl-10"/>
      </object_component>
      <object_component id="oc-10a">
         <name>.debug_aranges</name>
         <load_address>0x378</load_address>
         <run_address>0x378</run_address>
         <size>0xa0</size>
         <input_file_ref idref="fl-19"/>
      </object_component>
      <object_component id="oc-28">
         <name>.debug_aranges</name>
         <load_address>0x418</load_address>
         <run_address>0x418</run_address>
         <size>0x20</size>
         <input_file_ref idref="fl-148"/>
      </object_component>
      <object_component id="oc-17">
         <name>.debug_aranges</name>
         <load_address>0x438</load_address>
         <run_address>0x438</run_address>
         <size>0x20</size>
         <input_file_ref idref="fl-149"/>
      </object_component>
      <object_component id="oc-42">
         <name>.debug_aranges</name>
         <load_address>0x458</load_address>
         <run_address>0x458</run_address>
         <size>0x20</size>
         <input_file_ref idref="fl-14a"/>
      </object_component>
      <object_component id="oc-1d">
         <name>.debug_aranges</name>
         <load_address>0x478</load_address>
         <run_address>0x478</run_address>
         <size>0x20</size>
         <input_file_ref idref="fl-14a"/>
      </object_component>
      <object_component id="oc-20">
         <name>.debug_aranges</name>
         <load_address>0x498</load_address>
         <run_address>0x498</run_address>
         <size>0x20</size>
         <input_file_ref idref="fl-14b"/>
      </object_component>
      <object_component id="oc-6d">
         <name>.debug_aranges</name>
         <load_address>0x4b8</load_address>
         <run_address>0x4b8</run_address>
         <size>0x30</size>
         <input_file_ref idref="fl-14c"/>
      </object_component>
      <object_component id="oc-35">
         <name>.debug_aranges</name>
         <load_address>0x4e8</load_address>
         <run_address>0x4e8</run_address>
         <size>0x20</size>
         <input_file_ref idref="fl-14d"/>
      </object_component>
      <object_component id="oc-4f">
         <name>.debug_aranges</name>
         <load_address>0x508</load_address>
         <run_address>0x508</run_address>
         <size>0x28</size>
         <input_file_ref idref="fl-14e"/>
      </object_component>
      <object_component id="oc-5c">
         <name>.debug_aranges</name>
         <load_address>0x530</load_address>
         <run_address>0x530</run_address>
         <size>0x20</size>
         <input_file_ref idref="fl-14f"/>
      </object_component>
      <object_component id="oc-de">
         <name>.debug_aranges</name>
         <load_address>0x550</load_address>
         <run_address>0x550</run_address>
         <size>0x30</size>
         <input_file_ref idref="fl-151"/>
      </object_component>
      <object_component id="oc-68">
         <name>.debug_aranges</name>
         <load_address>0x580</load_address>
         <run_address>0x580</run_address>
         <size>0x20</size>
         <input_file_ref idref="fl-152"/>
      </object_component>
      <object_component id="oc-60">
         <name>.debug_aranges</name>
         <load_address>0x5a0</load_address>
         <run_address>0x5a0</run_address>
         <size>0x20</size>
         <input_file_ref idref="fl-153"/>
      </object_component>
      <object_component id="oc-94">
         <name>.debug_aranges</name>
         <load_address>0x5c0</load_address>
         <run_address>0x5c0</run_address>
         <size>0x20</size>
         <input_file_ref idref="fl-154"/>
      </object_component>
      <object_component id="oc-ce">
         <name>.debug_pubnames</name>
         <load_address>0x0</load_address>
         <run_address>0x0</run_address>
         <size>0x4d</size>
         <input_file_ref idref="fl-2"/>
      </object_component>
      <object_component id="oc-9c">
         <name>.debug_pubnames</name>
         <load_address>0x4d</load_address>
         <run_address>0x4d</run_address>
         <size>0x1b</size>
         <input_file_ref idref="fl-2"/>
      </object_component>
      <object_component id="oc-12">
         <name>.debug_pubnames</name>
         <load_address>0x68</load_address>
         <run_address>0x68</run_address>
         <size>0x27</size>
         <input_file_ref idref="fl-3"/>
      </object_component>
      <object_component id="oc-2e">
         <name>.debug_pubnames</name>
         <load_address>0x8f</load_address>
         <run_address>0x8f</run_address>
         <size>0x46</size>
         <input_file_ref idref="fl-3"/>
      </object_component>
      <object_component id="oc-116">
         <name>.debug_pubnames</name>
         <load_address>0xd5</load_address>
         <run_address>0xd5</run_address>
         <size>0x28</size>
         <input_file_ref idref="fl-4"/>
      </object_component>
      <object_component id="oc-c9">
         <name>.debug_pubnames</name>
         <load_address>0xfd</load_address>
         <run_address>0xfd</run_address>
         <size>0x3b</size>
         <input_file_ref idref="fl-4"/>
      </object_component>
      <object_component id="oc-127">
         <name>.debug_pubnames</name>
         <load_address>0x138</load_address>
         <run_address>0x138</run_address>
         <size>0x70</size>
         <input_file_ref idref="fl-8"/>
      </object_component>
      <object_component id="oc-106">
         <name>.debug_pubnames</name>
         <load_address>0x1a8</load_address>
         <run_address>0x1a8</run_address>
         <size>0x2c</size>
         <input_file_ref idref="fl-a"/>
      </object_component>
      <object_component id="oc-c3">
         <name>.debug_pubnames</name>
         <load_address>0x1d4</load_address>
         <run_address>0x1d4</run_address>
         <size>0x3a5</size>
         <input_file_ref idref="fl-a"/>
      </object_component>
      <object_component id="oc-fc">
         <name>.debug_pubnames</name>
         <load_address>0x579</load_address>
         <run_address>0x579</run_address>
         <size>0x27</size>
         <input_file_ref idref="fl-e"/>
      </object_component>
      <object_component id="oc-f3">
         <name>.debug_pubnames</name>
         <load_address>0x5a0</load_address>
         <run_address>0x5a0</run_address>
         <size>0x28</size>
         <input_file_ref idref="fl-e"/>
      </object_component>
      <object_component id="oc-bd">
         <name>.debug_pubnames</name>
         <load_address>0x5c8</load_address>
         <run_address>0x5c8</run_address>
         <size>0x27e</size>
         <input_file_ref idref="fl-e"/>
      </object_component>
      <object_component id="oc-12f">
[...]
         <name>CS_getACLK</name>
         <value>0xa45</value>
         <object_component_ref idref="oc-c0"/>
      </symbol>
      <symbol id="sm-1aa">
         <name>CS_startLFXT</name>
         <value>0x5dd</value>
         <object_component_ref idref="oc-c0"/>
      </symbol>
      <symbol id="sm-1ab">
         <name>CS_enableClockRequest</name>
         <value>0x6b5</value>
         <object_component_ref idref="oc-c0"/>
      </symbol>
      <symbol id="sm-1ac">
         <name>CS_disableClockRequest</name>
         <value>0x6d7</value>
         <object_component_ref idref="oc-c0"/>
      </symbol>
      <symbol id="sm-1ad">
         <name>CS_getMCLK</name>
         <value>0xa99</value>
         <object_component_ref idref="oc-c0"/>
      </symbol>
      <symbol id="sm-1ae">
         <name>CS_startFaultCounter</name>
         <value>0xb51</value>
         <object_component_ref idref="oc-c0"/>
      </symbol>
      <symbol id="sm-1af">
         <name>CS_disableDCOExternalResistor</name>
         <value>0x751</value>
         <object_component_ref idref="oc-c0"/>
      </symbol>
      <symbol id="sm-1b0">
         <name>CS_clearInterruptFlag</name>
         <value>0xc01</value>
         <object_component_ref idref="oc-c0"/>
      </symbol>
      <symbol id="sm-1b1">
         <name>CS_startHFXT</name>
         <value>0x501</value>
         <object_component_ref idref="oc-c0"/>
      </symbol>
      <symbol id="sm-1b2">
         <name>CS_setDCOFrequency</name>
         <value>0x8d1</value>
         <object_component_ref idref="oc-c0"/>
      </symbol>
      <symbol id="sm-1b3">
         <name>CS_getDCOFrequency</name>
         <value>0x7fd</value>
         <object_component_ref idref="oc-c0"/>
      </symbol>
      <symbol id="sm-1b4">
         <name>CS_enableInterrupt</name>
         <value>0xb95</value>
         <object_component_ref idref="oc-c0"/>
      </symbol>
      <symbol id="sm-1b5">
         <name>CS_unregisterInterrupt</name>
         <value>0xc49</value>
         <object_component_ref idref="oc-c0"/>
      </symbol>
      <symbol id="sm-1b6">
         <name>CS_resetFaultCounter</name>
         <value>0xb13</value>
         <object_component_ref idref="oc-c0"/>
      </symbol>
      <symbol id="sm-1b7">
         <name>CS_setExternalClockSourceFrequency</name>
         <value>0x3c1</value>
         <object_component_ref idref="oc-c0"/>
      </symbol>
      <symbol id="sm-1b8">
         <name>CS_getBCLK</name>
         <value>0x9fd</value>
         <object_component_ref idref="oc-c0"/>
      </symbol>
      <symbol id="sm-1b9">
         <name>CS_setDCOExternalResistorCalibration</name>
         <value>0x741</value>
         <object_component_ref idref="oc-c0"/>
      </symbol>
      <symbol id="sm-1ba">
         <name>CS_getSMCLK</name>
         <value>0xa71</value>
         <object_component_ref idref="oc-c0"/>
      </symbol>
      <symbol id="sm-1bb">
         <name>CS_registerInterrupt</name>
         <value>0xc2d</value>
         <object_component_ref idref="oc-c0"/>
      </symbol>
      <symbol id="sm-1bc">
         <name>CS_disableInterrupt</name>
         <value>0xbb7</value>
         <object_component_ref idref="oc-c0"/>
      </symbol>
      <symbol id="sm-1bd">
         <name>CS_enableFaultCounter</name>
         <value>0xabb</value>
         <object_component_ref idref="oc-c0"/>
      </symbol>
      <symbol id="sm-1be">
         <name>CS_getInterruptStatus</name>
         <value>0xbd9</value>
         <object_component_ref idref="oc-c0"/>
      </symbol>
      <symbol id="sm-1bf">
         <name>CS_enableDCOExternalResistor</name>
         <value>0x727</value>
         <object_component_ref idref="oc-c0"/>
      </symbol>
      <symbol id="sm-1c0">
         <name>CS_setDCOCenteredFrequency</name>
         <value>0x771</value>
         <object_component_ref idref="oc-c0"/>
      </symbol>
      <symbol id="sm-1c1">
         <name>CS_setReferenceOscillatorFrequency</name>
         <value>0x705</value>
         <object_component_ref idref="oc-c0"/>
      </symbol>
      <symbol id="sm-1c2">
         <name>CS_tuneDCOFrequency</name>
         <value>0x7a5</value>
         <object_component_ref idref="oc-c0"/>
      </symbol>
      <symbol id="sm-1c3">
         <name>CS_startHFXTWithTimeout</name>
         <value>0x525</value>
         <object_component_ref idref="oc-c0"/>
      </symbol>
      <symbol id="sm-1c4">
         <name>CS_startLFXTWithTimeout</name>
         <value>0x601</value>
         <object_component_ref idref="oc-c0"/>
      </symbol>
      <symbol id="sm-1c5">
         <name>CS_getHSMCLK</name>
         <value>0xa19</value>
         <object_component_ref idref="oc-c0"/>
      </symbol>
      <symbol id="sm-1c6">
         <name>CS_initClockSignal</name>
         <value>0x3fd</value>
         <object_component_ref idref="oc-c0"/>
      </symbol>
      <symbol id="sm-1c7">
         <name>CS_disableFaultCounter</name>
         <value>0xae7</value>
         <object_component_ref idref="oc-c0"/>
      </symbol>
      <symbol id="sm-214">
         <name>GPIO_setDriveStrengthHigh</name>
         <value>0x109b</value>
         <object_component_ref idref="oc-ba"/>
      </symbol>
      <symbol id="sm-215">
         <name>GPIO_unregisterInterrupt</name>
         <value>0x10ff</value>
         <object_component_ref idref="oc-ba"/>
      </symbol>
      <symbol id="sm-216">
         <name>GPIO_setAsInputPin</name>
         <value>0xcd7</value>
         <object_component_ref idref="oc-ba"/>
      </symbol>
      <symbol id="sm-217">
         <name>GPIO_setOutputHighOnPin</name>
         <value>0xe25</value>
         <object_component_ref idref="oc-ba"/>
      </symbol>
      <symbol id="sm-218">
         <name>GPIO_setAsInputPinWithPullDownResistor</name>
         <value>0xe8b</value>
         <object_component_ref idref="oc-ba"/>
      </symbol>
      <symbol id="sm-219">
         <name>GPIO_setAsInputPinWithPullUpResistor</name>
         <value>0xedd</value>
         <object_component_ref idref="oc-ba"/>
      </symbol>
      <symbol id="sm-21a">
         <name>GPIO_getInterruptStatus</name>
         <value>0xfa9</value>
         <object_component_ref idref="oc-ba"/>
      </symbol>
      <symbol id="sm-21b">
         <name>GPIO_enableInterrupt</name>
         <value>0xf65</value>
         <object_component_ref idref="oc-ba"/>
      </symbol>
      <symbol id="sm-21c">
         <name>GPIO_getEnabledInterruptStatus</name>
         <value>0x101f</value>
         <object_component_ref idref="oc-ba"/>
      </symbol>
      <symbol id="sm-21d">
         <name>GPIO_setAsOutputPin</name>
         <value>0xc9d</value>
         <object_component_ref idref="oc-ba"/>
      </symbol>
      <symbol id="sm-21e">
         <name>GPIO_interruptEdgeSelect</name>
         <value>0xfe9</value>
         <object_component_ref idref="oc-ba"/>
      </symbol>
      <symbol id="sm-21f">
         <name>GPIO_setDriveStrengthLow</name>
         <value>0x10bd</value>
         <object_component_ref idref="oc-ba"/>
      </symbol>
      <symbol id="sm-220">
         <name>GPIO_setOutputLowOnPin</name>
         <value>0xe47</value>
         <object_component_ref idref="oc-ba"/>
      </symbol>
      <symbol id="sm-221">
         <name>GPIO_clearInterruptFlag</name>
         <value>0xfc7</value>
         <object_component_ref idref="oc-ba"/>
      </symbol>
      <symbol id="sm-222">
         <name>GPIO_toggleOutputOnPin</name>
         <value>0xe69</value>
         <object_component_ref idref="oc-ba"/>
      </symbol>
      <symbol id="sm-223">
         <name>GPIO_setAsPeripheralModuleFunctionOutputPin</name>
         <value>0xd1d</value>
         <object_component_ref idref="oc-ba"/>
      </symbol>
      <symbol id="sm-224">
         <name>GPIO_getInputPinValue</name>
         <value>0xf2f</value>
         <object_component_ref idref="oc-ba"/>
      </symbol>
      <symbol id="sm-225">
         <name>GPIO_setAsPeripheralModuleFunctionInputPin</name>
         <value>0xda1</value>
         <object_component_ref idref="oc-ba"/>
      </symbol>
      <symbol id="sm-226">
         <name>GPIO_registerInterrupt</name>
         <value>0x10df</value>
         <object_component_ref idref="oc-ba"/>
      </symbol>
      <symbol id="sm-227">
         <name>GPIO_disableInterrupt</name>
         <value>0xf87</value>
         <object_component_ref idref="oc-ba"/>
      </symbol>
      <symbol id="sm-297">
         <name>Interrupt_disableMaster</name>
         <value>0x1137</value>
         <object_component_ref idref="oc-f4"/>
      </symbol>
      <symbol id="sm-298">
         <name>Interrupt_disableInterrupt</name>
         <value>0x12e7</value>
         <object_component_ref idref="oc-f4"/>
      </symbol>
      <symbol id="sm-299">
         <name>Interrupt_getPriorityMask</name>
         <value>0x14b3</value>
         <object_component_ref idref="oc-f4"/>
      </symbol>
      <symbol id="sm-29a">
         <name>Interrupt_unpendInterrupt</name>
         <value>0x1455</value>
         <object_component_ref idref="oc-f4"/>
      </symbol>
      <symbol id="sm-29b">
         <name>Interrupt_setPriorityMask</name>
         <value>0x14a3</value>
         <object_component_ref idref="oc-f4"/>
      </symbol>
      <symbol id="sm-29c">
         <name>Interrupt_unregisterInterrupt</name>
         <value>0x1199</value>
         <object_component_ref idref="oc-f4"/>
      </symbol>
      <symbol id="sm-29d">
         <name>Interrupt_setVectorTableAddress</name>
         <value>0x14bd</value>
         <object_component_ref idref="oc-f4"/>
      </symbol>
      <symbol id="sm-29e">
         <name>Interrupt_setPriority</name>
         <value>0x11ff</value>
         <object_component_ref idref="oc-f4"/>
      </symbol>
      <symbol id="sm-29f">
         <name>Interrupt_enableSleepOnIsrExit</name>
         <value>0x14d3</value>
         <object_component_ref idref="oc-f4"/>
      </symbol>
      <symbol id="sm-2a0">
         <name>Interrupt_enableMaster</name>
         <value>0x1127</value>
         <object_component_ref idref="oc-f4"/>
      </symbol>
      <symbol id="sm-2a1">
         <name>Interrupt_enableInterrupt</name>
         <value>0x1275</value>
         <object_component_ref idref="oc-f4"/>
      </symbol>
      <symbol id="sm-2a2">
         <name>Interrupt_getPriority</name>
         <value>0x124f</value>
         <object_component_ref idref="oc-f4"/>
      </symbol>
      <symbol id="sm-2a3">
         <name>Interrupt_registerInterrupt</name>
         <value>0x1147</value>
         <object_component_ref idref="oc-f4"/>
      </symbol>
      <symbol id="sm-2a4">
         <name>g_pfnRAMVectors</name>
         <value>0x20000000</value>
         <object_component_ref idref="oc-12a"/>
      </symbol>
      <symbol id="sm-2a5">
         <name>Interrupt_disableSleepOnIsrExit</name>
         <value>0x14e5</value>
         <object_component_ref idref="oc-f4"/>
      </symbol>
      <symbol id="sm-2a6">
         <name>Interrupt_setPriorityGrouping</name>
         <value>0x11ad</value>
         <object_component_ref idref="oc-f4"/>
      </symbol>
      <symbol id="sm-2a7">
         <name>Interrupt_getPriorityGrouping</name>
         <value>0x11c7</value>
         <object_component_ref idref="oc-f4"/>
      </symbol>
      <symbol id="sm-2a8">
         <name>Interrupt_getVectorTableAddress</name>
         <value>0x14cd</value>
         <object_component_ref idref="oc-f4"/>
      </symbol>
      <symbol id="sm-2a9">
         <name>Interrupt_isEnabled</name>
         <value>0x1359</value>
         <object_component_ref idref="oc-f4"/>
      </symbol>
      <symbol id="sm-2aa">
         <name>Interrupt_pendInterrupt</name>
         <value>0x13e5</value>
         <object_component_ref idref="oc-f4"/>
      </symbol>
      <symbol id="sm-2e9">
         <name>SysCtl_disableSRAMBankRetention</name>
         <value>0x15f5</value>
         <object_component_ref idref="oc-108"/>
      </symbol>
      <symbol id="sm-2ea">
         <name>SysCtl_getTempCalibrationConstant</name>
         <value>0x16a5</value>
         <object_component_ref idref="oc-108"/>
      </symbol>
      <symbol id="sm-2eb">
         <name>SysCtl_enablePeripheralAtCPUHalt</name>
         <value>0x161d</value>
         <object_component_ref idref="oc-108"/>
      </symbol>
      <symbol id="sm-2ec">
         <name>SysCtl_getSRAMSize</name>
         <value>0x1515</value>
         <object_component_ref idref="oc-108"/>
      </symbol>
      <symbol id="sm-2ed">
         <name>SysCtl_enableSRAMBank</name>
         <value>0x154f</value>
         <object_component_ref idref="oc-108"/>
      </symbol>
      <symbol id="sm-2ee">
         <name>SysCtl_disablePeripheralAtCPUHalt</name>
         <value>0x1631</value>
         <object_component_ref idref="oc-108"/>
      </symbol>
      <symbol id="sm-2ef">
         <name>SysCtl_setWDTTimeoutResetType</name>
         <value>0x1645</value>
         <object_component_ref idref="oc-108"/>
      </symbol>
      <symbol id="sm-2f0">
         <name>SysCtl_getNMISourceStatus</name>
         <value>0x1549</value>
         <object_component_ref idref="oc-108"/>
      </symbol>
      <symbol id="sm-2f1">
         <name>SysCtl_enableNMISource</name>
         <value>0x1535</value>
         <object_component_ref idref="oc-108"/>
      </symbol>
      <symbol id="sm-2f2">
         <name>SysCtl_disableSRAMBank</name>
         <value>0x156d</value>
         <object_component_ref idref="oc-108"/>
      </symbol>
      <symbol id="sm-2f3">
         <name>SysCtl_disableGlitchFilter</name>
         <value>0x1699</value>
         <object_component_ref idref="oc-108"/>
      </symbol>
      <symbol id="sm-2f4">
         <name>SysCtl_disableNMISource</name>
         <value>0x1521</value>
         <object_component_ref idref="oc-108"/>
      </symbol>
      <symbol id="sm-2f5">
         <name>SysCtl_setWDTPasswordViolationResetType</name>
         <value>0x1669</value>
         <object_component_ref idref="oc-108"/>
      </symbol>
      <symbol id="sm-2f6">
         <name>SysCtl_rebootDevice</name>
         <value>0x1613</value>
         <object_component_ref idref="oc-108"/>
      </symbol>
      <symbol id="sm-2f7">
         <name>SysCtl_getFlashSize</name>
         <value>0x151b</value>
         <object_component_ref idref="oc-108"/>
      </symbol>
      <symbol id="sm-2f8">
         <name>SysCtl_enableGlitchFilter</name>
         <value>0x168d</value>
         <object_component_ref idref="oc-108"/>
      </symbol>
      <symbol id="sm-2f9">
         <name>SysCtl_enableSRAMBankRetention</name>
         <value>0x15d7</value>
         <object_component_ref idref="oc-108"/>
      </symbol>
      <symbol id="sm-310">
         <name>_c_int00</name>
         <value>0x1ac1</value>
         <object_component_ref idref="oc-25"/>
      </symbol>
      <symbol id="sm-311">
         <name>__stack</name>
         <value>0x2000fe00</value>
         <object_component_ref idref="oc-2a"/>
      </symbol>
      <symbol id="sm-328">
         <name>__TI_decompress_none</name>
         <value>0x1c0d</value>
         <object_component_ref idref="oc-13"/>
      </symbol>
      <symbol id="sm-350">
         <name>__TI_decompress_rle24</name>
         <value>0x1c33</value>
         <object_component_ref idref="oc-19"/>
      </symbol>
      <symbol id="sm-362">
         <name>__TI_zero_init</name>
         <value>0x1c1b</value>
         <object_component_ref idref="oc-1f"/>
      </symbol>
      <symbol id="sm-381">
         <name>C$$EXIT</name>
         <value>0x1b5d</value>
         <object_component_ref idref="oc-6b"/>
      </symbol>
      <symbol id="sm-382">
         <name>abort</name>
         <value>0x1b61</value>
         <object_component_ref idref="oc-6b"/>
      </symbol>
      <symbol id="sm-383">
         <name>exit</name>
         <value>0x1b69</value>
         <object_component_ref idref="oc-6b"/>
      </symbol>
      <symbol id="sm-384">
         <name>__TI_dtors_ptr</name>
         <value>0x20000110</value>
         <object_component_ref idref="oc-a4"/>
      </symbol>
      <symbol id="sm-385">
         <name>__TI_cleanup_ptr</name>
         <value>0x2000010c</value>
         <object_component_ref idref="oc-a4"/>
      </symbol>
      <symbol id="sm-3a0">
         <name>memcpy</name>
         <value>0x18d1</value>
         <object_component_ref idref="oc-34"/>
      </symbol>
      <symbol id="sm-3a1">
         <name>__aeabi_memcpy</name>
         <value>0x18d1</value>
         <object_component_ref idref="oc-34"/>
      </symbol>
      <symbol id="sm-3a2">
         <name>__aeabi_memcpy8</name>
         <value>0x18d1</value>
         <object_component_ref idref="oc-34"/>
      </symbol>
      <symbol id="sm-3a3">
         <name>__aeabi_memcpy4</name>
         <value>0x18d1</value>
         <object_component_ref idref="oc-34"/>
      </symbol>
      <symbol id="sm-3b2">
         <name>__aeabi_memset</name>
         <value>0x196f</value>
         <object_component_ref idref="oc-4d"/>
      </symbol>
      <symbol id="sm-3b3">
         <name>memset</name>
         <value>0x1975</value>
         <object_component_ref idref="oc-4d"/>
      </symbol>
      <symbol id="sm-3b4">
         <name>__aeabi_memset8</name>
         <value>0x196f</value>
         <object_component_ref idref="oc-4d"/>
      </symbol>
      <symbol id="sm-3b5">
         <name>__aeabi_memset4</name>
         <value>0x196f</value>
         <object_component_ref idref="oc-4d"/>
      </symbol>
      <symbol id="sm-3b6">
         <name>__aeabi_memclr8</name>
         <value>0x196d</value>
         <object_component_ref idref="oc-4d"/>
      </symbol>
      <symbol id="sm-3b7">
         <name>__aeabi_memclr4</name>
         <value>0x196d</value>
         <object_component_ref idref="oc-4d"/>
      </symbol>
      <symbol id="sm-3b8">
         <name>__aeabi_memclr</name>
         <value>0x196d</value>
         <object_component_ref idref="oc-4d"/>
      </symbol>
      <symbol id="sm-3c2">
         <name>_system_pre_init</name>
         <value>0x1c39</value>
         <object_component_ref idref="oc-59"/>
      </symbol>
      <symbol id="sm-3ca">
         <name>main_func_sp</name>
         <value>0x20000118</value>
         <object_component_ref idref="oc-71"/>
      </symbol>
      <symbol id="sm-3e3">
         <name>_nop</name>
         <value>0x1c07</value>
         <object_component_ref idref="oc-dc"/>
      </symbol>
      <symbol id="sm-3e4">
         <name>_lock</name>
         <value>0x20000104</value>
         <object_component_ref idref="oc-a1"/>
      </symbol>
      <symbol id="sm-3e5">
         <name>_unlock</name>
         <value>0x20000108</value>
         <object_component_ref idref="oc-a1"/>
      </symbol>
      <symbol id="sm-3e6">
         <name>_register_lock</name>
         <value>0x1bff</value>
         <object_component_ref idref="oc-dc"/>
      </symbol>
      <symbol id="sm-3e7">
         <name>_register_unlock</name>
         <value>0x1bf9</value>
         <object_component_ref idref="oc-dc"/>
      </symbol>
      <symbol id="sm-3fc">
         <name>_args_main</name>
         <value>0x1be1</value>
         <object_component_ref idref="oc-65"/>
      </symbol>
      <symbol id="sm-422">
         <name>__TI_auto_init</name>
         <value>0x19e9</value>
         <object_component_ref idref="oc-5f"/>
      </symbol>
      <symbol id="sm-43c">
         <name>copy_in</name>
         <value>0x1b11</value>
         <object_component_ref idref="oc-91"/>
      </symbol>
      <symbol id="sm-43d">
         <name>__TI_static_base__</name>
         <value>0x0</value>
      </symbol>
      <symbol id="sm-440">
         <name>SHT$$INIT_ARRAY$$Limit</name>
         <value>0x0</value>
      </symbol>
      <symbol id="sm-441">
         <name>SHT$$INIT_ARRAY$$Base</name>
         <value>0x0</value>
      </symbol>
   </symbol_table>
   <title>Link successful</title>
</link_info>
