<html>
<body>
<pre>
<h1>礦ision Build Log</h1>
<h2>Tool Versions:</h2>
IDE-Version: μVision V5.27.0.0
Copyright (C) 2018 ARM Ltd and ARM Germany GmbH. All rights reserved.
License Information: tre blade, asdas, LIC=YA39H-WRZ1P-KPTZY-I3GX4-H4EUW-2YS2Z
 
Tool Versions:
Toolchain:       MDK-ARM Plus  Version: 5.27.0.0
Toolchain Path:  D:\keil\ARM\ARMCC\Bin
C Compiler:      Armcc.exe V5.06 update 6 (build 750)
Assembler:       Armasm.exe V5.06 update 6 (build 750)
Linker/Locator:  ArmLink.exe V5.06 update 6 (build 750)
Library Manager: ArmAr.exe V5.06 update 6 (build 750)
Hex Converter:   FromElf.exe V5.06 update 6 (build 750)
CPU DLL:         SARMCM3.DLL V5.27.0.0
Dialog DLL:      DARMSTM.DLL V1.68.0.0
Target DLL:      STLink\ST-LINKIII-KEIL_SWO.dll V3.0.5.0
Dialog DLL:      TARMSTM.DLL V1.66.0.0
 
<h2>Project:</h2>
D:\github\ADS1292\ADS1292\STM32F103C8T6_ADS1292\USER\PEIKI.uvprojx
Project File Date:  12/01/2020

<h2>Output:</h2>
*** Using Compiler 'V5.06 update 6 (build 750)', folder: 'D:\keil\ARM\ARMCC\Bin'
Rebuild target 'PEIKI'
assembling startup_stm32f10x_md.s...
compiling core_cm3.c...
compiling stm32f10x_exti.c...
compiling misc.c...
compiling system_stm32f10x.c...
compiling stm32f10x_bkp.c...
compiling stm32f10x_usart.c...
compiling stm32f10x_it.c...
compiling stm32f10x_gpio.c...
compiling stm32f10x_rcc.c...
compiling stm32f10x_adc.c...
compiling stm32f10x_crc.c...
compiling stm32f10x_can.c...
compiling stm32f10x_dac.c...
compiling stm32f10x_dbgmcu.c...
compiling stm32f10x_dma.c...
compiling stm32f10x_flash.c...
compiling stm32f10x_pwr.c...
compiling stm32f10x_i2c.c...
compiling stm32f10x_iwdg.c...
compiling stm32f10x_rtc.c...
compiling stm32f10x_fsmc.c...
compiling stm32f10x_sdio.c...
compiling stm32f10x_spi.c...
compiling stm32f10x_tim.c...
compiling stm32f10x_cec.c...
compiling stm32f10x_wwdg.c...
compiling sys.c...
compiling main.c...
..\Hardware\ADS1292.h(261): warning:  #1-D: last line of file ends without a newline
  //	捕获数据并测试信号
..\Hardware\Timer.h(14): warning:  #1-D: last line of file ends without a newline
  void TIM7_Init(u16 arr,u16 psc);
main.c(39): warning:  #223-D: function "printf" declared implicitly
  				printf("1292寄存器设置失败\r\n");
main.c(44): warning:  #223-D: function "printf" declared implicitly
  		printf("寄存器设置成功\r\n");
main.c(16): warning:  #177-D: variable "res"  was declared but never referenced
  		u8 res,i,sum;	
main.c(16): warning:  #177-D: variable "i"  was declared but never referenced
  		u8 res,i,sum;	
main.c(16): warning:  #550-D: variable "sum"  was set but never used
  		u8 res,i,sum;	
main.c(18): warning:  #177-D: variable "usbstatus"  was declared but never referenced
  		u8 usbstatus=0;	
main.c: 8 warnings, 0 errors
compiling delay.c...
compiling Timer.c...
..\Hardware\Timer.h(14): warning:  #1-D: last line of file ends without a newline
  void TIM7_Init(u16 arr,u16 psc);
..\Hardware\Timer.c(99): warning:  #1-D: last line of file ends without a newline
   
..\Hardware\Timer.c: 2 warnings, 0 errors
compiling led.c...
compiling spi.c...
..\Hardware\spi.h(172): warning:  #1-D: last line of file ends without a newline
  */
..\Hardware\spi.c: 1 warning, 0 errors
compiling dma.c...
..\Hardware\dma.c(16): warning:  #177-D: variable "NVIC_InitStructure"  was declared but never referenced
  		NVIC_InitTypeDef NVIC_InitStructure;
..\Hardware\dma.c: 1 warning, 0 errors
compiling usart.c...
..\Hardware\usart.c(258): warning:  #1-D: last line of file ends without a newline
  */
..\Hardware\usart.c: 1 warning, 0 errors
compiling ADS1292.C...
..\Hardware\ADS1292.h(261): warning:  #1-D: last line of file ends without a newline
  //	捕获数据并测试信号
..\Hardware\spi.h(172): warning:  #1-D: last line of file ends without a newline
  */
..\Hardware\Timer.h(14): warning:  #1-D: last line of file ends without a newline
  void TIM7_Init(u16 arr,u16 psc);
..\Hardware\ADS1292.C(92): warning:  #167-D: argument of type "volatile u8 *" is incompatible with parameter of type "u8 *"
  				ADS1292_Read_Data(ads1292_Cache);//数据存到9字节缓冲区
..\Hardware\ADS1292.C(252): warning:  #223-D: function "printf" declared implicitly
  		printf("WRITE REG:\r\n");
..\Hardware\ADS1292.C(304): warning:  #223-D: function "printf" declared implicitly
  		printf("read default REG:\r\n");
..\Hardware\ADS1292.C: 6 warnings, 0 errors
compiling key.c...
..\Hardware\key.c(13): warning:  #550-D: variable "NVIC_InitStructure"  was set but never used
  		NVIC_InitTypeDef	NVIC_InitStructure;
..\Hardware\key.c: 1 warning, 0 errors
linking...
Program Size: Code=15568 RO-data=784 RW-data=84 ZI-data=1396  
FromELF: creating hex file...
"..\Output\STM32F103C8T6.axf" - 0 Error(s), 20 Warning(s).

<h2>Software Packages used:</h2>

Package Vendor: Keil
                http://www.keil.com/pack/Keil.STM32F1xx_DFP.2.1.0.pack
                Keil.STM32F1xx_DFP.2.1.0
                STMicroelectronics STM32F1 Series Device Support, Drivers and Examples

<h2>Collection of Component include folders:</h2>
  .\RTE\_PEIKI
  D:\keil\ARM\PACK\Keil\STM32F1xx_DFP\2.1.0\Device\Include

<h2>Collection of Component Files used:</h2>
Build Time Elapsed:  00:00:02
</pre>
</body>
</html>
