<html>
<body>
<pre>
<h1>µVision Build Log</h1>
<h2>Tool Versions:</h2>
IDE-Version: ¶ÃVision V5.27.0.0
Copyright (C) 2018 ARM Ltd and ARM Germany GmbH. All rights reserved.
License Information: tre blade, asdas, LIC=----
 
Tool Versions:
Toolchain:       MDK-Lite  Version: 5.27.0.0
Toolchain Path:  D:\keil\ARM\ARMCC\Bin
C Compiler:      Armcc.exe V5.06 update 6 (build 750)
Assembler:       Armasm.exe V5.06 update 6 (build 750)
Linker/Locator:  ArmLink.exe V5.06 update 6 (build 750)
Library Manager: ArmAr.exe V5.06 update 6 (build 750)
Hex Converter:   FromElf.exe V5.06 update 6 (build 750)
CPU DLL:         SARMCM3.DLL V5.27.0.0
Dialog DLL:      DCM.DLL V1.17.2.0
Target DLL:      STLink\ST-LINKIII-KEIL_SWO.dll V3.0.5.0
Dialog DLL:      TCM.DLL V1.36.1.0
 
<h2>Project:</h2>
D:\github\ADS1292\ADS1292\AD1292\MDK-ARM\AD1292.uvprojx
Project File Date:  09/07/2020

<h2>Output:</h2>
*** Using Compiler 'V5.06 update 6 (build 750)', folder: 'D:\keil\ARM\ARMCC\Bin'
Rebuild target 'AD1292'
assembling startup_stm32f407xx.s...
compiling dma.c...
compiling usart.c...
compiling tim.c...
compiling gpio.c...
compiling stm32f4xx_hal_msp.c...
compiling spi.c...
compiling stm32f4xx_it.c...
compiling main.c...
..\USART_HMI\USART_HMI.h(14): warning:  #1295-D: Deprecated declaration send_ending_flag - give arg types
  void send_ending_flag();    //ÁªìÊùüÁ¨¶ÂèëÈÄÅÊåá‰ª?
../Src/main.c(88): warning:  #177-D: variable "res"  was declared but never referenced
    uint8_t res,i,sum;	
../Src/main.c(88): warning:  #177-D: variable "i"  was declared but never referenced
    uint8_t res,i,sum;	
../Src/main.c(88): warning:  #550-D: variable "sum"  was set but never used
    uint8_t res,i,sum;	
../Src/main.c(89): warning:  #550-D: variable "data_to_send"  was set but never used
  	uint8_t data_to_send[60];//¥Æø⁄∑¢ÀÕª∫¥Ê
../Src/main.c(90): warning:  #177-D: variable "usbstatus"  was declared but never referenced
  	uint8_t usbstatus=0;	
../Src/main.c: 6 warnings, 0 errors
compiling stm32f4xx_hal_rcc_ex.c...
compiling stm32f4xx_hal_rcc.c...
compiling stm32f4xx_hal_spi.c...
compiling stm32f4xx_hal_pwr_ex.c...
compiling stm32f4xx_hal_cortex.c...
compiling stm32f4xx_hal_dma.c...
compiling stm32f4xx_hal_flash_ex.c...
compiling stm32f4xx_hal_pwr.c...
compiling stm32f4xx_hal_flash_ramfunc.c...
compiling stm32f4xx_hal_flash.c...
compiling stm32f4xx_hal.c...
compiling stm32f4xx_hal_dma_ex.c...
compiling stm32f4xx_hal_gpio.c...
compiling stm32f4xx_hal_exti.c...
compiling delay.c...
compiling USART_HMI.c...
..\USART_HMI\USART_HMI.h(14): warning:  #1295-D: Deprecated declaration send_ending_flag - give arg types
  void send_ending_flag();    //ÁªìÊùüÁ¨¶ÂèëÈÄÅÊåá‰ª?
..\USART_HMI\USART_HMI.c: 1 warning, 0 errors
compiling findpeaks.c...
compiling sys.c...
compiling system_stm32f4xx.c...
compiling AD1292.c...
..\HARDWARE\AD1292.c(322): warning:  #167-D: argument of type "volatile u8 *" is incompatible with parameter of type "u8 *"
    ADS1292_Read_Data(ads1292_Cache);
..\HARDWARE\AD1292.c: 1 warning, 0 errors
compiling stm32f4xx_hal_tim_ex.c...
compiling stm32f4xx_hal_uart.c...
compiling stm32f4xx_hal_tim.c...
linking...
Program Size: Code=11504 RO-data=456 RW-data=72 ZI-data=9424  
FromELF: creating hex file...
"AD1292\AD1292.axf" - 0 Error(s), 8 Warning(s).

<h2>Software Packages used:</h2>

Package Vendor: ARM
                http://www.keil.com/pack/ARM.CMSIS.5.4.0.pack
                ARM.CMSIS.5.4.0
                CMSIS (Cortex Microcontroller Software Interface Standard)
   * Component: CORE Version: 5.1.2

Package Vendor: Keil
                http://www.keil.com/pack/Keil.STM32F4xx_DFP.2.13.0.pack
                Keil.STM32F4xx_DFP.2.13.0
                STMicroelectronics STM32F4 Series Device Support, Drivers and Examples

<h2>Collection of Component include folders:</h2>
  .\RTE\_AD1292
  D:\keil\ARM\PACK\ARM\CMSIS\5.4.0\CMSIS\Core\Include
  D:\keil\ARM\PACK\Keil\STM32F4xx_DFP\2.13.0\Drivers\CMSIS\Device\ST\STM32F4xx\Include

<h2>Collection of Component Files used:</h2>

   * Component: ARM::CMSIS:CORE:5.1.2
Build Time Elapsed:  00:00:07
</pre>
</body>
</html>
