<html>
<body>
<pre>
<h1>�Vision Build Log</h1>
<h2>Tool Versions:</h2>
IDE-Version: ��Vision V5.27.0.0
Copyright (C) 2018 ARM Ltd and ARM Germany GmbH. All rights reserved.
License Information: 213 123, 123, LIC=EXJT4-F1NK0-EVW1R-K2P5K-TM53T-9S93B
 
Tool Versions:
Toolchain:       MDK-ARM Plus  Version: 5.27.0.0
Toolchain Path:  D:\keil5\ARM\ARMCC\Bin
C Compiler:      Armcc.exe V5.06 update 6 (build 750)
Assembler:       Armasm.exe V5.06 update 6 (build 750)
Linker/Locator:  ArmLink.exe V5.06 update 6 (build 750)
Library Manager: ArmAr.exe V5.06 update 6 (build 750)
Hex Converter:   FromElf.exe V5.06 update 6 (build 750)
CPU DLL:         SARMCM3.DLL V5.27.0.0
Dialog DLL:      DCM.DLL V1.17.2.0
Target DLL:      STLink\ST-LINKIII-KEIL_SWO.dll V3.0.5.0
Dialog DLL:      TCM.DLL V1.36.1.0
 
<h2>Project:</h2>
D:\github\ADS1292\ADS1292\AD1292\MDK-ARM\AD1292.uvprojx
Project File Date:  09/13/2020

<h2>Output:</h2>
*** Using Compiler 'V5.06 update 6 (build 750)', folder: 'D:\keil5\ARM\ARMCC\Bin'
Rebuild target 'AD1292'
assembling startup_stm32f407xx.s...
compiling dma.c...
compiling gpio.c...
compiling main.c...
..\USART_HMI\USART_HMI.h(15): warning:  #1295-D: Deprecated declaration send_ending_flag - give arg types
  void send_ending_flag();    //结束符发送指�?
../Src/main.c(167): warning:  #1035-D: single-precision operand implicitly converted to double-precision
  			breath_init_cache[p] = breath_init_cache[p] - 0.95*min;
../Src/main.c(212): warning:  #1035-D: single-precision operand implicitly converted to double-precision
  							val2 = (cannle[0]-0.95*min)*(a2)+b2;            
../Src/main.c(110): warning:  #177-D: variable "num"  was declared but never referenced
    static uint16_t j,n,num,x;
../Src/main.c(111): warning:  #177-D: variable "res"  was declared but never referenced
    uint8_t res,i,sum;	
../Src/main.c(111): warning:  #177-D: variable "i"  was declared but never referenced
    uint8_t res,i,sum;	
../Src/main.c(111): warning:  #550-D: variable "sum"  was set but never used
    uint8_t res,i,sum;	
../Src/main.c(113): warning:  #177-D: variable "usbstatus"  was declared but never referenced
  	uint8_t usbstatus=0;	
../Src/main.c(124): warning:  #177-D: variable "last_val"  was declared but never referenced
  	static int last_val;
../Src/main.c: 9 warnings, 0 errors
compiling spi.c...
compiling tim.c...
compiling usart.c...
compiling stm32f4xx_hal_msp.c...
compiling stm32f4xx_it.c...
compiling stm32f4xx_hal_spi.c...
compiling stm32f4xx_hal_rcc_ex.c...
compiling stm32f4xx_hal_flash.c...
compiling stm32f4xx_hal_rcc.c...
compiling stm32f4xx_hal_flash_ramfunc.c...
compiling stm32f4xx_hal_flash_ex.c...
compiling stm32f4xx_hal_gpio.c...
compiling stm32f4xx_hal_pwr.c...
compiling stm32f4xx_hal_dma.c...
compiling stm32f4xx_hal_dma_ex.c...
compiling stm32f4xx_hal_pwr_ex.c...
compiling stm32f4xx_hal_cortex.c...
compiling stm32f4xx_hal.c...
compiling stm32f4xx_hal_exti.c...
compiling stm32f4xx_hal_tim_ex.c...
compiling stm32f4xx_hal_tim.c...
compiling system_stm32f4xx.c...
compiling stm32f4xx_hal_uart.c...
compiling AD1292.c...
..\HARDWARE\AD1292.c(332): warning:  #167-D: argument of type "volatile u8 *" is incompatible with parameter of type "u8 *"
    ADS1292_Read_Data(ads1292_Cache);
..\HARDWARE\AD1292.c(350): warning:  #1035-D: single-precision operand implicitly converted to double-precision
  	*a1 = 180.0/(max_init_val-min_init_val);
..\HARDWARE\AD1292.c: 2 warnings, 0 errors
compiling sys.c...
compiling delay.c...
compiling USART_HMI.c...
..\USART_HMI\USART_HMI.h(15): warning:  #1295-D: Deprecated declaration send_ending_flag - give arg types
  void send_ending_flag();    //结束符发送指�?
..\USART_HMI\USART_HMI.c: 1 warning, 0 errors
compiling findpeaks.c...
compiling FIR_48.c...
..\Filter\FIR_48.c(41): warning:  #177-D: variable "i"  was declared but never referenced
      uint32_t i;
..\Filter\FIR_48.c(69): warning:  #177-D: variable "i"  was declared but never referenced
      uint32_t i;
..\Filter\FIR_48.c: 2 warnings, 0 errors
linking...
Program Size: Code=15156 RO-data=688 RW-data=156 ZI-data=24100  
FromELF: creating hex file...
"AD1292\AD1292.axf" - 0 Error(s), 14 Warning(s).

<h2>Software Packages used:</h2>

Package Vendor: ARM
                http://www.keil.com/pack/ARM.CMSIS.5.4.0.pack
                ARM.CMSIS.5.4.0
                CMSIS (Cortex Microcontroller Software Interface Standard)
   * Component: CORE Version: 5.1.2

Package Vendor: Keil
                http://www.keil.com/pack/Keil.STM32F4xx_DFP.2.13.0.pack
                Keil.STM32F4xx_DFP.2.13.0
                STMicroelectronics STM32F4 Series Device Support, Drivers and Examples

<h2>Collection of Component include folders:</h2>
  .\RTE\_AD1292
  D:\keil5\ARM\PACK\ARM\CMSIS\5.4.0\CMSIS\Core\Include
  D:\keil5\ARM\PACK\Keil\STM32F4xx_DFP\2.13.0\Drivers\CMSIS\Device\ST\STM32F4xx\Include

<h2>Collection of Component Files used:</h2>

   * Component: ARM::CMSIS:CORE:5.1.2
Build Time Elapsed:  00:01:57
</pre>
</body>
</html>
