<html>
<body>
<pre>
<h1>µVision Build Log</h1>
<h2>Tool Versions:</h2>
IDE-Version: ¦ÌVision V5.27.0.0
Copyright (C) 2018 ARM Ltd and ARM Germany GmbH. All rights reserved.
License Information: 213 123, 123, LIC=EXJT4-F1NK0-EVW1R-K2P5K-TM53T-9S93B
 
Tool Versions:
Toolchain:       MDK-ARM Plus  Version: 5.27.0.0
Toolchain Path:  D:\keil5\ARM\ARMCC\Bin
C Compiler:      Armcc.exe V5.06 update 6 (build 750)
Assembler:       Armasm.exe V5.06 update 6 (build 750)
Linker/Locator:  ArmLink.exe V5.06 update 6 (build 750)
Library Manager: ArmAr.exe V5.06 update 6 (build 750)
Hex Converter:   FromElf.exe V5.06 update 6 (build 750)
CPU DLL:         SARMCM3.DLL V5.27.0.0
Dialog DLL:      DCM.DLL V1.17.2.0
Target DLL:      CMSIS_AGDI.dll V1.31.9.0
Dialog DLL:      TCM.DLL V1.36.1.0
 
<h2>Project:</h2>
D:\github\ADS1292\ADS1292\MSP432_AD1292R\User\ADS1292.uvprojx
Project File Date:  10/01/2020

<h2>Output:</h2>
*** Using Compiler 'V5.06 update 6 (build 750)', folder: 'D:\keil5\ARM\ARMCC\Bin'
Rebuild target 'Target 1'
assembling startup_msp432p401r_uvision.s...
compiling system_msp432p401r.c...
compiling main.c...
main.c(16): warning:  #177-D: variable "res"  was declared but never referenced
  		u8 res,i,sum;	
main.c(16): warning:  #177-D: variable "i"  was declared but never referenced
  		u8 res,i,sum;	
main.c(16): warning:  #550-D: variable "sum"  was set but never used
  		u8 res,i,sum;	
main.c(18): warning:  #550-D: variable "data_to_send"  was set but never used
  	  uint8_t data_to_send[60];//´®¿Ú·¢ËÍ»º´æ
main.c(19): warning:  #177-D: variable "usbstatus"  was declared but never referenced
  		uint8_t usbstatus=0;	
main.c: 5 warnings, 0 errors
compiling AD1292.c...
..\Hardware\AD1292.c(319): warning:  #167-D: argument of type "volatile u8 *" is incompatible with parameter of type "u8 *"
    ADS1292_Read_Data(ads1292_Cache);
..\Hardware\AD1292.c(337): warning:  #1035-D: single-precision operand implicitly converted to double-precision
  	*a1 = 180.0/(max_init_val-min_init_val);
..\Hardware\AD1292.c: 2 warnings, 0 errors
compiling sys.c...
compiling delay.c...
compiling usart.c...
compiling gpio_u.c...
compiling spi_u.c...
linking...
Program Size: Code=9252 RO-data=568 RW-data=120 ZI-data=536  
FromELF: creating hex file...
"..\Obj\ADS1292.axf" - 0 Error(s), 7 Warning(s).

<h2>Software Packages used:</h2>

Package Vendor: ARM
                http://www.keil.com/pack/ARM.CMSIS.5.4.0.pack
                ARM.CMSIS.5.4.0
                CMSIS (Cortex Microcontroller Software Interface Standard)
   * Component: CORE Version: 5.1.2
   * Component: DSP Version: 1.5.2

Package Vendor: TexasInstruments
                http://software-dl.ti.com/msp430/msp430_public_sw/mcu/msp430/msp432cmsis/latest/exports/TexasInstruments.MSP432P4xx_DFP.3.2.6.pack
                TexasInstruments.MSP432P4xx_DFP.3.2.6
                Device Family Pack for Texas Instruments SimpleLink(TM) MSP432 Series

<h2>Collection of Component include folders:</h2>
  .\RTE\_Target_1
  D:\keil5\ARM\PACK\ARM\CMSIS\5.4.0\CMSIS\Core\Include
  D:\keil5\ARM\PACK\ARM\CMSIS\5.4.0\CMSIS\DSP\Include
  D:\keil5\ARM\PACK\TexasInstruments\MSP432P4xx_DFP\3.2.6\Device\Include

<h2>Collection of Component Files used:</h2>

   * Component: ARM::CMSIS:CORE:5.1.2

   * Component: ARM::CMSIS:DSP:1.5.2
      Library file:  CMSIS\Lib\ARM\arm_cortexM4lf_math.lib
      Include file:  CMSIS\DSP\Include\arm_math.h
Build Time Elapsed:  00:00:08
</pre>
</body>
</html>
