Component: ARM Compiler 5.06 update 6 (build 750) Tool: armlink [4d35ed]

==============================================================================

Section Cross References

    main.o(i.PORT3_IRQHandler) refers to gpio.o(i.GPIO_getEnabledInterruptStatus) for GPIO_getEnabledInterruptStatus
    main.o(i.PORT3_IRQHandler) refers to gpio.o(i.GPIO_clearInterruptFlag) for GPIO_clearInterruptFlag
    main.o(i.PORT3_IRQHandler) refers to ad1292.o(i.PA8_IRQHandler) for PA8_IRQHandler
    main.o(i.fputc) refers to uart.o(i.UART_transmitData) for UART_transmitData
    main.o(i.fputc) refers to uart.o(i.UART_getInterruptStatus) for UART_getInterruptStatus
    main.o(i.fputs) refers to strlen.o(.text) for strlen
    main.o(i.fputs) refers to uart.o(i.UART_transmitData) for UART_transmitData
    main.o(i.fputs) refers to uart.o(i.UART_getInterruptStatus) for UART_getInterruptStatus
    main.o(i.main) refers to wdt_a.o(i.WDT_A_holdTimer) for WDT_A_holdTimer
    main.o(i.main) refers to sys.o(i.Msp432_Clock_Init) for Msp432_Clock_Init
    main.o(i.main) refers to usart.o(i.Usart_Init) for Usart_Init
    main.o(i.main) refers to fpu.o(i.FPU_enableModule) for FPU_enableModule
    main.o(i.main) refers to gpio_u.o(i.GPIO_Init) for GPIO_Init
    main.o(i.main) refers to spi_u.o(i.SPI_Init) for SPI_Init
    main.o(i.main) refers to cs.o(i.CS_getMCLK) for CS_getMCLK
    main.o(i.main) refers to delay.o(i.delay_init) for delay_init
    main.o(i.main) refers to ad1292.o(i.ADS1292_Init) for ADS1292_Init
    main.o(i.main) refers to printfa.o(i.__0printf) for __2printf
    main.o(i.main) refers to ad1292.o(i.Set_ADS1292_Collect) for Set_ADS1292_Collect
    main.o(i.main) refers to gpio.o(i.GPIO_enableInterrupt) for GPIO_enableInterrupt
    main.o(i.main) refers to ad1292.o(i.get_volt) for get_volt
    main.o(i.main) refers to f2d.o(.text) for __aeabi_f2d
    main.o(i.main) refers to ad1292.o(.data) for ads1292_recive_flag
    main.o(i.main) refers to ad1292.o(.bss) for ads1292_Cache
    startup_msp432p401r_uvision.o(RESET) refers to startup_msp432p401r_uvision.o(STACK) for __initial_sp
    startup_msp432p401r_uvision.o(RESET) refers to startup_msp432p401r_uvision.o(.text) for Reset_Handler
    startup_msp432p401r_uvision.o(RESET) refers to main.o(i.PORT3_IRQHandler) for PORT3_IRQHandler
    startup_msp432p401r_uvision.o(.text) refers to system_msp432p401r.o(i.SystemInit) for SystemInit
    startup_msp432p401r_uvision.o(.text) refers to entry.o(.ARM.Collect$$$$00000000) for __main
    system_msp432p401r.o(i.SystemCoreClockUpdate) refers to system_msp432p401r.o(.data) for SystemCoreClock
    ad1292.o(i.ADS1292_Init) refers to gpio.o(i.GPIO_disableInterrupt) for GPIO_disableInterrupt
    ad1292.o(i.ADS1292_Init) refers to gpio.o(i.GPIO_setOutputHighOnPin) for GPIO_setOutputHighOnPin
    ad1292.o(i.ADS1292_Init) refers to ad1292.o(i.ADS1292_PowerOnInit) for ADS1292_PowerOnInit
    ad1292.o(i.ADS1292_Noise_Test) refers to ad1292.o(i.ADS1292_WRITE_REGBUFF) for ADS1292_WRITE_REGBUFF
    ad1292.o(i.ADS1292_Noise_Test) refers to delay.o(i.delay_ms) for delay_ms
    ad1292.o(i.ADS1292_Noise_Test) refers to ad1292.o(.data) for Ads1292_Config2
    ad1292.o(i.ADS1292_PowerOnInit) refers to ad1292.o(i.ADS1292_Send_CMD) for ADS1292_Send_CMD
    ad1292.o(i.ADS1292_PowerOnInit) refers to delay.o(i.delay_ms) for delay_ms
    ad1292.o(i.ADS1292_PowerOnInit) refers to ad1292.o(i.ADS1292_WR_REGS) for ADS1292_WR_REGS
    ad1292.o(i.ADS1292_PowerOnInit) refers to printfa.o(i.__0printf) for __2printf
    ad1292.o(i.ADS1292_Read_Data) refers to gpio.o(i.GPIO_setOutputLowOnPin) for GPIO_setOutputLowOnPin
    ad1292.o(i.ADS1292_Read_Data) refers to ad1292.o(i.ADS1292_SPI) for ADS1292_SPI
    ad1292.o(i.ADS1292_Read_Data) refers to gpio.o(i.GPIO_setOutputHighOnPin) for GPIO_setOutputHighOnPin
    ad1292.o(i.ADS1292_SET_REGBUFF) refers to ad1292.o(.bss) for ADS1292_REG
    ad1292.o(i.ADS1292_SET_REGBUFF) refers to ad1292.o(.data) for Ads1292_Config1
    ad1292.o(i.ADS1292_SPI) refers to spi_u.o(i.SPI_ReadWriteByte) for SPI_ReadWriteByte
    ad1292.o(i.ADS1292_Send_CMD) refers to gpio.o(i.GPIO_setOutputLowOnPin) for GPIO_setOutputLowOnPin
    ad1292.o(i.ADS1292_Send_CMD) refers to delay.o(i.delay_us) for delay_us
    ad1292.o(i.ADS1292_Send_CMD) refers to ad1292.o(i.ADS1292_SPI) for ADS1292_SPI
    ad1292.o(i.ADS1292_Send_CMD) refers to gpio.o(i.GPIO_setOutputHighOnPin) for GPIO_setOutputHighOnPin
    ad1292.o(i.ADS1292_Single_Read) refers to ad1292.o(i.ADS1292_WRITE_REGBUFF) for ADS1292_WRITE_REGBUFF
    ad1292.o(i.ADS1292_Single_Read) refers to delay.o(i.delay_ms) for delay_ms
    ad1292.o(i.ADS1292_Single_Read) refers to ad1292.o(.data) for Ads1292_Config2
    ad1292.o(i.ADS1292_Single_Test) refers to ad1292.o(i.ADS1292_WRITE_REGBUFF) for ADS1292_WRITE_REGBUFF
    ad1292.o(i.ADS1292_Single_Test) refers to delay.o(i.delay_ms) for delay_ms
    ad1292.o(i.ADS1292_Single_Test) refers to ad1292.o(.data) for Ads1292_Config2
[...]
    printf5.o(i.__0snprintf$5) refers to printf5.o(i._snputc) for _snputc
    printf5.o(i.__0sprintf$5) refers to printf5.o(i._printf_core) for _printf_core
    printf5.o(i.__0sprintf$5) refers to printf5.o(i._sputc) for _sputc
    printf5.o(i.__0vfprintf$5) refers to printf5.o(i._printf_core) for _printf_core
    printf5.o(i.__0vfprintf$5) refers to main.o(i.fputc) for fputc
    printf5.o(i.__0vprintf$5) refers to printf5.o(i._printf_core) for _printf_core
    printf5.o(i.__0vprintf$5) refers to main.o(i.fputc) for fputc
    printf5.o(i.__0vprintf$5) refers to stdout.o(.data) for __stdout
    printf5.o(i.__0vsnprintf$5) refers to printf5.o(i._printf_core) for _printf_core
    printf5.o(i.__0vsnprintf$5) refers to printf5.o(i._snputc) for _snputc
    printf5.o(i.__0vsprintf$5) refers to printf5.o(i._printf_core) for _printf_core
    printf5.o(i.__0vsprintf$5) refers to printf5.o(i._sputc) for _sputc
    printf5.o(i._printf_core) refers to uldiv.o(.text) for __aeabi_uldivmod
    printf6.o(i.__0fprintf$6) refers to printf6.o(i._printf_core) for _printf_core
    printf6.o(i.__0fprintf$6) refers to main.o(i.fputc) for fputc
    printf6.o(i.__0printf$6) refers to printf6.o(i._printf_core) for _printf_core
    printf6.o(i.__0printf$6) refers to main.o(i.fputc) for fputc
    printf6.o(i.__0printf$6) refers to stdout.o(.data) for __stdout
    printf6.o(i.__0snprintf$6) refers to printf6.o(i._printf_core) for _printf_core
    printf6.o(i.__0snprintf$6) refers to printf6.o(i._snputc) for _snputc
    printf6.o(i.__0sprintf$6) refers to printf6.o(i._printf_core) for _printf_core
    printf6.o(i.__0sprintf$6) refers to printf6.o(i._sputc) for _sputc
    printf6.o(i.__0vfprintf$6) refers to printf6.o(i._printf_core) for _printf_core
    printf6.o(i.__0vfprintf$6) refers to main.o(i.fputc) for fputc
    printf6.o(i.__0vprintf$6) refers to printf6.o(i._printf_core) for _printf_core
    printf6.o(i.__0vprintf$6) refers to main.o(i.fputc) for fputc
    printf6.o(i.__0vprintf$6) refers to stdout.o(.data) for __stdout
    printf6.o(i.__0vsnprintf$6) refers to printf6.o(i._printf_core) for _printf_core
    printf6.o(i.__0vsnprintf$6) refers to printf6.o(i._snputc) for _snputc
    printf6.o(i.__0vsprintf$6) refers to printf6.o(i._printf_core) for _printf_core
    printf6.o(i.__0vsprintf$6) refers to printf6.o(i._sputc) for _sputc
    printf6.o(i._printf_core) refers to printf6.o(i._printf_pre_padding) for _printf_pre_padding
    printf6.o(i._printf_core) refers to uidiv.o(.text) for __aeabi_uidivmod
    printf6.o(i._printf_core) refers to printf6.o(i._printf_post_padding) for _printf_post_padding
    printf7.o(i.__0fprintf$7) refers to printf7.o(i._printf_core) for _printf_core
    printf7.o(i.__0fprintf$7) refers to main.o(i.fputc) for fputc
    printf7.o(i.__0printf$7) refers to printf7.o(i._printf_core) for _printf_core
    printf7.o(i.__0printf$7) refers to main.o(i.fputc) for fputc
    printf7.o(i.__0printf$7) refers to stdout.o(.data) for __stdout
    printf7.o(i.__0snprintf$7) refers to printf7.o(i._printf_core) for _printf_core
    printf7.o(i.__0snprintf$7) refers to printf7.o(i._snputc) for _snputc
    printf7.o(i.__0sprintf$7) refers to printf7.o(i._printf_core) for _printf_core
    printf7.o(i.__0sprintf$7) refers to printf7.o(i._sputc) for _sputc
    printf7.o(i.__0vfprintf$7) refers to printf7.o(i._printf_core) for _printf_core
    printf7.o(i.__0vfprintf$7) refers to main.o(i.fputc) for fputc
    printf7.o(i.__0vprintf$7) refers to printf7.o(i._printf_core) for _printf_core
    printf7.o(i.__0vprintf$7) refers to main.o(i.fputc) for fputc
    printf7.o(i.__0vprintf$7) refers to stdout.o(.data) for __stdout
    printf7.o(i.__0vsnprintf$7) refers to printf7.o(i._printf_core) for _printf_core
    printf7.o(i.__0vsnprintf$7) refers to printf7.o(i._snputc) for _snputc
    printf7.o(i.__0vsprintf$7) refers to printf7.o(i._printf_core) for _printf_core
    printf7.o(i.__0vsprintf$7) refers to printf7.o(i._sputc) for _sputc
    printf7.o(i._printf_core) refers to printf7.o(i._printf_pre_padding) for _printf_pre_padding
    printf7.o(i._printf_core) refers to uldiv.o(.text) for __aeabi_uldivmod
    printf7.o(i._printf_core) refers to printf7.o(i._printf_post_padding) for _printf_post_padding
    printf8.o(i.__0fprintf$8) refers to printf8.o(i._printf_core) for _printf_core
    printf8.o(i.__0fprintf$8) refers to main.o(i.fputc) for fputc
    printf8.o(i.__0printf$8) refers to printf8.o(i._printf_core) for _printf_core
    printf8.o(i.__0printf$8) refers to main.o(i.fputc) for fputc
    printf8.o(i.__0printf$8) refers to stdout.o(.data) for __stdout
    printf8.o(i.__0snprintf$8) refers to printf8.o(i._printf_core) for _printf_core
    printf8.o(i.__0snprintf$8) refers to printf8.o(i._snputc) for _snputc
    printf8.o(i.__0sprintf$8) refers to printf8.o(i._printf_core) for _printf_core
    printf8.o(i.__0sprintf$8) refers to printf8.o(i._sputc) for _sputc
    printf8.o(i.__0vfprintf$8) refers to printf8.o(i._printf_core) for _printf_core
    printf8.o(i.__0vfprintf$8) refers to main.o(i.fputc) for fputc
    printf8.o(i.__0vprintf$8) refers to printf8.o(i._printf_core) for _printf_core
    printf8.o(i.__0vprintf$8) refers to main.o(i.fputc) for fputc
    printf8.o(i.__0vprintf$8) refers to stdout.o(.data) for __stdout
    printf8.o(i.__0vsnprintf$8) refers to printf8.o(i._printf_core) for _printf_core
    printf8.o(i.__0vsnprintf$8) refers to printf8.o(i._snputc) for _snputc
    printf8.o(i.__0vsprintf$8) refers to printf8.o(i._printf_core) for _printf_core
    printf8.o(i.__0vsprintf$8) refers to printf8.o(i._sputc) for _sputc
    printf8.o(i._printf_core) refers to printf8.o(i._printf_pre_padding) for _printf_pre_padding
    printf8.o(i._printf_core) refers to uldiv.o(.text) for __aeabi_uldivmod
    printf8.o(i._printf_core) refers to printf8.o(i._printf_post_padding) for _printf_post_padding
    printfa.o(i.__0fprintf) refers (Special) to iusefp.o(.text) for __I$use$fp
    printfa.o(i.__0fprintf) refers to printfa.o(i._printf_core) for _printf_core
    printfa.o(i.__0fprintf) refers to main.o(i.fputc) for fputc
    printfa.o(i.__0printf) refers (Special) to iusefp.o(.text) for __I$use$fp
    printfa.o(i.__0printf) refers to printfa.o(i._printf_core) for _printf_core
    printfa.o(i.__0printf) refers to main.o(i.fputc) for fputc
    printfa.o(i.__0printf) refers to stdout.o(.data) for __stdout
    printfa.o(i.__0snprintf) refers (Special) to iusefp.o(.text) for __I$use$fp
    printfa.o(i.__0snprintf) refers to printfa.o(i._printf_core) for _printf_core
    printfa.o(i.__0snprintf) refers to printfa.o(i._snputc) for _snputc
    printfa.o(i.__0sprintf) refers (Special) to iusefp.o(.text) for __I$use$fp
    printfa.o(i.__0sprintf) refers to printfa.o(i._printf_core) for _printf_core
    printfa.o(i.__0sprintf) refers to printfa.o(i._sputc) for _sputc
    printfa.o(i.__0vfprintf) refers (Special) to iusefp.o(.text) for __I$use$fp
    printfa.o(i.__0vfprintf) refers to printfa.o(i._printf_core) for _printf_core
    printfa.o(i.__0vfprintf) refers to main.o(i.fputc) for fputc
    printfa.o(i.__0vprintf) refers (Special) to iusefp.o(.text) for __I$use$fp
    printfa.o(i.__0vprintf) refers to printfa.o(i._printf_core) for _printf_core
    printfa.o(i.__0vprintf) refers to main.o(i.fputc) for fputc
    printfa.o(i.__0vprintf) refers to stdout.o(.data) for __stdout
    printfa.o(i.__0vsnprintf) refers (Special) to iusefp.o(.text) for __I$use$fp
    printfa.o(i.__0vsnprintf) refers to printfa.o(i._printf_core) for _printf_core
    printfa.o(i.__0vsnprintf) refers to printfa.o(i._snputc) for _snputc
    printfa.o(i.__0vsprintf) refers (Special) to iusefp.o(.text) for __I$use$fp
    printfa.o(i.__0vsprintf) refers to printfa.o(i._printf_core) for _printf_core
    printfa.o(i.__0vsprintf) refers to printfa.o(i._sputc) for _sputc
    printfa.o(i._fp_digits) refers (Special) to iusefp.o(.text) for __I$use$fp
    printfa.o(i._fp_digits) refers to dmul.o(.text) for __aeabi_dmul
    printfa.o(i._fp_digits) refers to ddiv.o(.text) for __aeabi_ddiv
    printfa.o(i._fp_digits) refers to cdrcmple.o(.text) for __aeabi_cdrcmple
    printfa.o(i._fp_digits) refers to dadd.o(.text) for __aeabi_dadd
    printfa.o(i._fp_digits) refers to dfixul.o(.text) for __aeabi_d2ulz
    printfa.o(i._fp_digits) refers to uldiv.o(.text) for __aeabi_uldivmod
    printfa.o(i._printf_core) refers (Special) to iusefp.o(.text) for __I$use$fp
    printfa.o(i._printf_core) refers to printfa.o(i._printf_pre_padding) for _printf_pre_padding
    printfa.o(i._printf_core) refers to uldiv.o(.text) for __aeabi_uldivmod
    printfa.o(i._printf_core) refers to printfa.o(i._printf_post_padding) for _printf_post_padding
    printfa.o(i._printf_core) refers to printfa.o(i._fp_digits) for _fp_digits
    printfa.o(i._printf_core) refers to uidiv.o(.text) for __aeabi_uidivmod
    printfa.o(i._printf_post_padding) refers (Special) to iusefp.o(.text) for __I$use$fp
    printfa.o(i._printf_pre_padding) refers (Special) to iusefp.o(.text) for __I$use$fp
    printfa.o(i._snputc) refers (Special) to iusefp.o(.text) for __I$use$fp
    printfa.o(i._sputc) refers (Special) to iusefp.o(.text) for __I$use$fp
    ddiv.o(.text) refers (Special) to iusefp.o(.text) for __I$use$fp
    ddiv.o(.text) refers to depilogue.o(.text) for _double_round
    f2d.o(.text) refers (Special) to iusefp.o(.text) for __I$use$fp
    d2f.o(.text) refers (Special) to iusefp.o(.text) for __I$use$fp
    d2f.o(.text) refers to fepilogue.o(.text) for _float_round
    entry2.o(.ARM.Collect$$$$00000001) refers to entry2.o(.ARM.Collect$$$$00002712) for __lit__00000000
    entry2.o(.ARM.Collect$$$$00002712) refers to startup_msp432p401r_uvision.o(STACK) for __initial_sp
    entry2.o(__vectab_stack_and_reset_area) refers to startup_msp432p401r_uvision.o(STACK) for __initial_sp
    entry2.o(__vectab_stack_and_reset_area) refers to entry.o(.ARM.Collect$$$$00000000) for __main
    entry5.o(.ARM.Collect$$$$00000004) refers to init.o(.text) for __scatterload
    entry9a.o(.ARM.Collect$$$$0000000B) refers to main.o(i.main) for main
    entry9b.o(.ARM.Collect$$$$0000000C) refers to main.o(i.main) for main
    uldiv.o(.text) refers to llushr.o(.text) for __aeabi_llsr
    uldiv.o(.text) refers to llshl.o(.text) for __aeabi_llsl
    depilogue.o(.text) refers to llshl.o(.text) for __aeabi_llsl
    depilogue.o(.text) refers to llushr.o(.text) for __aeabi_llsr
    dadd.o(.text) refers to llshl.o(.text) for __aeabi_llsl
    dadd.o(.text) refers to llsshr.o(.text) for __aeabi_lasr
    dadd.o(.text) refers to depilogue.o(.text) for _double_epilogue
    dmul.o(.text) refers to depilogue.o(.text) for _double_epilogue
    dfixul.o(.text) refers to llushr.o(.text) for __aeabi_llsr
    dfixul.o(.text) refers to llshl.o(.text) for __aeabi_llsl
    init.o(.text) refers to entry5.o(.ARM.Collect$$$$00000004) for __main_after_scatterload


==============================================================================

Removing Unused input sections from the image.

    Removing main.o(.rev16_text), (4 bytes).
    Removing main.o(.revsh_text), (4 bytes).
    Removing main.o(.rrx_text), (6 bytes).
    Removing main.o(i.fputs), (72 bytes).
    Removing main.o(.data), (1 bytes).
    Removing startup_msp432p401r_uvision.o(HEAP), (0 bytes).
    Removing system_msp432p401r.o(.rev16_text), (4 bytes).
    Removing system_msp432p401r.o(.revsh_text), (4 bytes).
    Removing system_msp432p401r.o(.rrx_text), (6 bytes).
    Removing system_msp432p401r.o(i.SystemCoreClockUpdate), (572 bytes).
    Removing system_msp432p401r.o(.data), (4 bytes).
    Removing ad1292.o(.rev16_text), (4 bytes).
    Removing ad1292.o(.revsh_text), (4 bytes).
    Removing ad1292.o(.rrx_text), (6 bytes).
    Removing ad1292.o(i.ADS1292_val_init), (164 bytes).
    Removing ad1292.o(i.Get_val_init_data), (180 bytes).
    Removing sys.o(.rev16_text), (4 bytes).
    Removing sys.o(.revsh_text), (4 bytes).
    Removing sys.o(.rrx_text), (6 bytes).
    Removing delay.o(.rev16_text), (4 bytes).
    Removing delay.o(.revsh_text), (4 bytes).
    Removing delay.o(.rrx_text), (6 bytes).
    Removing usart.o(.rev16_text), (4 bytes).
    Removing usart.o(.revsh_text), (4 bytes).
    Removing usart.o(.rrx_text), (6 bytes).
    Removing gpio_u.o(.rev16_text), (4 bytes).
    Removing gpio_u.o(.revsh_text), (4 bytes).
    Removing gpio_u.o(.rrx_text), (6 bytes).
    Removing spi_u.o(.rev16_text), (4 bytes).
    Removing spi_u.o(.revsh_text), (4 bytes).
    Removing spi_u.o(.rrx_text), (6 bytes).
    Removing cs.o(.rev16_text), (4 bytes).
    Removing cs.o(.revsh_text), (4 bytes).
    Removing cs.o(.rrx_text), (6 bytes).
    Removing cs.o(i.CS_clearInterruptFlag), (36 bytes).
    Removing cs.o(i.CS_disableClockRequest), (40 bytes).
    Removing cs.o(i.CS_disableDCOExternalResistor), (32 bytes).
    Removing cs.o(i.CS_disableFaultCounter), (40 bytes).
    Removing cs.o(i.CS_disableInterrupt), (40 bytes).
    Removing cs.o(i.CS_enableClockRequest), (36 bytes).
    Removing cs.o(i.CS_enableDCOExternalResistor), (28 bytes).
    Removing cs.o(i.CS_enableFaultCounter), (36 bytes).
    Removing cs.o(i.CS_enableInterrupt), (36 bytes).
    Removing cs.o(i.CS_getACLK), (24 bytes).
    Removing cs.o(i.CS_getBCLK), (28 bytes).
    Removing cs.o(i.CS_getEnabledInterruptStatus), (20 bytes).
    Removing cs.o(i.CS_getHSMCLK), (24 bytes).
    Removing cs.o(i.CS_getInterruptStatus), (12 bytes).
    Removing cs.o(i.CS_getSMCLK), (24 bytes).
    Removing cs.o(i.CS_registerInterrupt), (20 bytes).
    Removing cs.o(i.CS_resetFaultCounter), (36 bytes).
    Removing cs.o(i.CS_setDCOCenteredFrequency), (36 bytes).
    Removing cs.o(i.CS_setDCOExternalResistorCalibration), (128 bytes).
    Removing cs.o(i.CS_setDCOFrequency), (380 bytes).
    Removing cs.o(i.CS_setReferenceOscillatorFrequency), (32 bytes).
    Removing cs.o(i.CS_startFaultCounter), (52 bytes).
    Removing cs.o(i.CS_startLFXT), (6 bytes).
    Removing cs.o(i.CS_startLFXTWithTimeout), (180 bytes).
    Removing cs.o(i.CS_tuneDCOFrequency), (88 bytes).
    Removing cs.o(i.CS_unregisterInterrupt), (18 bytes).
    Removing flash.o(.rev16_text), (4 bytes).
    Removing flash.o(.revsh_text), (4 bytes).
    Removing flash.o(.rrx_text), (6 bytes).
    Removing flash.o(i.FlashCtl_clearInterruptFlag), (16 bytes).
    Removing flash.o(i.FlashCtl_clearProgramVerification), (64 bytes).
    Removing flash.o(i.FlashCtl_disableInterrupt), (20 bytes).
    Removing flash.o(i.FlashCtl_disableReadBuffering), (64 bytes).
    Removing flash.o(i.FlashCtl_disableWordProgramming), (12 bytes).
    Removing flash.o(i.FlashCtl_enableInterrupt), (16 bytes).
    Removing flash.o(i.FlashCtl_enableReadBuffering), (64 bytes).
    Removing flash.o(i.FlashCtl_enableWordProgramming), (32 bytes).
    Removing flash.o(i.FlashCtl_eraseSector), (248 bytes).
    Removing flash.o(i.FlashCtl_getEnabledInterruptStatus), (16 bytes).
    Removing flash.o(i.FlashCtl_getInterruptStatus), (12 bytes).
    Removing flash.o(i.FlashCtl_getMemoryInfo), (36 bytes).
    Removing flash.o(i.FlashCtl_getReadMode), (32 bytes).
    Removing flash.o(i.FlashCtl_getWaitState), (32 bytes).
    Removing flash.o(i.FlashCtl_initiateMassErase), (28 bytes).
    Removing flash.o(i.FlashCtl_initiateSectorErase), (100 bytes).
    Removing flash.o(i.FlashCtl_isSectorProtected), (72 bytes).
    Removing flash.o(i.FlashCtl_isWordProgrammingEnabled), (32 bytes).
    Removing flash.o(i.FlashCtl_performMassErase), (520 bytes).
    Removing flash.o(i.FlashCtl_programMemory), (656 bytes).
    Removing flash.o(i.FlashCtl_protectSector), (76 bytes).
    Removing flash.o(i.FlashCtl_registerInterrupt), (20 bytes).
    Removing flash.o(i.FlashCtl_setProgramVerification), (64 bytes).
    Removing flash.o(i.FlashCtl_setReadMode), (72 bytes).
    Removing flash.o(i.FlashCtl_unprotectSector), (84 bytes).
    Removing flash.o(i.FlashCtl_unregisterInterrupt), (18 bytes).
    Removing flash.o(i.FlashCtl_verifyMemory), (480 bytes).
    Removing flash.o(i._FlashCtl_Program32), (496 bytes).
    Removing flash.o(i._FlashCtl_Program8), (348 bytes).
    Removing flash.o(i.__FlashCtl_remaskBurstDataPost), (252 bytes).
    Removing flash.o(i.__FlashCtl_remaskBurstDataPre), (256 bytes).
    Removing flash.o(i.__FlashCtl_remaskData32Post), (172 bytes).
    Removing flash.o(i.__FlashCtl_remaskData32Pre), (176 bytes).
    Removing flash.o(i.__FlashCtl_remaskData8Post), (104 bytes).
    Removing flash.o(i.__FlashCtl_remaskData8Pre), (108 bytes).
    Removing flash.o(.data), (64 bytes).
    Removing fpu.o(.rev16_text), (4 bytes).
    Removing fpu.o(.revsh_text), (4 bytes).
    Removing fpu.o(.rrx_text), (6 bytes).
    Removing fpu.o(i.FPU_disableModule), (16 bytes).
    Removing fpu.o(i.FPU_disableStacking), (16 bytes).
    Removing fpu.o(i.FPU_enableLazyStacking), (16 bytes).
    Removing fpu.o(i.FPU_enableStacking), (20 bytes).
    Removing fpu.o(i.FPU_setFlushToZeroMode), (20 bytes).
    Removing fpu.o(i.FPU_setHalfPrecisionMode), (20 bytes).
    Removing fpu.o(i.FPU_setNaNMode), (20 bytes).
    Removing fpu.o(i.FPU_setRoundingMode), (20 bytes).
    Removing gpio.o(.rev16_text), (4 bytes).
    Removing gpio.o(.revsh_text), (4 bytes).
    Removing gpio.o(.rrx_text), (6 bytes).
    Removing gpio.o(i.GPIO_getInputPinValue), (20 bytes).
    Removing gpio.o(i.GPIO_getInterruptStatus), (16 bytes).
    Removing gpio.o(i.GPIO_interruptEdgeSelect), (28 bytes).
    Removing gpio.o(i.GPIO_registerInterrupt), (28 bytes).
    Removing gpio.o(i.GPIO_setAsInputPin), (40 bytes).
    Removing gpio.o(i.GPIO_setAsInputPinWithPullUpResistor), (44 bytes).
    Removing gpio.o(i.GPIO_setDriveStrengthHigh), (20 bytes).
    Removing gpio.o(i.GPIO_setDriveStrengthLow), (20 bytes).
    Removing gpio.o(i.GPIO_toggleOutputOnPin), (20 bytes).
    Removing gpio.o(i.GPIO_unregisterInterrupt), (28 bytes).
    Removing gpio.o(.constdata), (28 bytes).
    Removing interrupt.o(.rev16_text), (4 bytes).
    Removing interrupt.o(.revsh_text), (4 bytes).
    Removing interrupt.o(.rrx_text), (6 bytes).
    Removing interrupt.o(i.IntDefaultHandler), (2 bytes).
    Removing interrupt.o(i.Interrupt_disableInterrupt), (100 bytes).
    Removing interrupt.o(i.Interrupt_disableMaster), (14 bytes).
    Removing interrupt.o(i.Interrupt_disableSleepOnIsrExit), (16 bytes).
    Removing interrupt.o(i.Interrupt_enableSleepOnIsrExit), (16 bytes).
    Removing interrupt.o(i.Interrupt_getPriority), (28 bytes).
    Removing interrupt.o(i.Interrupt_getPriorityGrouping), (36 bytes).
    Removing interrupt.o(i.Interrupt_getPriorityMask), (10 bytes).
    Removing interrupt.o(i.Interrupt_getVectorTableAddress), (12 bytes).
    Removing interrupt.o(i.Interrupt_isEnabled), (104 bytes).
    Removing interrupt.o(i.Interrupt_pendInterrupt), (84 bytes).
    Removing interrupt.o(i.Interrupt_registerInterrupt), (52 bytes).
    Removing interrupt.o(i.Interrupt_setPriority), (40 bytes).
    Removing interrupt.o(i.Interrupt_setPriorityGrouping), (28 bytes).
    Removing interrupt.o(i.Interrupt_setPriorityMask), (4 bytes).
    Removing interrupt.o(i.Interrupt_setVectorTableAddress), (12 bytes).
    Removing interrupt.o(i.Interrupt_unpendInterrupt), (68 bytes).
    Removing interrupt.o(i.Interrupt_unregisterInterrupt), (20 bytes).
    Removing interrupt.o(vtable), (228 bytes).
    Removing pcm.o(.rev16_text), (4 bytes).
    Removing pcm.o(.revsh_text), (4 bytes).
    Removing pcm.o(.rrx_text), (6 bytes).
    Removing pcm.o(i.PCM_clearInterruptFlag), (16 bytes).
    Removing pcm.o(i.PCM_disableInterrupt), (16 bytes).
    Removing pcm.o(i.PCM_disableRudeMode), (28 bytes).
    Removing pcm.o(i.PCM_enableInterrupt), (16 bytes).
    Removing pcm.o(i.PCM_enableRudeMode), (24 bytes).
    Removing pcm.o(i.PCM_getEnabledInterruptStatus), (16 bytes).
    Removing pcm.o(i.PCM_getInterruptStatus), (12 bytes).
    Removing pcm.o(i.PCM_getPowerState), (12 bytes).
    Removing pcm.o(i.PCM_gotoLPM0), (44 bytes).
    Removing pcm.o(i.PCM_gotoLPM0InterruptSafe), (24 bytes).
    Removing pcm.o(i.PCM_gotoLPM3), (136 bytes).
    Removing pcm.o(i.PCM_gotoLPM3InterruptSafe), (24 bytes).
    Removing pcm.o(i.PCM_gotoLPM4), (18 bytes).
    Removing pcm.o(i.PCM_gotoLPM4InterruptSafe), (32 bytes).
    Removing pcm.o(i.PCM_registerInterrupt), (20 bytes).
    Removing pcm.o(i.PCM_setCoreVoltageLevelNonBlocking), (8 bytes).
    Removing pcm.o(i.PCM_setCoreVoltageLevelWithTimeout), (6 bytes).
    Removing pcm.o(i.PCM_setPowerMode), (8 bytes).
    Removing pcm.o(i.PCM_setPowerModeNonBlocking), (8 bytes).
    Removing pcm.o(i.PCM_setPowerModeWithTimeout), (6 bytes).
    Removing pcm.o(i.PCM_setPowerState), (8 bytes).
    Removing pcm.o(i.PCM_setPowerStateNonBlocking), (8 bytes).
    Removing pcm.o(i.PCM_setPowerStateWithTimeout), (6 bytes).
    Removing pcm.o(i.PCM_shutdownDevice), (76 bytes).
    Removing pcm.o(i.PCM_unregisterInterrupt), (18 bytes).
    Removing pcm.o(i.__PCM_setPowerStateAdvanced), (580 bytes).
    Removing spi.o(.rev16_text), (4 bytes).
    Removing spi.o(.revsh_text), (4 bytes).
    Removing spi.o(.rrx_text), (6 bytes).
    Removing spi.o(i.EUSCI_A_SPI_changeClockPhasePolarity), (36 bytes).
    Removing spi.o(i.EUSCI_A_SPI_clearInterruptFlag), (10 bytes).
    Removing spi.o(i.EUSCI_A_SPI_disable), (12 bytes).
    Removing spi.o(i.EUSCI_A_SPI_disableInterrupt), (10 bytes).
    Removing spi.o(i.EUSCI_A_SPI_enable), (12 bytes).
    Removing spi.o(i.EUSCI_A_SPI_enableInterrupt), (8 bytes).
    Removing spi.o(i.EUSCI_A_SPI_getInterruptStatus), (6 bytes).
    Removing spi.o(i.EUSCI_A_SPI_getReceiveBufferAddressForDMA), (4 bytes).
    Removing spi.o(i.EUSCI_A_SPI_getTransmitBufferAddressForDMA), (4 bytes).
    Removing spi.o(i.EUSCI_A_SPI_isBusy), (18 bytes).
    Removing spi.o(i.EUSCI_A_SPI_masterChangeClock), (26 bytes).
    Removing spi.o(i.EUSCI_A_SPI_receiveData), (6 bytes).
    Removing spi.o(i.EUSCI_A_SPI_select4PinFunctionality), (12 bytes).
    Removing spi.o(i.EUSCI_A_SPI_slaveInit), (42 bytes).
    Removing spi.o(i.EUSCI_A_SPI_transmitData), (4 bytes).
    Removing spi.o(i.EUSCI_B_SPI_changeClockPhasePolarity), (36 bytes).
    Removing spi.o(i.EUSCI_B_SPI_clearInterruptFlag), (10 bytes).
    Removing spi.o(i.EUSCI_B_SPI_disable), (12 bytes).
    Removing spi.o(i.EUSCI_B_SPI_disableInterrupt), (10 bytes).
    Removing spi.o(i.EUSCI_B_SPI_enable), (12 bytes).
    Removing spi.o(i.EUSCI_B_SPI_enableInterrupt), (8 bytes).
    Removing spi.o(i.EUSCI_B_SPI_getInterruptStatus), (6 bytes).
    Removing spi.o(i.EUSCI_B_SPI_getReceiveBufferAddressForDMA), (4 bytes).
    Removing spi.o(i.EUSCI_B_SPI_getTransmitBufferAddressForDMA), (4 bytes).
    Removing spi.o(i.EUSCI_B_SPI_isBusy), (18 bytes).
    Removing spi.o(i.EUSCI_B_SPI_masterChangeClock), (26 bytes).
    Removing spi.o(i.EUSCI_B_SPI_receiveData), (6 bytes).
    Removing spi.o(i.EUSCI_B_SPI_select4PinFunctionality), (12 bytes).
    Removing spi.o(i.EUSCI_B_SPI_slaveInit), (42 bytes).
    Removing spi.o(i.EUSCI_B_SPI_transmitData), (4 bytes).
    Removing spi.o(i.SPI_changeClockPhasePolarity), (50 bytes).
    Removing spi.o(i.SPI_changeMasterClock), (36 bytes).
    Removing spi.o(i.SPI_clearInterruptFlag), (36 bytes).
    Removing spi.o(i.SPI_disableInterrupt), (36 bytes).
    Removing spi.o(i.SPI_disableModule), (22 bytes).
    Removing spi.o(i.SPI_enableInterrupt), (32 bytes).
    Removing spi.o(i.SPI_getEnabledInterruptStatus), (60 bytes).
    Removing spi.o(i.SPI_getInterruptStatus), (24 bytes).
    Removing spi.o(i.SPI_getReceiveBufferAddressForDMA), (14 bytes).
    Removing spi.o(i.SPI_getTransmitBufferAddressForDMA), (14 bytes).
    Removing spi.o(i.SPI_initSlave), (54 bytes).
    Removing spi.o(i.SPI_registerInterrupt), (164 bytes).
    Removing spi.o(i.SPI_selectFourPinFunctionality), (24 bytes).
    Removing spi.o(i.SPI_unregisterInterrupt), (164 bytes).
    Removing uart.o(.rev16_text), (4 bytes).
    Removing uart.o(.revsh_text), (4 bytes).
    Removing uart.o(.rrx_text), (6 bytes).
    Removing uart.o(i.UART_clearInterruptFlag), (10 bytes).
    Removing uart.o(i.UART_disableInterrupt), (26 bytes).
    Removing uart.o(i.UART_disableModule), (12 bytes).
    Removing uart.o(i.UART_enableInterrupt), (22 bytes).
    Removing uart.o(i.UART_getEnabledInterruptStatus), (34 bytes).
    Removing uart.o(i.UART_getReceiveBufferAddressForDMA), (4 bytes).
    Removing uart.o(i.UART_getTransmitBufferAddressForDMA), (4 bytes).
    Removing uart.o(i.UART_queryStatusFlags), (6 bytes).
    Removing uart.o(i.UART_receiveData), (26 bytes).
    Removing uart.o(i.UART_registerInterrupt), (96 bytes).
    Removing uart.o(i.UART_resetDormant), (12 bytes).
    Removing uart.o(i.UART_selectDeglitchTime), (12 bytes).
    Removing uart.o(i.UART_setDormant), (12 bytes).
    Removing uart.o(i.UART_transmitAddress), (14 bytes).
    Removing uart.o(i.UART_transmitBreak), (48 bytes).
    Removing uart.o(i.UART_unregisterInterrupt), (96 bytes).
    Removing wdt_a.o(.rev16_text), (4 bytes).
    Removing wdt_a.o(.revsh_text), (4 bytes).
    Removing wdt_a.o(.rrx_text), (6 bytes).
    Removing wdt_a.o(i.WDT_A_clearTimer), (24 bytes).
    Removing wdt_a.o(i.WDT_A_initIntervalTimer), (20 bytes).
    Removing wdt_a.o(i.WDT_A_initWatchdogTimer), (20 bytes).
    Removing wdt_a.o(i.WDT_A_registerInterrupt), (20 bytes).
    Removing wdt_a.o(i.WDT_A_setPasswordViolationReset), (4 bytes).
    Removing wdt_a.o(i.WDT_A_setTimeoutReset), (4 bytes).
    Removing wdt_a.o(i.WDT_A_startTimer), (20 bytes).
    Removing wdt_a.o(i.WDT_A_unregisterInterrupt), (18 bytes).
    Removing arm_max_f32.o(.rev16_text), (4 bytes).
    Removing arm_max_f32.o(.revsh_text), (4 bytes).
    Removing arm_max_f32.o(.rrx_text), (6 bytes).
    Removing arm_max_f32.o(.text), (216 bytes).
    Removing arm_min_f32.o(.rev16_text), (4 bytes).
    Removing arm_min_f32.o(.revsh_text), (4 bytes).
    Removing arm_min_f32.o(.rrx_text), (6 bytes).
    Removing arm_min_f32.o(.text), (216 bytes).
    Removing cpu.o(.rev16_text), (4 bytes).
    Removing cpu.o(.revsh_text), (4 bytes).
    Removing cpu.o(.rrx_text), (6 bytes).
    Removing rtc_c.o(.rev16_text), (4 bytes).
    Removing rtc_c.o(.revsh_text), (4 bytes).
    Removing rtc_c.o(.rrx_text), (6 bytes).
    Removing rtc_c.o(i.RTC_C_clearInterruptFlag), (76 bytes).
    Removing rtc_c.o(i.RTC_C_convertBCDToBinary), (12 bytes).
    Removing rtc_c.o(i.RTC_C_convertBinaryToBCD), (12 bytes).
    Removing rtc_c.o(i.RTC_C_definePrescaleEvent), (30 bytes).
    Removing rtc_c.o(i.RTC_C_disableInterrupt), (72 bytes).
    Removing rtc_c.o(i.RTC_C_enableInterrupt), (60 bytes).
    Removing rtc_c.o(i.RTC_C_getCalendarTime), (100 bytes).
    Removing rtc_c.o(i.RTC_C_getEnabledInterruptStatus), (108 bytes).
    Removing rtc_c.o(i.RTC_C_getInterruptStatus), (44 bytes).
    Removing rtc_c.o(i.RTC_C_getPrescaleValue), (28 bytes).
    Removing rtc_c.o(i.RTC_C_holdClock), (40 bytes).
    Removing rtc_c.o(i.RTC_C_initCalendar), (108 bytes).
    Removing rtc_c.o(i.RTC_C_registerInterrupt), (20 bytes).
    Removing rtc_c.o(i.RTC_C_setCalendarAlarm), (44 bytes).
    Removing rtc_c.o(i.RTC_C_setCalendarEvent), (44 bytes).
    Removing rtc_c.o(i.RTC_C_setCalibrationData), (40 bytes).
    Removing rtc_c.o(i.RTC_C_setCalibrationFrequency), (44 bytes).
    Removing rtc_c.o(i.RTC_C_setPrescaleValue), (68 bytes).
    Removing rtc_c.o(i.RTC_C_setTemperatureCompensation), (36 bytes).
    Removing rtc_c.o(i.RTC_C_startClock), (36 bytes).
    Removing rtc_c.o(i.RTC_C_unregisterInterrupt), (18 bytes).
    Removing sysctl.o(.rev16_text), (4 bytes).
    Removing sysctl.o(.revsh_text), (4 bytes).
    Removing sysctl.o(.rrx_text), (6 bytes).
    Removing sysctl.o(i.SysCtl_disableGlitchFilter), (16 bytes).
    Removing sysctl.o(i.SysCtl_disablePeripheralAtCPUHalt), (16 bytes).
    Removing sysctl.o(i.SysCtl_disableSRAMBank), (84 bytes).
    Removing sysctl.o(i.SysCtl_disableSRAMBankRetention), (24 bytes).
    Removing sysctl.o(i.SysCtl_enableGlitchFilter), (16 bytes).
    Removing sysctl.o(i.SysCtl_enablePeripheralAtCPUHalt), (16 bytes).
    Removing sysctl.o(i.SysCtl_enableSRAMBank), (24 bytes).
    Removing sysctl.o(i.SysCtl_enableSRAMBankRetention), (24 bytes).
    Removing sysctl.o(i.SysCtl_getFlashSize), (12 bytes).
    Removing sysctl.o(i.SysCtl_getSRAMSize), (12 bytes).
    Removing sysctl.o(i.SysCtl_getTempCalibrationConstant), (14 bytes).
    Removing sysctl.o(i.SysCtl_rebootDevice), (16 bytes).
    Removing sysctl.o(i.SysCtl_setWDTPasswordViolationResetType), (24 bytes).
    Removing sysctl.o(i.SysCtl_setWDTTimeoutResetType), (24 bytes).
    Removing d2f.o(.text), (56 bytes).
    Removing fepilogue.o(.text), (110 bytes).

306 unused section(s) (total 13753 bytes) removed from the image.

==============================================================================

Image Symbol Table

    Local Symbols

    Symbol Name                              Value     Ov Type        Size  Object(Section)

    RESET                                    0x00000000   Section      324  startup_msp432p401r_uvision.o(RESET)
    ../clib/microlib/division.c              0x00000000   Number         0  uidiv.o ABSOLUTE
    ../clib/microlib/division.c              0x00000000   Number         0  uldiv.o ABSOLUTE
    ../clib/microlib/init/entry.s            0x00000000   Number         0  entry10a.o ABSOLUTE
    ../clib/microlib/init/entry.s            0x00000000   Number         0  entry9b.o ABSOLUTE
    ../clib/microlib/init/entry.s            0x00000000   Number         0  entry9a.o ABSOLUTE
    ../clib/microlib/init/entry.s            0x00000000   Number         0  entry8b.o ABSOLUTE
    ../clib/microlib/init/entry.s            0x00000000   Number         0  entry8a.o ABSOLUTE
    ../clib/microlib/init/entry.s            0x00000000   Number         0  entry7b.o ABSOLUTE
    ../clib/microlib/init/entry.s            0x00000000   Number         0  entry7a.o ABSOLUTE
    ../clib/microlib/init/entry.s            0x00000000   Number         0  entry5.o ABSOLUTE
    ../clib/microlib/init/entry.s            0x00000000   Number         0  entry2.o ABSOLUTE
    ../clib/microlib/init/entry.s            0x00000000   Number         0  entry.o ABSOLUTE
    ../clib/microlib/init/entry.s            0x00000000   Number         0  entry10b.o ABSOLUTE
    ../clib/microlib/init/entry.s            0x00000000   Number         0  entry11a.o ABSOLUTE
    ../clib/microlib/init/entry.s            0x00000000   Number         0  entry11b.o ABSOLUTE
    ../clib/microlib/longlong.c              0x00000000   Number         0  llshl.o ABSOLUTE
    ../clib/microlib/longlong.c              0x00000000   Number         0  llushr.o ABSOLUTE
    ../clib/microlib/longlong.c              0x00000000   Number         0  llsshr.o ABSOLUTE
    ../clib/microlib/printf/printf.c         0x00000000   Number         0  printf0.o ABSOLUTE
    ../clib/microlib/printf/printf.c         0x00000000   Number         0  printfb.o ABSOLUTE
    ../clib/microlib/printf/printf.c         0x00000000   Number         0  printfa.o ABSOLUTE
    ../clib/microlib/printf/printf.c         0x00000000   Number         0  printf8.o ABSOLUTE
    ../clib/microlib/printf/printf.c         0x00000000   Number         0  printf7.o ABSOLUTE
    ../clib/microlib/printf/printf.c         0x00000000   Number         0  printf6.o ABSOLUTE
    ../clib/microlib/printf/printf.c         0x00000000   Number         0  printf5.o ABSOLUTE
    ../clib/microlib/printf/printf.c         0x00000000   Number         0  printf4.o ABSOLUTE
    ../clib/microlib/printf/printf.c         0x00000000   Number         0  printf3.o ABSOLUTE
    ../clib/microlib/printf/printf.c         0x00000000   Number         0  printf2.o ABSOLUTE
    ../clib/microlib/printf/printf.c         0x00000000   Number         0  printf1.o ABSOLUTE
    ../clib/microlib/printf/stubs.s          0x00000000   Number         0  stubs.o ABSOLUTE
    ../clib/microlib/stdio/streams.c         0x00000000   Number         0  stdout.o ABSOLUTE
    ../clib/microlib/string/strlen.c         0x00000000   Number         0  strlen.o ABSOLUTE
    ../clib/microlib/stubs.s                 0x00000000   Number         0  iusefp.o ABSOLUTE
    ../fplib/microlib/d2f.c                  0x00000000   Number         0  d2f.o ABSOLUTE
    ../fplib/microlib/f2d.c                  0x00000000   Number         0  f2d.o ABSOLUTE
    ../fplib/microlib/fpadd.c                0x00000000   Number         0  dadd.o ABSOLUTE
    ../fplib/microlib/fpdiv.c                0x00000000   Number         0  ddiv.o ABSOLUTE
    ../fplib/microlib/fpepilogue.c           0x00000000   Number         0  fepilogue.o ABSOLUTE
    ../fplib/microlib/fpepilogue.c           0x00000000   Number         0  depilogue.o ABSOLUTE
    ../fplib/microlib/fpfix.c                0x00000000   Number         0  dfixul.o ABSOLUTE
    ../fplib/microlib/fpmul.c                0x00000000   Number         0  dmul.o ABSOLUTE
    ..\..\Source\StatisticsFunctions\arm_max_f32.c 0x00000000   Number         0  arm_max_f32.o ABSOLUTE
    ..\..\Source\StatisticsFunctions\arm_min_f32.c 0x00000000   Number         0  arm_min_f32.o ABSOLUTE
    ..\Hardware\AD1292.c                     0x00000000   Number         0  ad1292.o ABSOLUTE
    ..\Src\delay.c                           0x00000000   Number         0  delay.o ABSOLUTE
    ..\Src\gpio_u.c                          0x00000000   Number         0  gpio_u.o ABSOLUTE
    ..\Src\spi_u.c                           0x00000000   Number         0  spi_u.o ABSOLUTE
    ..\Src\usart.c                           0x00000000   Number         0  usart.o ABSOLUTE
    ..\Sys\sys.c                             0x00000000   Number         0  sys.o ABSOLUTE
    ..\\..\\Source\\StatisticsFunctions\\arm_max_f32.c 0x00000000   Number         0  arm_max_f32.o ABSOLUTE
    ..\\..\\Source\\StatisticsFunctions\\arm_min_f32.c 0x00000000   Number         0  arm_min_f32.o ABSOLUTE
    ..\\Hardware\\AD1292.c                   0x00000000   Number         0  ad1292.o ABSOLUTE
    ..\\Src\\delay.c                         0x00000000   Number         0  delay.o ABSOLUTE
    ..\\Src\\gpio_u.c                        0x00000000   Number         0  gpio_u.o ABSOLUTE
    ..\\Src\\spi_u.c                         0x00000000   Number         0  spi_u.o ABSOLUTE
    ..\\Src\\usart.c                         0x00000000   Number         0  usart.o ABSOLUTE
    ..\\Sys\\sys.c                           0x00000000   Number         0  sys.o ABSOLUTE
    RTE\Device\MSP432P401R\startup_msp432p401r_uvision.s 0x00000000   Number         0  startup_msp432p401r_uvision.o ABSOLUTE
    RTE\Device\MSP432P401R\system_msp432p401r.c 0x00000000   Number         0  system_msp432p401r.o ABSOLUTE
    RTE\\Device\\MSP432P401R\\system_msp432p401r.c 0x00000000   Number         0  system_msp432p401r.o ABSOLUTE
    cdrcmple.s                               0x00000000   Number         0  cdrcmple.o ABSOLUTE
    cpu.c                                    0x00000000   Number         0  cpu.o ABSOLUTE
    cpu.c                                    0x00000000   Number         0  cpu.o ABSOLUTE
    cs.c                                     0x00000000   Number         0  cs.o ABSOLUTE
    cs.c                                     0x00000000   Number         0  cs.o ABSOLUTE
    dc.s                                     0x00000000   Number         0  dc.o ABSOLUTE
    flash.c                                  0x00000000   Number         0  flash.o ABSOLUTE
    flash.c                                  0x00000000   Number         0  flash.o ABSOLUTE
    fpu.c                                    0x00000000   Number         0  fpu.o ABSOLUTE
    fpu.c                                    0x00000000   Number         0  fpu.o ABSOLUTE
    gpio.c                                   0x00000000   Number         0  gpio.o ABSOLUTE
    gpio.c                                   0x00000000   Number         0  gpio.o ABSOLUTE
    handlers.s                               0x00000000   Number         0  handlers.o ABSOLUTE
    init.s                                   0x00000000   Number         0  init.o ABSOLUTE
    interrupt.c                              0x00000000   Number         0  interrupt.o ABSOLUTE
    interrupt.c                              0x00000000   Number         0  interrupt.o ABSOLUTE
    main.c                                   0x00000000   Number         0  main.o ABSOLUTE
    main.c                                   0x00000000   Number         0  main.o ABSOLUTE
    pcm.c                                    0x00000000   Number         0  pcm.o ABSOLUTE
    pcm.c                                    0x00000000   Number         0  pcm.o ABSOLUTE
    rtc_c.c                                  0x00000000   Number         0  rtc_c.o ABSOLUTE
    rtc_c.c                                  0x00000000   Number         0  rtc_c.o ABSOLUTE
    spi.c                                    0x00000000   Number         0  spi.o ABSOLUTE
    spi.c                                    0x00000000   Number         0  spi.o ABSOLUTE
    sysctl.c                                 0x00000000   Number         0  sysctl.o ABSOLUTE
    sysctl.c                                 0x00000000   Number         0  sysctl.o ABSOLUTE
    uart.c                                   0x00000000   Number         0  uart.o ABSOLUTE
    uart.c                                   0x00000000   Number         0  uart.o ABSOLUTE
    wdt_a.c                                  0x00000000   Number         0  wdt_a.o ABSOLUTE
    wdt_a.c                                  0x00000000   Number         0  wdt_a.o ABSOLUTE
    .ARM.Collect$$$$00000000                 0x00000144   Section        0  entry.o(.ARM.Collect$$$$00000000)
    .ARM.Collect$$$$00000001                 0x00000144   Section        4  entry2.o(.ARM.Collect$$$$00000001)
    .ARM.Collect$$$$00000004                 0x00000148   Section        4  entry5.o(.ARM.Collect$$$$00000004)
    .ARM.Collect$$$$00000008                 0x0000014c   Section        0  entry7b.o(.ARM.Collect$$$$00000008)
    .ARM.Collect$$$$0000000A                 0x0000014c   Section        0  entry8b.o(.ARM.Collect$$$$0000000A)
    .ARM.Collect$$$$0000000B                 0x0000014c   Section        8  entry9a.o(.ARM.Collect$$$$0000000B)
    .ARM.Collect$$$$0000000D                 0x00000154   Section        0  entry10a.o(.ARM.Collect$$$$0000000D)
    .ARM.Collect$$$$0000000F                 0x00000154   Section        0  entry11a.o(.ARM.Collect$$$$0000000F)
    .ARM.Collect$$$$00002712                 0x00000154   Section        4  entry2.o(.ARM.Collect$$$$00002712)
    __lit__00000000                          0x00000154   Data           4  entry2.o(.ARM.Collect$$$$00002712)
    .emb_text                                0x00000158   Section       38  cpu.o(.emb_text)
    $v0                                      0x00000158   Number         0  cpu.o(.emb_text)
    .text                                    0x00000180   Section       36  startup_msp432p401r_uvision.o(.text)
    $v0                                      0x00000180   Number         0  startup_msp432p401r_uvision.o(.text)
    .text                                    0x000001a4   Section        0  ddiv.o(.text)
    .text                                    0x00000282   Section        0  f2d.o(.text)
    .text                                    0x000002a8   Section        0  uidiv.o(.text)
    .text                                    0x000002d4   Section        0  uldiv.o(.text)
    .text                                    0x00000336   Section        0  iusefp.o(.text)
    .text                                    0x00000336   Section        0  depilogue.o(.text)
    .text                                    0x000003f0   Section        0  dadd.o(.text)
    .text                                    0x0000053e   Section        0  dmul.o(.text)
    .text                                    0x00000622   Section        0  dfixul.o(.text)
    .text                                    0x00000654   Section       48  cdrcmple.o(.text)
    .text                                    0x00000684   Section       36  init.o(.text)
    .text                                    0x000006a8   Section        0  llshl.o(.text)
    .text                                    0x000006c6   Section        0  llushr.o(.text)
    .text                                    0x000006e6   Section        0  llsshr.o(.text)
    i.ADS1292_Init                           0x0000070a   Section        0  ad1292.o(i.ADS1292_Init)
    i.ADS1292_Noise_Test                     0x00000724   Section        0  ad1292.o(i.ADS1292_Noise_Test)
    i.ADS1292_PowerOnInit                    0x00000758   Section        0  ad1292.o(i.ADS1292_PowerOnInit)
    i.ADS1292_Read_Data                      0x000007c8   Section        0  ad1292.o(i.ADS1292_Read_Data)
    i.ADS1292_SET_REGBUFF                    0x000007f8   Section        0  ad1292.o(i.ADS1292_SET_REGBUFF)
    i.ADS1292_SPI                            0x00000a5c   Section        0  ad1292.o(i.ADS1292_SPI)
    i.ADS1292_Send_CMD                       0x00000a68   Section        0  ad1292.o(i.ADS1292_Send_CMD)
    i.ADS1292_Single_Read                    0x00000a90   Section        0  ad1292.o(i.ADS1292_Single_Read)
    i.ADS1292_Single_Test                    0x00000ac0   Section        0  ad1292.o(i.ADS1292_Single_Test)
    i.ADS1292_WRITE_REGBUFF                  0x00000af4   Section        0  ad1292.o(i.ADS1292_WRITE_REGBUFF)
    i.ADS1292_WR_REGS                        0x00000bdc   Section        0  ad1292.o(i.ADS1292_WR_REGS)
    i.CS_getDCOFrequency                     0x00000c58   Section        0  cs.o(i.CS_getDCOFrequency)
    i.CS_getMCLK                             0x00000dc8   Section        0  cs.o(i.CS_getMCLK)
    i.CS_initClockSignal                     0x00000de0   Section        0  cs.o(i.CS_initClockSignal)
    i.CS_setExternalClockSourceFrequency     0x00000edc   Section        0  cs.o(i.CS_setExternalClockSourceFrequency)
    i.CS_startHFXT                           0x00000ee8   Section        0  cs.o(i.CS_startHFXT)
    i.CS_startHFXTWithTimeout                0x00000ef0   Section        0  cs.o(i.CS_startHFXTWithTimeout)
    i.FPU_enableModule                       0x00001034   Section        0  fpu.o(i.FPU_enableModule)
    i.FlashCtl_setWaitState                  0x00001044   Section        0  flash.o(i.FlashCtl_setWaitState)
    i.GPIO_Init                              0x00001070   Section        0  gpio_u.o(i.GPIO_Init)
    i.GPIO_clearInterruptFlag                0x000010a0   Section        0  gpio.o(i.GPIO_clearInterruptFlag)
    i.GPIO_disableInterrupt                  0x000010b4   Section        0  gpio.o(i.GPIO_disableInterrupt)
    i.GPIO_enableInterrupt                   0x000010c8   Section        0  gpio.o(i.GPIO_enableInterrupt)
    i.GPIO_getEnabledInterruptStatus         0x000010dc   Section        0  gpio.o(i.GPIO_getEnabledInterruptStatus)
    i.GPIO_setAsInputPinWithPullDownResistor 0x00001110   Section        0  gpio.o(i.GPIO_setAsInputPinWithPullDownResistor)
    i.GPIO_setAsOutputPin                    0x0000113c   Section        0  gpio.o(i.GPIO_setAsOutputPin)
    i.GPIO_setAsPeripheralModuleFunctionInputPin 0x0000115c   Section        0  gpio.o(i.GPIO_setAsPeripheralModuleFunctionInputPin)
    i.GPIO_setAsPeripheralModuleFunctionOutputPin 0x000011a4   Section        0  gpio.o(i.GPIO_setAsPeripheralModuleFunctionOutputPin)
    i.GPIO_setOutputHighOnPin                0x000011ec   Section        0  gpio.o(i.GPIO_setOutputHighOnPin)
    i.GPIO_setOutputLowOnPin                 0x00001200   Section        0  gpio.o(i.GPIO_setOutputLowOnPin)
    i.Interrupt_enableInterrupt              0x00001214   Section        0  interrupt.o(i.Interrupt_enableInterrupt)
    i.Interrupt_enableMaster                 0x00001278   Section        0  interrupt.o(i.Interrupt_enableMaster)
    i.Msp432_Clock_Init                      0x00001288   Section        0  sys.o(i.Msp432_Clock_Init)
    i.PA8_IRQHandler                         0x000012e4   Section        0  ad1292.o(i.PA8_IRQHandler)
    i.PCM_getCoreVoltageLevel                0x000012fc   Section        0  pcm.o(i.PCM_getCoreVoltageLevel)
    i.PCM_getPowerMode                       0x00001348   Section        0  pcm.o(i.PCM_getPowerMode)
    i.PCM_setCoreVoltageLevel                0x0000138c   Section        0  pcm.o(i.PCM_setCoreVoltageLevel)
    i.PORT3_IRQHandler                       0x00001394   Section        0  main.o(i.PORT3_IRQHandler)
    i.SPI_Init                               0x000013b0   Section        0  spi_u.o(i.SPI_Init)
    i.SPI_ReadWriteByte                      0x000013d4   Section        0  spi_u.o(i.SPI_ReadWriteByte)
    i.SPI_enableModule                       0x00001420   Section        0  spi.o(i.SPI_enableModule)
    i.SPI_initMaster                         0x00001436   Section        0  spi.o(i.SPI_initMaster)
    i.SPI_isBusy                             0x0000149c   Section        0  spi.o(i.SPI_isBusy)
    i.SPI_receiveData                        0x000014ca   Section        0  spi.o(i.SPI_receiveData)
    i.SPI_transmitData                       0x000014d8   Section        0  spi.o(i.SPI_transmitData)
    i.Set_ADS1292_Collect                    0x000014e8   Section        0  ad1292.o(i.Set_ADS1292_Collect)
    i.SysCtl_disableNMISource                0x0000153c   Section        0  sysctl.o(i.SysCtl_disableNMISource)
    i.SysCtl_enableNMISource                 0x0000154c   Section        0  sysctl.o(i.SysCtl_enableNMISource)
    i.SysCtl_getNMISourceStatus              0x0000155c   Section        0  sysctl.o(i.SysCtl_getNMISourceStatus)
    i.SysCtl_getTLVInfo                      0x00001568   Section        0  sysctl.o(i.SysCtl_getTLVInfo)
    i.SystemInit                             0x000015b8   Section        0  system_msp432p401r.o(i.SystemInit)
    i.UART_enableModule                      0x00001650   Section        0  uart.o(i.UART_enableModule)
    i.UART_getInterruptStatus                0x0000165c   Section        0  uart.o(i.UART_getInterruptStatus)
    i.UART_initModule                        0x00001662   Section        0  uart.o(i.UART_initModule)
    i.UART_transmitData                      0x000016ea   Section        0  uart.o(i.UART_transmitData)
    i.Usart_Init                             0x00001704   Section        0  usart.o(i.Usart_Init)
    i.WDT_A_holdTimer                        0x00001728   Section        0  wdt_a.o(i.WDT_A_holdTimer)
    i._CSComputeCLKFrequency                 0x00001740   Section        0  cs.o(i._CSComputeCLKFrequency)
    _CSComputeCLKFrequency                   0x00001741   Thumb Code   236  cs.o(i._CSComputeCLKFrequency)
    i.__0printf                              0x0000184c   Section        0  printfa.o(i.__0printf)
    i.__PCM_setCoreVoltageLevelAdvanced      0x0000186c   Section        0  pcm.o(i.__PCM_setCoreVoltageLevelAdvanced)
    __PCM_setCoreVoltageLevelAdvanced        0x0000186d   Thumb Code   242  pcm.o(i.__PCM_setCoreVoltageLevelAdvanced)
    i.__PCM_setPowerModeAdvanced             0x0000196c   Section        0  pcm.o(i.__PCM_setPowerModeAdvanced)
    __PCM_setPowerModeAdvanced               0x0000196d   Thumb Code   200  pcm.o(i.__PCM_setPowerModeAdvanced)
    i.__scatterload_copy                     0x00001a50   Section       14  handlers.o(i.__scatterload_copy)
    i.__scatterload_null                     0x00001a5e   Section        2  handlers.o(i.__scatterload_null)
    i.__scatterload_zeroinit                 0x00001a60   Section       14  handlers.o(i.__scatterload_zeroinit)
    i._fp_digits                             0x00001a70   Section        0  printfa.o(i._fp_digits)
    _fp_digits                               0x00001a71   Thumb Code   366  printfa.o(i._fp_digits)
    i._printf_core                           0x00001bf4   Section        0  printfa.o(i._printf_core)
    _printf_core                             0x00001bf5   Thumb Code  1744  printfa.o(i._printf_core)
    i._printf_post_padding                   0x000022d0   Section        0  printfa.o(i._printf_post_padding)
    _printf_post_padding                     0x000022d1   Thumb Code    36  printfa.o(i._printf_post_padding)
    i._printf_pre_padding                    0x000022f4   Section        0  printfa.o(i._printf_pre_padding)
    _printf_pre_padding                      0x000022f5   Thumb Code    46  printfa.o(i._printf_pre_padding)
    i.delay_init                             0x00002324   Section        0  delay.o(i.delay_init)
    i.delay_ms                               0x00002354   Section        0  delay.o(i.delay_ms)
    i.delay_us                               0x000023a0   Section        0  delay.o(i.delay_us)
    i.fputc                                  0x000023ec   Section        0  main.o(i.fputc)
    i.get_volt                               0x0000241c   Section        0  ad1292.o(i.get_volt)
    i.is_A_Module                            0x00002426   Section        0  spi.o(i.is_A_Module)
    is_A_Module                              0x00002427   Thumb Code    46  spi.o(i.is_A_Module)
    i.main                                   0x00002454   Section        0  main.o(i.main)
    .constdata                               0x00002570   Section       40  usart.o(.constdata)
    .constdata                               0x00002598   Section       28  spi_u.o(.constdata)
    .constdata                               0x000025b4   Section      144  interrupt.o(.constdata)
    g_pulEnRegs                              0x000025b4   Data           8  interrupt.o(.constdata)
    g_pulDisRegs                             0x000025bc   Data           8  interrupt.o(.constdata)
    g_pulPendRegs                            0x000025c4   Data           8  interrupt.o(.constdata)
    g_pulUnpendRegs                          0x000025cc   Data           8  interrupt.o(.constdata)
    g_pulPriority                            0x000025d4   Data          32  interrupt.o(.constdata)
    g_pulRegs                                0x000025f4   Data          80  interrupt.o(.constdata)
    .data                                    0x20000000   Section       56  ad1292.o(.data)
    f                                        0x20000030   Data           4  ad1292.o(.data)
    i                                        0x20000034   Data           4  ad1292.o(.data)
    .data                                    0x20000038   Section        4  delay.o(.data)
    fac_us                                   0x20000038   Data           1  delay.o(.data)
    fac_ms                                   0x2000003a   Data           2  delay.o(.data)
    .data                                    0x2000003c   Section        8  cs.o(.data)
    hfxtFreq                                 0x2000003c   Data           4  cs.o(.data)
    lfxtFreq                                 0x20000040   Data           4  cs.o(.data)
    .data                                    0x20000044   Section       48  gpio.o(.data)
    GPIO_PORT_TO_BASE                        0x20000044   Data          48  gpio.o(.data)
    .data                                    0x20000074   Section        4  stdout.o(.data)
    .bss                                     0x20000078   Section       21  ad1292.o(.bss)
    STACK                                    0x20000090   Section      512  startup_msp432p401r_uvision.o(STACK)

    Global Symbols

    Symbol Name                              Value     Ov Type        Size  Object(Section)

    BuildAttributes$$THM_ISAv4$E$P$D$K$B$S$7EM$VFPi3$EXTD16$VFPS$VFMA$PE$A:L22UL41UL21$X:L11$S22US41US21$IEEE1$IW$USESV6$~STKCKD$USESV7$~SHL$OTIME$ROPI$IEEEX$EBA8$MICROLIB$REQ8$PRES8$EABIv2 0x00000000   Number         0  anon$$obj.o ABSOLUTE
    __ARM_use_no_argv                        0x00000000   Number         0  main.o ABSOLUTE
    __Vectors                                0x00000000   Data           4  startup_msp432p401r_uvision.o(RESET)
    _printf_a                                0x00000000   Number         0  stubs.o ABSOLUTE
    _printf_c                                0x00000000   Number         0  stubs.o ABSOLUTE
    _printf_charcount                        0x00000000   Number         0  stubs.o ABSOLUTE
    _printf_d                                0x00000000   Number         0  stubs.o ABSOLUTE
    _printf_e                                0x00000000   Number         0  stubs.o ABSOLUTE
    _printf_f                                0x00000000   Number         0  stubs.o ABSOLUTE
    _printf_flags                            0x00000000   Number         0  stubs.o ABSOLUTE
    _printf_fp_dec                           0x00000000   Number         0  stubs.o ABSOLUTE
    _printf_fp_hex                           0x00000000   Number         0  stubs.o ABSOLUTE
    _printf_g                                0x00000000   Number         0  stubs.o ABSOLUTE
    _printf_i                                0x00000000   Number         0  stubs.o ABSOLUTE
    _printf_int_dec                          0x00000000   Number         0  stubs.o ABSOLUTE
    _printf_l                                0x00000000   Number         0  stubs.o ABSOLUTE
    _printf_lc                               0x00000000   Number         0  stubs.o ABSOLUTE
    _printf_ll                               0x00000000   Number         0  stubs.o ABSOLUTE
    _printf_lld                              0x00000000   Number         0  stubs.o ABSOLUTE
    _printf_lli                              0x00000000   Number         0  stubs.o ABSOLUTE
    _printf_llo                              0x00000000   Number         0  stubs.o ABSOLUTE
    _printf_llu                              0x00000000   Number         0  stubs.o ABSOLUTE
    _printf_llx                              0x00000000   Number         0  stubs.o ABSOLUTE
    _printf_longlong_dec                     0x00000000   Number         0  stubs.o ABSOLUTE
    _printf_longlong_hex                     0x00000000   Number         0  stubs.o ABSOLUTE
    _printf_longlong_oct                     0x00000000   Number         0  stubs.o ABSOLUTE
    _printf_ls                               0x00000000   Number         0  stubs.o ABSOLUTE
    _printf_mbtowc                           0x00000000   Number         0  stubs.o ABSOLUTE
    _printf_n                                0x00000000   Number         0  stubs.o ABSOLUTE
    _printf_o                                0x00000000   Number         0  stubs.o ABSOLUTE
    _printf_p                                0x00000000   Number         0  stubs.o ABSOLUTE
    _printf_percent                          0x00000000   Number         0  stubs.o ABSOLUTE
    _printf_pre_padding                      0x00000000   Number         0  stubs.o ABSOLUTE
    _printf_return_value                     0x00000000   Number         0  stubs.o ABSOLUTE
    _printf_s                                0x00000000   Number         0  stubs.o ABSOLUTE
    _printf_sizespec                         0x00000000   Number         0  stubs.o ABSOLUTE
    _printf_str                              0x00000000   Number         0  stubs.o ABSOLUTE
    _printf_truncate_signed                  0x00000000   Number         0  stubs.o ABSOLUTE
    _printf_truncate_unsigned                0x00000000   Number         0  stubs.o ABSOLUTE
    _printf_u                                0x00000000   Number         0  stubs.o ABSOLUTE
    _printf_wc                               0x00000000   Number         0  stubs.o ABSOLUTE
    _printf_wctomb                           0x00000000   Number         0  stubs.o ABSOLUTE
    _printf_widthprec                        0x00000000   Number         0  stubs.o ABSOLUTE
    _printf_x                                0x00000000   Number         0  stubs.o ABSOLUTE
    __cpp_initialize__aeabi_                  - Undefined Weak Reference
    __cxa_finalize                            - Undefined Weak Reference
    __decompress                              - Undefined Weak Reference
    _clock_init                               - Undefined Weak Reference
    _microlib_exit                            - Undefined Weak Reference
    __Vectors_End                            0x00000144   Data           0  startup_msp432p401r_uvision.o(RESET)
    __Vectors_Size                           0x00000144   Number         0  startup_msp432p401r_uvision.o ABSOLUTE
    __main                                   0x00000145   Thumb Code     0  entry.o(.ARM.Collect$$$$00000000)
    _main_stk                                0x00000145   Thumb Code     0  entry2.o(.ARM.Collect$$$$00000001)
    _main_scatterload                        0x00000149   Thumb Code     0  entry5.o(.ARM.Collect$$$$00000004)
    __main_after_scatterload                 0x0000014d   Thumb Code     0  entry5.o(.ARM.Collect$$$$00000004)
    _main_clock                              0x0000014d   Thumb Code     0  entry7b.o(.ARM.Collect$$$$00000008)
    _main_cpp_init                           0x0000014d   Thumb Code     0  entry8b.o(.ARM.Collect$$$$0000000A)
    _main_init                               0x0000014d   Thumb Code     0  entry9a.o(.ARM.Collect$$$$0000000B)
    __rt_final_cpp                           0x00000155   Thumb Code     0  entry10a.o(.ARM.Collect$$$$0000000D)
    __rt_final_exit                          0x00000155   Thumb Code     0  entry11a.o(.ARM.Collect$$$$0000000F)
    CPU_cpsid                                0x00000159   Thumb Code     8  cpu.o(.emb_text)
    CPU_primask                              0x00000161   Thumb Code     6  cpu.o(.emb_text)
    CPU_cpsie                                0x00000167   Thumb Code     8  cpu.o(.emb_text)
    CPU_wfi                                  0x0000016f   Thumb Code     4  cpu.o(.emb_text)
    CPU_basepriSet                           0x00000173   Thumb Code     6  cpu.o(.emb_text)
    CPU_basepriGet                           0x00000179   Thumb Code     6  cpu.o(.emb_text)
    Reset_Handler                            0x00000181   Thumb Code     8  startup_msp432p401r_uvision.o(.text)
    NMI_Handler                              0x00000189   Thumb Code     2  startup_msp432p401r_uvision.o(.text)
    HardFault_Handler                        0x0000018b   Thumb Code     2  startup_msp432p401r_uvision.o(.text)
    MemManage_Handler                        0x0000018d   Thumb Code     2  startup_msp432p401r_uvision.o(.text)
    BusFault_Handler                         0x0000018f   Thumb Code     2  startup_msp432p401r_uvision.o(.text)
    UsageFault_Handler                       0x00000191   Thumb Code     2  startup_msp432p401r_uvision.o(.text)
    SVC_Handler                              0x00000193   Thumb Code     2  startup_msp432p401r_uvision.o(.text)
    DebugMon_Handler                         0x00000195   Thumb Code     2  startup_msp432p401r_uvision.o(.text)
    PendSV_Handler                           0x00000197   Thumb Code     2  startup_msp432p401r_uvision.o(.text)
    SysTick_Handler                          0x00000199   Thumb Code     2  startup_msp432p401r_uvision.o(.text)
    ADC14_IRQHandler                         0x0000019b   Thumb Code     0  startup_msp432p401r_uvision.o(.text)
    AES256_IRQHandler                        0x0000019b   Thumb Code     0  startup_msp432p401r_uvision.o(.text)
    COMP_E0_IRQHandler                       0x0000019b   Thumb Code     0  startup_msp432p401r_uvision.o(.text)
    COMP_E1_IRQHandler                       0x0000019b   Thumb Code     0  startup_msp432p401r_uvision.o(.text)
    CS_IRQHandler                            0x0000019b   Thumb Code     0  startup_msp432p401r_uvision.o(.text)
    DMA_ERR_IRQHandler                       0x0000019b   Thumb Code     0  startup_msp432p401r_uvision.o(.text)
    DMA_INT0_IRQHandler                      0x0000019b   Thumb Code     0  startup_msp432p401r_uvision.o(.text)
    DMA_INT1_IRQHandler                      0x0000019b   Thumb Code     0  startup_msp432p401r_uvision.o(.text)
    DMA_INT2_IRQHandler                      0x0000019b   Thumb Code     0  startup_msp432p401r_uvision.o(.text)
    DMA_INT3_IRQHandler                      0x0000019b   Thumb Code     0  startup_msp432p401r_uvision.o(.text)
    EUSCIA0_IRQHandler                       0x0000019b   Thumb Code     0  startup_msp432p401r_uvision.o(.text)
    EUSCIA1_IRQHandler                       0x0000019b   Thumb Code     0  startup_msp432p401r_uvision.o(.text)
    EUSCIA2_IRQHandler                       0x0000019b   Thumb Code     0  startup_msp432p401r_uvision.o(.text)
    EUSCIA3_IRQHandler                       0x0000019b   Thumb Code     0  startup_msp432p401r_uvision.o(.text)
    EUSCIB0_IRQHandler                       0x0000019b   Thumb Code     0  startup_msp432p401r_uvision.o(.text)
    EUSCIB1_IRQHandler                       0x0000019b   Thumb Code     0  startup_msp432p401r_uvision.o(.text)
    EUSCIB2_IRQHandler                       0x0000019b   Thumb Code     0  startup_msp432p401r_uvision.o(.text)
    EUSCIB3_IRQHandler                       0x0000019b   Thumb Code     0  startup_msp432p401r_uvision.o(.text)
    FLCTL_IRQHandler                         0x0000019b   Thumb Code     0  startup_msp432p401r_uvision.o(.text)
    FPU_IRQHandler                           0x0000019b   Thumb Code     0  startup_msp432p401r_uvision.o(.text)
    PCM_IRQHandler                           0x0000019b   Thumb Code     0  startup_msp432p401r_uvision.o(.text)
    PORT1_IRQHandler                         0x0000019b   Thumb Code     0  startup_msp432p401r_uvision.o(.text)
    PORT2_IRQHandler                         0x0000019b   Thumb Code     0  startup_msp432p401r_uvision.o(.text)
    PORT4_IRQHandler                         0x0000019b   Thumb Code     0  startup_msp432p401r_uvision.o(.text)
    PORT5_IRQHandler                         0x0000019b   Thumb Code     0  startup_msp432p401r_uvision.o(.text)
    PORT6_IRQHandler                         0x0000019b   Thumb Code     0  startup_msp432p401r_uvision.o(.text)
    PSS_IRQHandler                           0x0000019b   Thumb Code     0  startup_msp432p401r_uvision.o(.text)
    RTC_C_IRQHandler                         0x0000019b   Thumb Code     0  startup_msp432p401r_uvision.o(.text)
    T32_INT1_IRQHandler                      0x0000019b   Thumb Code     0  startup_msp432p401r_uvision.o(.text)
    T32_INT2_IRQHandler                      0x0000019b   Thumb Code     0  startup_msp432p401r_uvision.o(.text)
    T32_INTC_IRQHandler                      0x0000019b   Thumb Code     0  startup_msp432p401r_uvision.o(.text)
    TA0_0_IRQHandler                         0x0000019b   Thumb Code     0  startup_msp432p401r_uvision.o(.text)
    TA0_N_IRQHandler                         0x0000019b   Thumb Code     0  startup_msp432p401r_uvision.o(.text)
    TA1_0_IRQHandler                         0x0000019b   Thumb Code     0  startup_msp432p401r_uvision.o(.text)
    TA1_N_IRQHandler                         0x0000019b   Thumb Code     0  startup_msp432p401r_uvision.o(.text)
    TA2_0_IRQHandler                         0x0000019b   Thumb Code     0  startup_msp432p401r_uvision.o(.text)
    TA2_N_IRQHandler                         0x0000019b   Thumb Code     0  startup_msp432p401r_uvision.o(.text)
    TA3_0_IRQHandler                         0x0000019b   Thumb Code     0  startup_msp432p401r_uvision.o(.text)
    TA3_N_IRQHandler                         0x0000019b   Thumb Code     0  startup_msp432p401r_uvision.o(.text)
    WDT_A_IRQHandler                         0x0000019b   Thumb Code     0  startup_msp432p401r_uvision.o(.text)
    __aeabi_ddiv                             0x000001a5   Thumb Code   222  ddiv.o(.text)
    __aeabi_f2d                              0x00000283   Thumb Code    38  f2d.o(.text)
    __aeabi_uidiv                            0x000002a9   Thumb Code     0  uidiv.o(.text)
    __aeabi_uidivmod                         0x000002a9   Thumb Code    44  uidiv.o(.text)
    __aeabi_uldivmod                         0x000002d5   Thumb Code    98  uldiv.o(.text)
    __I$use$fp                               0x00000337   Thumb Code     0  iusefp.o(.text)
    _double_round                            0x00000337   Thumb Code    30  depilogue.o(.text)
    _double_epilogue                         0x00000355   Thumb Code   156  depilogue.o(.text)
    __aeabi_dadd                             0x000003f1   Thumb Code   322  dadd.o(.text)
    __aeabi_dsub                             0x00000533   Thumb Code     6  dadd.o(.text)
    __aeabi_drsub                            0x00000539   Thumb Code     6  dadd.o(.text)
    __aeabi_dmul                             0x0000053f   Thumb Code   228  dmul.o(.text)
    __aeabi_d2ulz                            0x00000623   Thumb Code    48  dfixul.o(.text)
    __aeabi_cdrcmple                         0x00000655   Thumb Code    48  cdrcmple.o(.text)
    __scatterload                            0x00000685   Thumb Code    28  init.o(.text)
    __scatterload_rt2                        0x00000685   Thumb Code     0  init.o(.text)
    __aeabi_llsl                             0x000006a9   Thumb Code    30  llshl.o(.text)
    _ll_shift_l                              0x000006a9   Thumb Code     0  llshl.o(.text)
    __aeabi_llsr                             0x000006c7   Thumb Code    32  llushr.o(.text)
    _ll_ushift_r                             0x000006c7   Thumb Code     0  llushr.o(.text)
    __aeabi_lasr                             0x000006e7   Thumb Code    36  llsshr.o(.text)
    _ll_sshift_r                             0x000006e7   Thumb Code     0  llsshr.o(.text)
    ADS1292_Init                             0x0000070b   Thumb Code    24  ad1292.o(i.ADS1292_Init)
    ADS1292_Noise_Test                       0x00000725   Thumb Code    38  ad1292.o(i.ADS1292_Noise_Test)
    ADS1292_PowerOnInit                      0x00000759   Thumb Code    82  ad1292.o(i.ADS1292_PowerOnInit)
    ADS1292_Read_Data                        0x000007c9   Thumb Code    46  ad1292.o(i.ADS1292_Read_Data)
    ADS1292_SET_REGBUFF                      0x000007f9   Thumb Code   574  ad1292.o(i.ADS1292_SET_REGBUFF)
    ADS1292_SPI                              0x00000a5d   Thumb Code    12  ad1292.o(i.ADS1292_SPI)
    ADS1292_Send_CMD                         0x00000a69   Thumb Code    40  ad1292.o(i.ADS1292_Send_CMD)
    ADS1292_Single_Read                      0x00000a91   Thumb Code    36  ad1292.o(i.ADS1292_Single_Read)
    ADS1292_Single_Test                      0x00000ac1   Thumb Code    38  ad1292.o(i.ADS1292_Single_Test)
    ADS1292_WRITE_REGBUFF                    0x00000af5   Thumb Code   154  ad1292.o(i.ADS1292_WRITE_REGBUFF)
    ADS1292_WR_REGS                          0x00000bdd   Thumb Code   124  ad1292.o(i.ADS1292_WR_REGS)
    CS_getDCOFrequency                       0x00000c59   Thumb Code   332  cs.o(i.CS_getDCOFrequency)
    CS_getMCLK                               0x00000dc9   Thumb Code    20  cs.o(i.CS_getMCLK)
    CS_initClockSignal                       0x00000de1   Thumb Code   222  cs.o(i.CS_initClockSignal)
    CS_setExternalClockSourceFrequency       0x00000edd   Thumb Code     8  cs.o(i.CS_setExternalClockSourceFrequency)
    CS_startHFXT                             0x00000ee9   Thumb Code     6  cs.o(i.CS_startHFXT)
    CS_startHFXTWithTimeout                  0x00000ef1   Thumb Code   262  cs.o(i.CS_startHFXTWithTimeout)
    FPU_enableModule                         0x00001035   Thumb Code    12  fpu.o(i.FPU_enableModule)
    FlashCtl_setWaitState                    0x00001045   Thumb Code    38  flash.o(i.FlashCtl_setWaitState)
    GPIO_Init                                0x00001071   Thumb Code    46  gpio_u.o(i.GPIO_Init)
    GPIO_clearInterruptFlag                  0x000010a1   Thumb Code    16  gpio.o(i.GPIO_clearInterruptFlag)
    GPIO_disableInterrupt                    0x000010b5   Thumb Code    16  gpio.o(i.GPIO_disableInterrupt)
    GPIO_enableInterrupt                     0x000010c9   Thumb Code    14  gpio.o(i.GPIO_enableInterrupt)
    GPIO_getEnabledInterruptStatus           0x000010dd   Thumb Code    48  gpio.o(i.GPIO_getEnabledInterruptStatus)
    GPIO_setAsInputPinWithPullDownResistor   0x00001111   Thumb Code    40  gpio.o(i.GPIO_setAsInputPinWithPullDownResistor)
    GPIO_setAsOutputPin                      0x0000113d   Thumb Code    26  gpio.o(i.GPIO_setAsOutputPin)
    GPIO_setAsPeripheralModuleFunctionInputPin 0x0000115d   Thumb Code    68  gpio.o(i.GPIO_setAsPeripheralModuleFunctionInputPin)
    GPIO_setAsPeripheralModuleFunctionOutputPin 0x000011a5   Thumb Code    68  gpio.o(i.GPIO_setAsPeripheralModuleFunctionOutputPin)
    GPIO_setOutputHighOnPin                  0x000011ed   Thumb Code    14  gpio.o(i.GPIO_setOutputHighOnPin)
    GPIO_setOutputLowOnPin                   0x00001201   Thumb Code    16  gpio.o(i.GPIO_setOutputLowOnPin)
    Interrupt_enableInterrupt                0x00001215   Thumb Code    92  interrupt.o(i.Interrupt_enableInterrupt)
    Interrupt_enableMaster                   0x00001279   Thumb Code    14  interrupt.o(i.Interrupt_enableMaster)
    Msp432_Clock_Init                        0x00001289   Thumb Code    86  sys.o(i.Msp432_Clock_Init)
    PA8_IRQHandler                           0x000012e5   Thumb Code    16  ad1292.o(i.PA8_IRQHandler)
    PCM_getCoreVoltageLevel                  0x000012fd   Thumb Code    70  pcm.o(i.PCM_getCoreVoltageLevel)
    PCM_getPowerMode                         0x00001349   Thumb Code    62  pcm.o(i.PCM_getPowerMode)
    PCM_setCoreVoltageLevel                  0x0000138d   Thumb Code     8  pcm.o(i.PCM_setCoreVoltageLevel)
    PORT3_IRQHandler                         0x00001395   Thumb Code    28  main.o(i.PORT3_IRQHandler)
    SPI_Init                                 0x000013b1   Thumb Code    28  spi_u.o(i.SPI_Init)
    SPI_ReadWriteByte                        0x000013d5   Thumb Code    72  spi_u.o(i.SPI_ReadWriteByte)
    SPI_enableModule                         0x00001421   Thumb Code    22  spi.o(i.SPI_enableModule)
    SPI_initMaster                           0x00001437   Thumb Code   102  spi.o(i.SPI_initMaster)
    SPI_isBusy                               0x0000149d   Thumb Code    46  spi.o(i.SPI_isBusy)
    SPI_receiveData                          0x000014cb   Thumb Code    14  spi.o(i.SPI_receiveData)
    SPI_transmitData                         0x000014d9   Thumb Code    16  spi.o(i.SPI_transmitData)
    Set_ADS1292_Collect                      0x000014e9   Thumb Code    82  ad1292.o(i.Set_ADS1292_Collect)
    SysCtl_disableNMISource                  0x0000153d   Thumb Code    12  sysctl.o(i.SysCtl_disableNMISource)
    SysCtl_enableNMISource                   0x0000154d   Thumb Code    10  sysctl.o(i.SysCtl_enableNMISource)
    SysCtl_getNMISourceStatus                0x0000155d   Thumb Code     6  sysctl.o(i.SysCtl_getNMISourceStatus)
    SysCtl_getTLVInfo                        0x00001569   Thumb Code    72  sysctl.o(i.SysCtl_getTLVInfo)
    SystemInit                               0x000015b9   Thumb Code   118  system_msp432p401r.o(i.SystemInit)
    UART_enableModule                        0x00001651   Thumb Code    12  uart.o(i.UART_enableModule)
    UART_getInterruptStatus                  0x0000165d   Thumb Code     6  uart.o(i.UART_getInterruptStatus)
    UART_initModule                          0x00001663   Thumb Code   136  uart.o(i.UART_initModule)
    UART_transmitData                        0x000016eb   Thumb Code    24  uart.o(i.UART_transmitData)
    Usart_Init                               0x00001705   Thumb Code    28  usart.o(i.Usart_Init)
    WDT_A_holdTimer                          0x00001729   Thumb Code    18  wdt_a.o(i.WDT_A_holdTimer)
    __0printf                                0x0000184d   Thumb Code    22  printfa.o(i.__0printf)
    __1printf                                0x0000184d   Thumb Code     0  printfa.o(i.__0printf)
    __2printf                                0x0000184d   Thumb Code     0  printfa.o(i.__0printf)
    __c89printf                              0x0000184d   Thumb Code     0  printfa.o(i.__0printf)
    printf                                   0x0000184d   Thumb Code     0  printfa.o(i.__0printf)
    __scatterload_copy                       0x00001a51   Thumb Code    14  handlers.o(i.__scatterload_copy)
    __scatterload_null                       0x00001a5f   Thumb Code     2  handlers.o(i.__scatterload_null)
    __scatterload_zeroinit                   0x00001a61   Thumb Code    14  handlers.o(i.__scatterload_zeroinit)
    delay_init                               0x00002325   Thumb Code    36  delay.o(i.delay_init)
    delay_ms                                 0x00002355   Thumb Code    72  delay.o(i.delay_ms)
    delay_us                                 0x000023a1   Thumb Code    72  delay.o(i.delay_us)
    fputc                                    0x000023ed   Thumb Code    44  main.o(i.fputc)
    get_volt                                 0x0000241d   Thumb Code    10  ad1292.o(i.get_volt)
    main                                     0x00002455   Thumb Code   222  main.o(i.main)
    uartConfig                               0x00002570   Data          40  usart.o(.constdata)
    spiMasterConfig                          0x00002598   Data          28  spi_u.o(.constdata)
    Region$$Table$$Base                      0x00002644   Number         0  anon$$obj.o(Region$$Table)
    Region$$Table$$Limit                     0x00002664   Number         0  anon$$obj.o(Region$$Table)
    Ads1292_Config1                          0x20000000   Data           1  ad1292.o(.data)
    Ads1292_Config2                          0x20000001   Data           5  ad1292.o(.data)
    Ads1292_Ch1set                           0x20000006   Data           3  ad1292.o(.data)
    Ads1292_Ch2set                           0x20000009   Data           3  ad1292.o(.data)
    Ads1292_Rld_Sens                         0x2000000c   Data           6  ad1292.o(.data)
    Ads1292_Loff_Sens                        0x20000012   Data           6  ad1292.o(.data)
    Ads1292_Resp1                            0x20000018   Data           4  ad1292.o(.data)
    Ads1292_Resp2                            0x2000001c   Data           3  ad1292.o(.data)
    ads1292_recive_flag                      0x2000001f   Data           1  ad1292.o(.data)
    max_init_val                             0x20000020   Data           4  ad1292.o(.data)
    maxIndex                                 0x20000024   Data           4  ad1292.o(.data)
    min_init_val                             0x20000028   Data           4  ad1292.o(.data)
    minIndex                                 0x2000002c   Data           4  ad1292.o(.data)
    __stdout                                 0x20000074   Data           4  stdout.o(.data)
    ADS1292_REG                              0x20000078   Data          12  ad1292.o(.bss)
    ads1292_Cache                            0x20000084   Data           9  ad1292.o(.bss)
    __initial_sp                             0x20000290   Data           0  startup_msp432p401r_uvision.o(STACK)



==============================================================================

Memory Map of the image

  Image Entry point : 0x00000181

  Load Region LR_1 (Base: 0x00000000, Size: 0x000026dc, Max: 0xffffffff, ABSOLUTE)

    Execution Region ER_RO (Exec base: 0x00000000, Load base: 0x00000000, Size: 0x00002664, Max: 0xffffffff, ABSOLUTE)

    Exec Addr    Load Addr    Size         Type   Attr      Idx    E Section Name        Object

    0x00000000   0x00000000   0x00000144   Data   RO          220    RESET               startup_msp432p401r_uvision.o
    0x00000144   0x00000144   0x00000000   Code   RO         1232  * .ARM.Collect$$$$00000000  mc_w.l(entry.o)
    0x00000144   0x00000144   0x00000004   Code   RO         1504    .ARM.Collect$$$$00000001  mc_w.l(entry2.o)
    0x00000148   0x00000148   0x00000004   Code   RO         1507    .ARM.Collect$$$$00000004  mc_w.l(entry5.o)
    0x0000014c   0x0000014c   0x00000000   Code   RO         1509    .ARM.Collect$$$$00000008  mc_w.l(entry7b.o)
    0x0000014c   0x0000014c   0x00000000   Code   RO         1511    .ARM.Collect$$$$0000000A  mc_w.l(entry8b.o)
    0x0000014c   0x0000014c   0x00000008   Code   RO         1512    .ARM.Collect$$$$0000000B  mc_w.l(entry9a.o)
    0x00000154   0x00000154   0x00000000   Code   RO         1514    .ARM.Collect$$$$0000000D  mc_w.l(entry10a.o)
    0x00000154   0x00000154   0x00000000   Code   RO         1516    .ARM.Collect$$$$0000000F  mc_w.l(entry11a.o)
    0x00000154   0x00000154   0x00000004   Code   RO         1505    .ARM.Collect$$$$00002712  mc_w.l(entry2.o)
    0x00000158   0x00000158   0x00000026   Code   RO         1137    .emb_text           msp432p4xx_driverlib.lib(cpu.o)
    0x0000017e   0x0000017e   0x00000002   PAD
    0x00000180   0x00000180   0x00000024   Code   RO          221  * .text               startup_msp432p401r_uvision.o
    0x000001a4   0x000001a4   0x000000de   Code   RO         1498    .text               mf_w.l(ddiv.o)
    0x00000282   0x00000282   0x00000026   Code   RO         1500    .text               mf_w.l(f2d.o)
    0x000002a8   0x000002a8   0x0000002c   Code   RO         1519    .text               mc_w.l(uidiv.o)
    0x000002d4   0x000002d4   0x00000062   Code   RO         1521    .text               mc_w.l(uldiv.o)
    0x00000336   0x00000336   0x00000000   Code   RO         1523    .text               mc_w.l(iusefp.o)
    0x00000336   0x00000336   0x000000ba   Code   RO         1526    .text               mf_w.l(depilogue.o)
    0x000003f0   0x000003f0   0x0000014e   Code   RO         1528    .text               mf_w.l(dadd.o)
    0x0000053e   0x0000053e   0x000000e4   Code   RO         1530    .text               mf_w.l(dmul.o)
    0x00000622   0x00000622   0x00000030   Code   RO         1532    .text               mf_w.l(dfixul.o)
    0x00000652   0x00000652   0x00000002   PAD
    0x00000654   0x00000654   0x00000030   Code   RO         1534    .text               mf_w.l(cdrcmple.o)
    0x00000684   0x00000684   0x00000024   Code   RO         1536    .text               mc_w.l(init.o)
    0x000006a8   0x000006a8   0x0000001e   Code   RO         1538    .text               mc_w.l(llshl.o)
    0x000006c6   0x000006c6   0x00000020   Code   RO         1540    .text               mc_w.l(llushr.o)
    0x000006e6   0x000006e6   0x00000024   Code   RO         1542    .text               mc_w.l(llsshr.o)
    0x0000070a   0x0000070a   0x00000018   Code   RO          264    i.ADS1292_Init      ad1292.o
    0x00000722   0x00000722   0x00000002   PAD
    0x00000724   0x00000724   0x00000034   Code   RO          265    i.ADS1292_Noise_Test  ad1292.o
    0x00000758   0x00000758   0x00000070   Code   RO          266    i.ADS1292_PowerOnInit  ad1292.o
    0x000007c8   0x000007c8   0x0000002e   Code   RO          267    i.ADS1292_Read_Data  ad1292.o
    0x000007f6   0x000007f6   0x00000002   PAD
    0x000007f8   0x000007f8   0x00000264   Code   RO          268    i.ADS1292_SET_REGBUFF  ad1292.o
    0x00000a5c   0x00000a5c   0x0000000c   Code   RO          269    i.ADS1292_SPI       ad1292.o
    0x00000a68   0x00000a68   0x00000028   Code   RO          270    i.ADS1292_Send_CMD  ad1292.o
    0x00000a90   0x00000a90   0x00000030   Code   RO          271    i.ADS1292_Single_Read  ad1292.o
    0x00000ac0   0x00000ac0   0x00000034   Code   RO          272    i.ADS1292_Single_Test  ad1292.o
    0x00000af4   0x00000af4   0x000000e8   Code   RO          273    i.ADS1292_WRITE_REGBUFF  ad1292.o
    0x00000bdc   0x00000bdc   0x0000007c   Code   RO          274    i.ADS1292_WR_REGS   ad1292.o
    0x00000c58   0x00000c58   0x00000170   Code   RO          562    i.CS_getDCOFrequency  msp432p4xx_driverlib.lib(cs.o)
    0x00000dc8   0x00000dc8   0x00000018   Code   RO          566    i.CS_getMCLK        msp432p4xx_driverlib.lib(cs.o)
    0x00000de0   0x00000de0   0x000000fc   Code   RO          568    i.CS_initClockSignal  msp432p4xx_driverlib.lib(cs.o)
    0x00000edc   0x00000edc   0x0000000c   Code   RO          574    i.CS_setExternalClockSourceFrequency  msp432p4xx_driverlib.lib(cs.o)
    0x00000ee8   0x00000ee8   0x00000006   Code   RO          577    i.CS_startHFXT      msp432p4xx_driverlib.lib(cs.o)
    0x00000eee   0x00000eee   0x00000002   PAD
    0x00000ef0   0x00000ef0   0x00000144   Code   RO          578    i.CS_startHFXTWithTimeout  msp432p4xx_driverlib.lib(cs.o)
    0x00001034   0x00001034   0x00000010   Code   RO          706    i.FPU_enableModule  msp432p4xx_driverlib.lib(fpu.o)
    0x00001044   0x00001044   0x0000002c   Code   RO          648    i.FlashCtl_setWaitState  msp432p4xx_driverlib.lib(flash.o)
    0x00001070   0x00001070   0x0000002e   Code   RO          486    i.GPIO_Init         gpio_u.o
    0x0000109e   0x0000109e   0x00000002   PAD
    0x000010a0   0x000010a0   0x00000014   Code   RO          727    i.GPIO_clearInterruptFlag  msp432p4xx_driverlib.lib(gpio.o)
    0x000010b4   0x000010b4   0x00000014   Code   RO          728    i.GPIO_disableInterrupt  msp432p4xx_driverlib.lib(gpio.o)
    0x000010c8   0x000010c8   0x00000014   Code   RO          729    i.GPIO_enableInterrupt  msp432p4xx_driverlib.lib(gpio.o)
    0x000010dc   0x000010dc   0x00000034   Code   RO          730    i.GPIO_getEnabledInterruptStatus  msp432p4xx_driverlib.lib(gpio.o)
    0x00001110   0x00001110   0x0000002c   Code   RO          736    i.GPIO_setAsInputPinWithPullDownResistor  msp432p4xx_driverlib.lib(gpio.o)
    0x0000113c   0x0000113c   0x00000020   Code   RO          738    i.GPIO_setAsOutputPin  msp432p4xx_driverlib.lib(gpio.o)
    0x0000115c   0x0000115c   0x00000048   Code   RO          739    i.GPIO_setAsPeripheralModuleFunctionInputPin  msp432p4xx_driverlib.lib(gpio.o)
    0x000011a4   0x000011a4   0x00000048   Code   RO          740    i.GPIO_setAsPeripheralModuleFunctionOutputPin  msp432p4xx_driverlib.lib(gpio.o)
    0x000011ec   0x000011ec   0x00000014   Code   RO          743    i.GPIO_setOutputHighOnPin  msp432p4xx_driverlib.lib(gpio.o)
    0x00001200   0x00001200   0x00000014   Code   RO          744    i.GPIO_setOutputLowOnPin  msp432p4xx_driverlib.lib(gpio.o)
    0x00001214   0x00001214   0x00000064   Code   RO          779    i.Interrupt_enableInterrupt  msp432p4xx_driverlib.lib(interrupt.o)
    0x00001278   0x00001278   0x0000000e   Code   RO          780    i.Interrupt_enableMaster  msp432p4xx_driverlib.lib(interrupt.o)
    0x00001286   0x00001286   0x00000002   PAD
    0x00001288   0x00001288   0x0000005c   Code   RO          389    i.Msp432_Clock_Init  sys.o
    0x000012e4   0x000012e4   0x00000018   Code   RO          277    i.PA8_IRQHandler    ad1292.o
    0x000012fc   0x000012fc   0x0000004c   Code   RO          828    i.PCM_getCoreVoltageLevel  msp432p4xx_driverlib.lib(pcm.o)
    0x00001348   0x00001348   0x00000044   Code   RO          831    i.PCM_getPowerMode  msp432p4xx_driverlib.lib(pcm.o)
    0x0000138c   0x0000138c   0x00000008   Code   RO          840    i.PCM_setCoreVoltageLevel  msp432p4xx_driverlib.lib(pcm.o)
    0x00001394   0x00001394   0x0000001c   Code   RO            4    i.PORT3_IRQHandler  main.o
    0x000013b0   0x000013b0   0x00000024   Code   RO          514    i.SPI_Init          spi_u.o
    0x000013d4   0x000013d4   0x0000004c   Code   RO          515    i.SPI_ReadWriteByte  spi_u.o
    0x00001420   0x00001420   0x00000016   Code   RO          927    i.SPI_enableModule  msp432p4xx_driverlib.lib(spi.o)
    0x00001436   0x00001436   0x00000066   Code   RO          932    i.SPI_initMaster    msp432p4xx_driverlib.lib(spi.o)
    0x0000149c   0x0000149c   0x0000002e   Code   RO          934    i.SPI_isBusy        msp432p4xx_driverlib.lib(spi.o)
    0x000014ca   0x000014ca   0x0000000e   Code   RO          935    i.SPI_receiveData   msp432p4xx_driverlib.lib(spi.o)
    0x000014d8   0x000014d8   0x00000010   Code   RO          938    i.SPI_transmitData  msp432p4xx_driverlib.lib(spi.o)
    0x000014e8   0x000014e8   0x00000052   Code   RO          278    i.Set_ADS1292_Collect  ad1292.o
    0x0000153a   0x0000153a   0x00000002   PAD
    0x0000153c   0x0000153c   0x00000010   Code   RO         1194    i.SysCtl_disableNMISource  msp432p4xx_driverlib.lib(sysctl.o)
    0x0000154c   0x0000154c   0x00000010   Code   RO         1199    i.SysCtl_enableNMISource  msp432p4xx_driverlib.lib(sysctl.o)
    0x0000155c   0x0000155c   0x0000000c   Code   RO         1204    i.SysCtl_getNMISourceStatus  msp432p4xx_driverlib.lib(sysctl.o)
    0x00001568   0x00001568   0x00000050   Code   RO         1206    i.SysCtl_getTLVInfo  msp432p4xx_driverlib.lib(sysctl.o)
    0x000015b8   0x000015b8   0x00000098   Code   RO          229    i.SystemInit        system_msp432p401r.o
    0x00001650   0x00001650   0x0000000c   Code   RO         1001    i.UART_enableModule  msp432p4xx_driverlib.lib(uart.o)
    0x0000165c   0x0000165c   0x00000006   Code   RO         1003    i.UART_getInterruptStatus  msp432p4xx_driverlib.lib(uart.o)
    0x00001662   0x00001662   0x00000088   Code   RO         1006    i.UART_initModule   msp432p4xx_driverlib.lib(uart.o)
    0x000016ea   0x000016ea   0x00000018   Code   RO         1015    i.UART_transmitData  msp432p4xx_driverlib.lib(uart.o)
    0x00001702   0x00001702   0x00000002   PAD
    0x00001704   0x00001704   0x00000024   Code   RO          455    i.Usart_Init        usart.o
    0x00001728   0x00001728   0x00000018   Code   RO         1044    i.WDT_A_holdTimer   msp432p4xx_driverlib.lib(wdt_a.o)
    0x00001740   0x00001740   0x0000010c   Code   RO          583    i._CSComputeCLKFrequency  msp432p4xx_driverlib.lib(cs.o)
    0x0000184c   0x0000184c   0x00000020   Code   RO         1470    i.__0printf         mc_w.l(printfa.o)
    0x0000186c   0x0000186c   0x00000100   Code   RO          851    i.__PCM_setCoreVoltageLevelAdvanced  msp432p4xx_driverlib.lib(pcm.o)
    0x0000196c   0x0000196c   0x000000e4   Code   RO          852    i.__PCM_setPowerModeAdvanced  msp432p4xx_driverlib.lib(pcm.o)
    0x00001a50   0x00001a50   0x0000000e   Code   RO         1546    i.__scatterload_copy  mc_w.l(handlers.o)
    0x00001a5e   0x00001a5e   0x00000002   Code   RO         1547    i.__scatterload_null  mc_w.l(handlers.o)
    0x00001a60   0x00001a60   0x0000000e   Code   RO         1548    i.__scatterload_zeroinit  mc_w.l(handlers.o)
    0x00001a6e   0x00001a6e   0x00000002   PAD
    0x00001a70   0x00001a70   0x00000184   Code   RO         1477    i._fp_digits        mc_w.l(printfa.o)
    0x00001bf4   0x00001bf4   0x000006dc   Code   RO         1478    i._printf_core      mc_w.l(printfa.o)
    0x000022d0   0x000022d0   0x00000024   Code   RO         1479    i._printf_post_padding  mc_w.l(printfa.o)
    0x000022f4   0x000022f4   0x0000002e   Code   RO         1480    i._printf_pre_padding  mc_w.l(printfa.o)
    0x00002322   0x00002322   0x00000002   PAD
    0x00002324   0x00002324   0x00000030   Code   RO          417    i.delay_init        delay.o
    0x00002354   0x00002354   0x0000004c   Code   RO          418    i.delay_ms          delay.o
    0x000023a0   0x000023a0   0x0000004c   Code   RO          419    i.delay_us          delay.o
    0x000023ec   0x000023ec   0x00000030   Code   RO            5    i.fputc             main.o
    0x0000241c   0x0000241c   0x0000000a   Code   RO          279    i.get_volt          ad1292.o
    0x00002426   0x00002426   0x0000002e   Code   RO          940    i.is_A_Module       msp432p4xx_driverlib.lib(spi.o)
    0x00002454   0x00002454   0x0000011c   Code   RO            7    i.main              main.o
    0x00002570   0x00002570   0x00000028   Data   RO          456    .constdata          usart.o
    0x00002598   0x00002598   0x0000001c   Data   RO          516    .constdata          spi_u.o
    0x000025b4   0x000025b4   0x00000090   Data   RO          795    .constdata          msp432p4xx_driverlib.lib(interrupt.o)
    0x00002644   0x00002644   0x00000020   Data   RO         1544    Region$$Table       anon$$obj.o


    Execution Region ER_RW (Exec base: 0x20000000, Load base: 0x00002664, Size: 0x00000078, Max: 0xffffffff, ABSOLUTE)

    Exec Addr    Load Addr    Size         Type   Attr      Idx    E Section Name        Object

    0x20000000   0x00002664   0x00000038   Data   RW          281    .data               ad1292.o
    0x20000038   0x0000269c   0x00000004   Data   RW          420    .data               delay.o
    0x2000003c   0x000026a0   0x00000008   Data   RW          584    .data               msp432p4xx_driverlib.lib(cs.o)
    0x20000044   0x000026a8   0x00000030   Data   RW          748    .data               msp432p4xx_driverlib.lib(gpio.o)
    0x20000074   0x000026d8   0x00000004   Data   RW         1518    .data               mc_w.l(stdout.o)


    Execution Region ER_ZI (Exec base: 0x20000078, Load base: 0x000026dc, Size: 0x00000218, Max: 0xffffffff, ABSOLUTE)

    Exec Addr    Load Addr    Size         Type   Attr      Idx    E Section Name        Object

    0x20000078        -       0x00000015   Zero   RW          280    .bss                ad1292.o
    0x2000008d   0x000026dc   0x00000003   PAD
    0x20000090        -       0x00000200   Zero   RW          218    STACK               startup_msp432p401r_uvision.o


==============================================================================

Image component sizes


      Code (inc. data)   RO Data    RW Data    ZI Data      Debug   Object Name

      1470        194          0         56         21      13710   ad1292.o
       200         20          0          4          0       1735   delay.o
        46          0          0          0          0        480   gpio_u.o
       360         66          0          0          0      29050   main.o
       112         12         28          0          0       1717   spi_u.o
        36          8        324          0        512        868   startup_msp432p401r_uvision.o
        92          6          0          0          0        500   sys.o
       152         34          0          0          0        557   system_msp432p401r.o
        36          8         40          0          0       1042   usart.o

    ----------------------------------------------------------------------
      2512        348        424         60        536      49659   Object Totals
         0          0         32          0          0          0   (incl. Generated)
         8          0          0          0          3          0   (incl. Padding)

    ----------------------------------------------------------------------

      Code (inc. data)   RO Data    RW Data    ZI Data      Debug   Library Member Name

         0          0          0          0          0          0   entry.o
         0          0          0          0          0          0   entry10a.o
         0          0          0          0          0          0   entry11a.o
         8          4          0          0          0          0   entry2.o
         4          0          0          0          0          0   entry5.o
         0          0          0          0          0          0   entry7b.o
         0          0          0          0          0          0   entry8b.o
         8          4          0          0          0          0   entry9a.o
        30          0          0          0          0          0   handlers.o
        36          8          0          0          0         68   init.o
         0          0          0          0          0          0   iusefp.o
        30          0          0          0          0         68   llshl.o
        36          0          0          0          0         68   llsshr.o
        32          0          0          0          0         68   llushr.o
      2258         90          0          0          0        452   printfa.o
         0          0          0          4          0          0   stdout.o
        44          0          0          0          0         80   uidiv.o
        98          0          0          0          0         92   uldiv.o
        48          0          0          0          0         68   cdrcmple.o
       334          0          0          0          0        148   dadd.o
       222          0          0          0          0        100   ddiv.o
       186          0          0          0          0        176   depilogue.o
        48          0          0          0          0         68   dfixul.o
       228          0          0          0          0         96   dmul.o
        38          0          0          0          0         68   f2d.o
        38          0          0          0          0        196   cpu.o
      1254        182          0          8          0        904   cs.o
        44          6          0          0          0        116   flash.o
        16          4          0          0          0        116   fpu.o
       372         58          0         48          0       1160   gpio.o
       114          8        144          0          0        240   interrupt.o
       636        114          0          0          0        636   pcm.o
       246          0          0          0          0        744   spi.o
       124         24          0          0          0        476   sysctl.o
       178          0          0          0          0        480   uart.o
        24          6          0          0          0        116   wdt_a.o

    ----------------------------------------------------------------------
      6748        508        144         60          0       6804   Library Totals
        14          0          0          0          0          0   (incl. Padding)

    ----------------------------------------------------------------------

      Code (inc. data)   RO Data    RW Data    ZI Data      Debug   Library Name

      2584        106          0          4          0        896   mc_w.l
      1104          0          0          0          0        724   mf_w.l
      3046        402        144         56          0       5184   msp432p4xx_driverlib.lib

    ----------------------------------------------------------------------
      6748        508        144         60          0       6804   Library Totals

    ----------------------------------------------------------------------

==============================================================================


      Code (inc. data)   RO Data    RW Data    ZI Data      Debug   

      9260        856        568        120        536      49887   Grand Totals
      9260        856        568        120        536      49887   ELF Image Totals
      9260        856        568        120          0          0   ROM Totals

==============================================================================

    Total RO  Size (Code + RO Data)                 9828 (   9.60kB)
    Total RW  Size (RW Data + ZI Data)               656 (   0.64kB)
    Total ROM Size (Code + RO Data + RW Data)       9948 (   9.71kB)

==============================================================================

